--------------------------------------------------------------------------------------------------------------------
      name:  <unnamed>
       log:  C:\data\GMX_Tax_Changes\Results/Table7_Continuous_DiD.log
  log type:  text
 opened on:  29 Apr 2026, 10:46:05

. 
. *--- Column 1: State itemization rate x Post ---
. reg financial did_state treat_intensity post_tcja $controls ///
>     i.year i.statefip [aw = wt06], robust cluster(statefip)
(sum of wgt is 844,469,890,826.2)
note: did_state omitted because of collinearity.
note: treat_intensity omitted because of collinearity.
note: 2023.year omitted because of collinearity.

Linear regression                               Number of obs     =     87,779
                                                F(43, 50)         =          .
                                                Prob > F          =          .
                                                R-squared         =     0.0191
                                                Root MSE          =     34.398

                                 (Std. err. adjusted for 51 clusters in statefip)
---------------------------------------------------------------------------------
                |               Robust
      financial | Coefficient  std. err.      t    P>|t|     [95% conf. interval]
----------------+----------------------------------------------------------------
      did_state |          0  (omitted)
treat_intensity |          0  (omitted)
      post_tcja |   -.584683   .7505163    -0.78   0.440    -2.092139    .9227734
           male |    -2.1291   .4226298    -5.04   0.000    -2.977977   -1.280223
            age |   .1512564   .0538563     2.81   0.007     .0430828      .25943
          age_2 |  -.0756875   .0616682    -1.23   0.225    -.1995517    .0481766
      full_time |  -4.304817   .4418371    -9.74   0.000    -5.192273   -3.417361
 male_full_time |   .8235367   .4847233     1.70   0.096    -.1500588    1.797132
         educ_2 |   1.571349   .4067632     3.86   0.000     .7543409    2.388357
         educ_3 |   4.710655   .4472418    10.53   0.000     3.812343    5.608967
       hispanic |  -1.501364    .342915    -4.38   0.000    -2.190129   -.8125985
        married |   .3324531   .3868669     0.86   0.394    -.4445919    1.109498
          white |   5.355331   1.695283     3.16   0.003     1.950254    8.760408
          black |     2.9769   1.836222     1.62   0.111    -.7112598     6.66506
         indian |   2.866952   1.800953     1.59   0.118    -.7503683    6.484272
          asian |   .8895042   1.656142     0.54   0.594    -2.436955    4.215963
        pacific |   1.429412   2.220924     0.64   0.523    -3.031446     5.89027
    other_races |   6.767407   2.045722     3.31   0.002     2.658453    10.87636
        retired |   3.055187   .8197576     3.73   0.000     1.408655    4.701718
        hh_size |  -.4955997   .1752058    -2.83   0.007    -.8475108   -.1436885
     hh_numkids |   .5183016   .2274278     2.28   0.027     .0614993    .9751038
      ageychild |  -.0356924   .0313679    -1.14   0.261    -.0986968    .0273119
                |
      famincome |
             2  |  -.3202789   1.216375    -0.26   0.793     -2.76344    2.122882
             3  |  -.8137676   .9938166    -0.82   0.417    -2.809907    1.182372
             4  |  -.8739811   1.099782    -0.79   0.431    -3.082958    1.334995
             5  |  -1.057397   1.131815    -0.93   0.355    -3.330714    1.215919
             6  |  -.6310198   1.111699    -0.57   0.573    -2.863933    1.601893
             7  |   .0099342   .9880796     0.01   0.992    -1.974682     1.99455
             8  |   1.159032   1.144982     1.01   0.316    -1.140732    3.458795
             9  |   .9658287   .9371098     1.03   0.308    -.9164118    2.848069
            10  |   .7518314   1.039981     0.72   0.473    -1.337031    2.840694
            11  |   1.360876   .8535936     1.59   0.117    -.3536173    3.075369
            12  |   1.617288    .836716     1.93   0.059    -.0633057    3.297881
            13  |   1.859813   .8563101     2.17   0.035     .1398633    3.579762
            14  |   2.934476   .8194353     3.58   0.001     1.288592    4.580361
            15  |    3.04896   .9262907     3.29   0.002      1.18845    4.909469
            16  |   3.702467   .9807992     3.77   0.000     1.732473     5.67246
                |
           year |
          2014  |   -.737891   .5350585    -1.38   0.174    -1.812588    .3368056
          2015  |   .3746661   .5594698     0.67   0.506    -.7490619    1.498394
          2016  |   .3654447   .6603536     0.55   0.582    -.9609145    1.691804
          2017  |  -.6959625   .5637879    -1.23   0.223    -1.828364    .4364387
          2018  |   .3983822   .5958458     0.67   0.507    -.7984092    1.595174
          2019  |   1.483912   .5937599     2.50   0.016     .2913104    2.676514
          2020  |   .2600509   .6542812     0.40   0.693    -1.054112    1.574213
          2021  |   .8009544    .857043     0.93   0.355    -.9204671    2.522376
          2022  |   .6590696   .8217994     0.80   0.426     -.991563    2.309702
          2023  |          0  (omitted)
                |
       statefip |
             2  |   8.050935   .2511269    32.06   0.000     7.546531    8.555338
             4  |   1.839759   .1369443    13.43   0.000     1.564699     2.11482
             5  |   .8104155   .0724323    11.19   0.000     .6649309    .9559001
             6  |    2.78894    .174528    15.98   0.000      2.43839     3.13949
             8  |   1.552369   .1024416    15.15   0.000     1.346609    1.758129
             9  |   2.104469   .0938318    22.43   0.000     1.916002    2.292935
            10  |   .6380359   .0725036     8.80   0.000     .4924082    .7836636
            11  |  -.6652587   .2002089    -3.32   0.002     -1.06739   -.2631273
            12  |    .427207   .0895325     4.77   0.000     .2473757    .6070384
            13  |   1.654392   .0530108    31.21   0.000     1.547917    1.760867
            15  |   4.685464   .4204709    11.14   0.000     3.840923    5.530004
            16  |   2.351014   .1218687    19.29   0.000     2.106234    2.595795
            17  |  -.3224994   .0789378    -4.09   0.000    -.4810507   -.1639481
            18  |   1.132254    .085713    13.21   0.000     .9600943    1.304414
            19  |   1.243175   .1055879    11.77   0.000     1.031096    1.455255
            20  |  -.1590511   .0780802    -2.04   0.047    -.3158799   -.0022224
            21  |   .5500245   .0744765     7.39   0.000      .400434    .6996151
            22  |   .9278684    .048423    19.16   0.000     .8306079    1.025129
            23  |   2.425362   .1043612    23.24   0.000     2.215747    2.634978
            24  |   .6111205   .0920838     6.64   0.000     .4261648    .7960762
            25  |    1.16926   .1057653    11.06   0.000     .9568241    1.381696
            26  |   1.684629   .0723833    23.27   0.000     1.539242    1.830015
            27  |    1.50652   .0929026    16.22   0.000      1.31992     1.69312
            28  |  -1.537802   .0813642   -18.90   0.000    -1.701227   -1.374377
            29  |  -1.209016   .0833438   -14.51   0.000    -1.376417   -1.041615
            30  |   2.186249   .1107558    19.74   0.000      1.96379    2.408709
            31  |  -.1607767   .0903674    -1.78   0.081    -.3422849    .0207316
            32  |   2.461525   .1227028    20.06   0.000     2.215069    2.707981
            33  |  -.4885258   .1206885    -4.05   0.000    -.7309357   -.2461159
            34  |  -.5989052   .1087515    -5.51   0.000    -.8173391   -.3804714
            35  |   2.085087   .1672992    12.46   0.000     1.749057    2.421117
            36  |   1.514691   .0841564    18.00   0.000     1.345658    1.683724
            37  |   .0323074   .0482778     0.67   0.506    -.0646613    .1292761
            38  |   8.462396   .1280314    66.10   0.000     8.205237    8.719554
            39  |   .5392457   .0712058     7.57   0.000     .3962247    .6822668
            40  |   1.525947   .1216714    12.54   0.000     1.281563    1.770331
            41  |   1.600533   .1121936    14.27   0.000     1.375186    1.825881
            42  |   .5950951   .0787258     7.56   0.000     .4369696    .7532206
            44  |  -1.535026   .0935196   -16.41   0.000    -1.722865   -1.347186
            45  |   -.095683   .0413487    -2.31   0.025    -.1787343   -.0126316
            46  |  -.4547103   .1136465    -4.00   0.000     -.682976   -.2264446
            47  |   .2339155   .0638888     3.66   0.001     .1055912    .3622399
            48  |   1.297505   .1425557     9.10   0.000     1.011174    1.583837
            49  |   .3939219    .137404     2.87   0.006     .1179378    .6699061
            50  |   2.247773   .1372115    16.38   0.000     1.972176     2.52337
            51  |   1.209365   .0683725    17.69   0.000     1.072034    1.346695
            53  |   3.463356   .1097619    31.55   0.000     3.242892    3.683819
            54  |     .81912   .1241841     6.60   0.000     .5696888    1.068551
            55  |   1.013538   .0908591    11.16   0.000     .8310417    1.196033
            56  |  -.0567709   .1098215    -0.52   0.607    -.2773539    .1638121
                |
          _cons |  -3.821536   2.065571    -1.85   0.070    -7.970357    .3272854
---------------------------------------------------------------------------------

. outreg2 using "Results/Table7_Continuous_DiD.xls", ///
>     ctitle("(1) State Intensity x Post") ///
>     keep(did_state treat_intensity post_tcja $controls) ///
>     bdec(3) se replace
Results/Table7_Continuous_DiD.xls
dir : seeout

. 
. *--- Column 2: Triple interaction: state intensity x individual income x post ---
. generate did_triple = treat_intensity * treatment_ind * post_tcja

. label variable did_triple "Treat_intensity x treat_ind x post"

. 
. reg financial did_triple did_state did_ind treat_intensity treatment_ind post_tcja ///
>     $controls i.year i.statefip [aw = wt06], robust cluster(statefip)
(sum of wgt is 844,469,890,826.2)
note: did_triple omitted because of collinearity.
note: did_state omitted because of collinearity.
note: treat_intensity omitted because of collinearity.
note: 14.famincome omitted because of collinearity.
note: 2023.year omitted because of collinearity.

Linear regression                               Number of obs     =     87,779
                                                F(44, 50)         =          .
                                                Prob > F          =          .
                                                R-squared         =     0.0191
                                                Root MSE          =     34.398

                                 (Std. err. adjusted for 51 clusters in statefip)
---------------------------------------------------------------------------------
                |               Robust
      financial | Coefficient  std. err.      t    P>|t|     [95% conf. interval]
----------------+----------------------------------------------------------------
     did_triple |          0  (omitted)
      did_state |          0  (omitted)
        did_ind |  -.4944446   .4954178    -1.00   0.323     -1.48952    .5006312
treat_intensity |          0  (omitted)
  treatment_ind |   3.199475   .9406616     3.40   0.001       1.3101    5.088849
      post_tcja |  -.4255822   .7729144    -0.55   0.584    -1.978027    1.126862
           male |  -2.127103   .4229312    -5.03   0.000    -2.976585    -1.27762
            age |   .1508836   .0538582     2.80   0.007     .0427063    .2590609
          age_2 |  -.0753644   .0616802    -1.22   0.227    -.1992526    .0485239
      full_time |  -4.304613   .4415237    -9.75   0.000     -5.19144   -3.417787
 male_full_time |   .8217996   .4843811     1.70   0.096    -.1511084    1.794708
         educ_2 |   1.569097   .4067565     3.86   0.000     .7521024    2.386091
         educ_3 |   4.707907   .4467622    10.54   0.000     3.810559    5.605255
       hispanic |  -1.499391   .3425973    -4.38   0.000    -2.187518   -.8112643
        married |   .3314934   .3865343     0.86   0.395    -.4448835     1.10787
          white |   5.352484   1.691348     3.16   0.003     1.955311    8.749657
          black |   2.975872   1.833025     1.62   0.111    -.7058667    6.657611
         indian |   2.859234   1.797652     1.59   0.118    -.7514554    6.469924
          asian |   .8899626   1.650465     0.54   0.592    -2.425094     4.20502
        pacific |   1.422737   2.211514     0.64   0.523    -3.019218    5.864693
    other_races |   6.765406   2.045652     3.31   0.002     2.656592    10.87422
        retired |   3.056786   .8198979     3.73   0.000     1.409972    4.703599
        hh_size |  -.4958742   .1753191    -2.83   0.007    -.8480129   -.1437355
     hh_numkids |   .5192461   .2271064     2.29   0.027     .0630894    .9754028
      ageychild |  -.0361168   .0311814    -1.16   0.252    -.0987465    .0265128
                |
      famincome |
             2  |  -.3114718   1.220224    -0.26   0.800    -2.762363     2.13942
             3  |  -.8098809    .995544    -0.81   0.420     -2.80949    1.189728
             4  |  -.8710567   1.099938    -0.79   0.432    -3.080347    1.338234
             5  |  -1.054048   1.133711    -0.93   0.357    -3.331174    1.223078
             6  |  -.6255675   1.111837    -0.56   0.576    -2.858757    1.607622
             7  |   .0084347   .9874696     0.01   0.993    -1.974956    1.991826
             8  |   1.160098   1.144627     1.01   0.316    -1.138953    3.459149
             9  |    .963198   .9354559     1.03   0.308    -.9157205    2.842117
            10  |   .7421211   1.038904     0.71   0.478     -1.34458    2.828822
            11  |   1.356109   .8528204     1.59   0.118    -.3568314    3.069049
            12  |  -1.326073   .5837957    -2.27   0.027    -2.498661   -.1534844
            13  |  -1.079923   .3519762    -3.07   0.003    -1.786888   -.3729577
            14  |          0  (omitted)
            15  |   3.032621   .9204445     3.29   0.002     1.183853    4.881388
            16  |   3.676038   .9690526     3.79   0.000     1.729638    5.622437
                |
           year |
          2014  |  -.7344157   .5351337    -1.37   0.176    -1.809263    .3404319
          2015  |   .3731568   .5594251     0.67   0.508    -.7504816    1.496795
          2016  |   .3650231   .6613812     0.55   0.583    -.9634001    1.693446
          2017  |  -.6941987   .5635411    -1.23   0.224    -1.826104    .4377069
          2018  |   .4010846    .597201     0.67   0.505    -.7984288    1.600598
          2019  |   1.485739   .5940734     2.50   0.016     .2925077    2.678971
          2020  |   .2615635   .6552639     0.40   0.691    -1.054573      1.5777
          2021  |   .8017609   .8570691     0.94   0.354    -.9197131    2.523235
          2022  |   .6594317   .8212445     0.80   0.426    -.9900863     2.30895
          2023  |          0  (omitted)
                |
       statefip |
             2  |   8.068942   .2537783    31.80   0.000     7.559213    8.578671
             4  |   1.843945   .1376269    13.40   0.000     1.567514    2.120377
             5  |   .8033794   .0695276    11.55   0.000      .663729    .9430298
             6  |   2.787231   .1743261    15.99   0.000     2.437087    3.137375
             8  |   1.552154   .1023121    15.17   0.000     1.346654    1.757654
             9  |   2.102901   .0935403    22.48   0.000      1.91502    2.290782
            10  |   .6308287   .0717242     8.80   0.000     .4867664    .7748911
            11  |  -.6699829   .2005036    -3.34   0.002    -1.072706   -.2672596
            12  |   .4276661    .089588     4.77   0.000     .2477232     .607609
            13  |   1.655036   .0532852    31.06   0.000      1.54801    1.762063
            15  |   4.679392   .4188371    11.17   0.000     3.838133    5.520651
            16  |   2.343999   .1195148    19.61   0.000     2.103946    2.584052
            17  |   -.327243   .0782213    -4.18   0.000    -.4843552   -.1701309
            18  |   1.128484    .084444    13.36   0.000     .9588732    1.298095
            19  |   1.240111   .1046179    11.85   0.000     1.029979    1.450242
            20  |  -.1722489   .0732822    -2.35   0.023    -.3194405   -.0250574
            21  |   .5476762   .0739643     7.40   0.000     .3991146    .6962379
            22  |   .9310973   .0491359    18.95   0.000      .832405     1.02979
            23  |    2.40707   .1062075    22.66   0.000     2.193746    2.620394
            24  |   .6132896   .0917098     6.69   0.000      .429085    .7974941
            25  |   1.167403    .105697    11.04   0.000     .9551043    1.379702
            26  |   1.682937   .0721429    23.33   0.000     1.538033     1.82784
            27  |   1.500857   .0918673    16.34   0.000     1.316336    1.685378
            28  |  -1.536028   .0812354   -18.91   0.000    -1.699194   -1.372862
            29  |  -1.208035   .0836614   -14.44   0.000    -1.376074   -1.039996
            30  |   2.167954   .1053011    20.59   0.000     1.956451    2.379458
            31  |  -.1696531   .0895328    -1.89   0.064     -.349485    .0101788
            32  |   2.461014   .1226871    20.06   0.000      2.21459    2.707438
            33  |  -.4809801   .1225747    -3.92   0.000    -.7271785   -.2347817
            34  |  -.6016004   .1087432    -5.53   0.000    -.8200175   -.3831834
            35  |   2.075347   .1654615    12.54   0.000     1.743008    2.407686
            36  |   1.511208   .0838411    18.02   0.000     1.342808    1.679608
            37  |   .0268689    .047615     0.56   0.575    -.0687687    .1225064
            38  |   8.462299   .1278312    66.20   0.000     8.205543    8.719056
            39  |   .5408078   .0718812     7.52   0.000     .3964301    .6851855
            40  |   1.520968   .1203138    12.64   0.000     1.279311    1.762625
            41  |   1.600048   .1119961    14.29   0.000     1.375097    1.824998
            42  |   .5893119   .0776882     7.59   0.000     .4332706    .7453532
            44  |  -1.539289    .092547   -16.63   0.000    -1.725175   -1.353403
            45  |    -.10253   .0410117    -2.50   0.016    -.1849045   -.0201555
            46  |  -.4653976   .1135431    -4.10   0.000    -.6934555   -.2373397
            47  |   .2343426   .0641553     3.65   0.001     .1054828    .3632023
            48  |   1.289471   .1409444     9.15   0.000     1.006376    1.572567
            49  |   .3919197   .1366765     2.87   0.006     .1173969    .6664424
            50  |    2.24045   .1351005    16.58   0.000     1.969093    2.511807
            51  |   1.211328   .0684173    17.70   0.000     1.073908    1.348748
            53  |   3.464842   .1104391    31.37   0.000     3.243018    3.686665
            54  |   .8137237   .1224358     6.65   0.000     .5678042    1.059643
            55  |   1.010927   .0902907    11.20   0.000     .8295726    1.192281
            56  |  -.0589913   .1090957    -0.54   0.591    -.2781165    .1601339
                |
          _cons |  -3.882348   2.066841    -1.88   0.066     -8.03372    .2690244
---------------------------------------------------------------------------------

. outreg2 using "Results/Table7_Continuous_DiD.xls", ///
>     ctitle("(2) Triple Interaction") ///
>     keep(did_triple did_state did_ind treat_intensity treatment_ind post_tcja $controls) ///
>     bdec(3) se append
Results/Table7_Continuous_DiD.xls
dir : seeout

. 
. log close
      name:  <unnamed>
       log:  C:\data\GMX_Tax_Changes\Results/Table7_Continuous_DiD.log
  log type:  text
 closed on:  29 Apr 2026, 10:46:06
--------------------------------------------------------------------------------------------------------------------
