--------------------------------------------------------------------------------------------------------------------
      name:  <unnamed>
       log:  C:\data\GMX_Tax_Changes\Results/Table6_Heterogeneity.log
  log type:  text
 opened on:  29 Apr 2026, 10:44:03

. 
. *--- By education ---
. foreach educ_grp in 1 2 3 {
  2.     local educ_lbl = cond(`educ_grp'==1, "Less than HS", ///
>                      cond(`educ_grp'==2, "Some College", "College+"))
  3.     preserve
  4.     keep if educ_`educ_grp' == 1
  5.     reg financial did_ind treatment_ind post_tcja $controls_noinc ///
>         i.year i.statefip [aw = wt06], robust cluster(statefip)
  6.     outreg2 using "Results/Table6_Heterogeneity.xls", ///
>         ctitle("Educ: `educ_lbl'") ///
>         keep(did_ind treatment_ind post_tcja $controls_noinc) ///
>         addtext("Education group","`educ_lbl'") bdec(3) se append
  7.     restore
  8. }
(77,400 observations deleted)
(sum of wgt is 126,664,847,706.8)
note: educ_2 omitted because of collinearity.
note: educ_3 omitted because of collinearity.
note: 2023.year omitted because of collinearity.

Linear regression                               Number of obs     =     10,379
                                                F(28, 50)         =          .
                                                Prob > F          =          .
                                                R-squared         =     0.0399
                                                Root MSE          =     22.359

                                (Std. err. adjusted for 51 clusters in statefip)
--------------------------------------------------------------------------------
               |               Robust
     financial | Coefficient  std. err.      t    P>|t|     [95% conf. interval]
---------------+----------------------------------------------------------------
       did_ind |   1.026238   1.358138     0.76   0.453    -1.701663     3.75414
 treatment_ind |   .3759072   .8909819     0.42   0.675    -1.413683    2.165497
     post_tcja |   .6286012   2.036066     0.31   0.759    -3.460957     4.71816
          male |  -.8892225    .604712    -1.47   0.148    -2.103822    .3253774
           age |   .0782511   .0613871     1.27   0.208    -.0450484    .2015507
         age_2 |  -.1130156   .0692473    -1.63   0.109    -.2521029    .0260717
     full_time |   .5229384   1.076005     0.49   0.629    -1.638281    2.684158
male_full_time |  -.9291078   1.277295    -0.73   0.470    -3.494631    1.636415
        educ_2 |          0  (omitted)
        educ_3 |          0  (omitted)
      hispanic |  -1.640806   .5975813    -2.75   0.008    -2.841083   -.4405284
       married |   1.812173   .7097392     2.55   0.014     .3866195    3.237726
         white |   2.822247   1.250021     2.26   0.028     .3115068    5.332987
         black |   1.546965   1.471597     1.05   0.298    -1.408823    4.502754
        indian |   .9583648   1.992394     0.48   0.633    -3.043477    4.960207
         asian |   1.153989   1.768669     0.65   0.517    -2.398487    4.706465
       pacific |  -.5340143   1.673177    -0.32   0.751     -3.89469    2.826661
   other_races |   6.100965   3.221807     1.89   0.064    -.3702259    12.57216
       retired |   2.718223    1.50756     1.80   0.077    -.3097992    5.746246
       hh_size |  -.2699588   .2451175    -1.10   0.276    -.7622917    .2223741
    hh_numkids |  -.1036107   .2486706    -0.42   0.679    -.6030803     .395859
     ageychild |  -.0020488   .0458649    -0.04   0.965    -.0941712    .0900737
               |
          year |
         2014  |  -.3400959    .888806    -0.38   0.704    -2.125315    1.445123
         2015  |   .0055812   .9244519     0.01   0.995    -1.851235    1.862397
         2016  |   .1544334     .77703     0.20   0.843    -1.406277    1.715144
         2017  |  -.5239054   .8186692    -0.64   0.525    -2.168251     1.12044
         2018  |  -1.189784   1.540715    -0.77   0.444    -4.284402    1.904834
         2019  |  -.8290925   1.411391    -0.59   0.560    -3.663954    2.005769
         2020  |  -.8188068   2.033716    -0.40   0.689    -4.903646    3.266032
         2021  |  -.3700405   1.683538    -0.22   0.827    -3.751527    3.011446
         2022  |   .7859387   2.761966     0.28   0.777    -4.761634    6.333511
         2023  |          0  (omitted)
               |
      statefip |
            2  |  -3.374145   1.063374    -3.17   0.003    -5.509994   -1.238296
            4  |   1.593712   .4218175     3.78   0.000     .7464667    2.440957
            5  |  -.4165092   .2617441    -1.59   0.118    -.9422376    .1092192
            6  |   1.191259   .4811033     2.48   0.017     .2249345    2.157583
            8  |  -1.533417   .4274072    -3.59   0.001    -2.391889    -.674944
            9  |    3.46045   .3680463     9.40   0.000     2.721207    4.199692
           10  |  -.9629431   .3587537    -2.68   0.010    -1.683521    -.242365
           11  |   6.228526   .5689125    10.95   0.000     5.085831     7.37122
           12  |     2.0262   .2883072     7.03   0.000     1.447118    2.605282
           13  |  -1.671932   .1717332    -9.74   0.000    -2.016869   -1.326996
           15  |   -1.68794   .8190276    -2.06   0.045    -3.333005   -.0428746
           16  |  -.9157919   .4288537    -2.14   0.038     -1.77717   -.0544139
           17  |   -.778886   .3016036    -2.58   0.013    -1.384675   -.1730973
           18  |  -1.335753   .2098342    -6.37   0.000    -1.757217    -.914288
           19  |    2.21644   .3865271     5.73   0.000     1.440077    2.992802
           20  |   1.152609   .2972989     3.88   0.000      .555467    1.749752
           21  |  -.8044199   .3015193    -2.67   0.010    -1.410039   -.1988007
           22  |   .3430159   .1744364     1.97   0.055    -.0073499    .6933816
           23  |  -3.464297   .4178375    -8.29   0.000    -4.303548   -2.625046
           24  |   2.512441    .321492     7.81   0.000     1.866705    3.158177
           25  |  -1.647244   .2623922    -6.28   0.000    -2.174274   -1.120213
           26  |    -.99967   .2309844    -4.33   0.000    -1.463616   -.5357241
           27  |   -.485644   .4044834    -1.20   0.236    -1.298073    .3267848
           28  |  -.3239736   .3070344    -1.06   0.296    -.9406704    .2927232
           29  |  -1.610024   .2710047    -5.94   0.000    -2.154353   -1.065695
           30  |  -.2063723   .4591652    -0.45   0.655    -1.128633    .7158883
           31  |  -1.919079   .3654143    -5.25   0.000    -2.653036   -1.185123
           32  |   1.078511   .4047384     2.66   0.010     .2655704    1.891452
           33  |  -1.133334    .295011    -3.84   0.000    -1.725881   -.5407873
           34  |   2.026212   .4541488     4.46   0.000     1.114027    2.938397
           35  |  -.0367163   .5857899    -0.06   0.950     -1.21331    1.139877
           36  |   .5828281    .417636     1.40   0.169    -.2560184    1.421675
           37  |  -.1867599   .2171464    -0.86   0.394    -.6229112    .2493914
           38  |   146.2022   .6075826   240.63   0.000     144.9818    147.4226
           39  |  -1.738755   .2488288    -6.99   0.000    -2.238542   -1.238968
           40  |  -.5578025   .3848821    -1.45   0.154    -1.330861     .215256
           41  |   2.300371   .3606239     6.38   0.000     1.576036    3.024705
           42  |   2.342102   .2345286     9.99   0.000     1.871037    2.813167
           44  |   .4156619   .3584388     1.16   0.252    -.3042835    1.135607
           45  |   .6572106   .2168961     3.03   0.004      .221562    1.092859
           46  |  -3.408902   .3661862    -9.31   0.000    -4.144409   -2.673395
           47  |   1.482641   .2111053     7.02   0.000     1.058623    1.906658
           48  |    .771859   .4157404     1.86   0.069    -.0631801    1.606898
           49  |   .4678498   .4067223     1.15   0.255    -.3490758    1.284776
           50  |  -6.477929   1.101935    -5.88   0.000    -8.691229   -4.264628
           51  |  -.7056376   .2112115    -3.34   0.002    -1.129868   -.2814069
           53  |   4.528547   .3921636    11.55   0.000     3.740863     5.31623
           54  |   -2.53473   .3994172    -6.35   0.000    -3.336983   -1.732477
           55  |   -.675922   .3569764    -1.89   0.064     -1.39293    .0410861
           56  |   6.482942   .3742045    17.32   0.000      5.73133    7.234554
               |
         _cons |   1.255641   2.340053     0.54   0.594    -3.444494    5.955776
--------------------------------------------------------------------------------
Results/Table6_Heterogeneity.xls
dir : seeout
(66,661 observations deleted)
(sum of wgt is 239,692,531,200.6)
note: educ_2 omitted because of collinearity.
note: educ_3 omitted because of collinearity.
note: 2023.year omitted because of collinearity.

Linear regression                               Number of obs     =     21,118
                                                F(28, 50)         =          .
                                                Prob > F          =          .
                                                R-squared         =     0.0151
                                                Root MSE          =     30.655

                                (Std. err. adjusted for 51 clusters in statefip)
--------------------------------------------------------------------------------
               |               Robust
     financial | Coefficient  std. err.      t    P>|t|     [95% conf. interval]
---------------+----------------------------------------------------------------
       did_ind |  -.2109664    1.37261    -0.15   0.878    -2.967935    2.546003
 treatment_ind |   .7066126   .8271214     0.85   0.397    -.9547097    2.367935
     post_tcja |   -.335299   1.272529    -0.26   0.793     -2.89125    2.220652
          male |  -4.422806   .6698681    -6.60   0.000    -5.768276   -3.077337
           age |  -.0436447   .0869037    -0.50   0.618     -.218196    .1309065
         age_2 |   .1174658   .0967579     1.21   0.230    -.0768781    .3118097
     full_time |  -3.048014   .8878388    -3.43   0.001    -4.831291   -1.264738
male_full_time |   3.421212   .8817843     3.88   0.000     1.650096    5.192328
        educ_2 |          0  (omitted)
        educ_3 |          0  (omitted)
      hispanic |  -1.706268   .6289905    -2.71   0.009    -2.969633   -.4429034
       married |   .6395218   .4347225     1.47   0.148    -.2336441    1.512688
         white |   5.783982   1.080371     5.35   0.000     3.613994    7.953971
         black |   2.723732   1.339908     2.03   0.047     .0324478    5.415016
        indian |   2.185271   1.626181     1.34   0.185    -1.081009    5.451551
         asian |   .6759885   1.112794     0.61   0.546    -1.559124    2.911101
       pacific |   3.929697   3.647035     1.08   0.286    -3.395589    11.25498
   other_races |   5.267235   1.475066     3.57   0.001     2.304479    8.229992
       retired |   .6791961   1.106665     0.61   0.542    -1.543605    2.901997
       hh_size |  -.4243134   .3363897    -1.26   0.213    -1.099972    .2513452
    hh_numkids |   .6403113   .4221287     1.52   0.136    -.2075591    1.488182
     ageychild |  -.0438121   .0833659    -0.53   0.602    -.2112575    .1236334
               |
          year |
         2014  |   .1348714   .8955873     0.15   0.881    -1.663969    1.933711
         2015  |   .3684018   1.223435     0.30   0.765     -2.08894    2.825744
         2016  |  -.0333129   1.021297    -0.03   0.974    -2.084648    2.018022
         2017  |   -1.40759   .8794534    -1.60   0.116    -3.174024    .3588446
         2018  |   .4326569   .8494905     0.51   0.613    -1.273595    2.138909
         2019  |   1.384191   1.136754     1.22   0.229    -.8990467    3.667428
         2020  |  -.7302517    1.15094    -0.63   0.529    -3.041982    1.581479
         2021  |    .695055   1.957596     0.36   0.724    -3.236893    4.627003
         2022  |  -.9012197   1.093217    -0.82   0.414    -3.097011    1.294572
         2023  |          0  (omitted)
               |
      statefip |
            2  |   .8285741   .6485256     1.28   0.207    -.4740279    2.131176
            4  |  -.0628549    .272136    -0.23   0.818    -.6094562    .4837464
            5  |   1.763234   .1389772    12.69   0.000      1.48409    2.042378
            6  |   1.375064   .3477032     3.95   0.000     .6766817    2.073447
            8  |    .011036   .3014745     0.04   0.971    -.5944932    .6165653
            9  |   1.393023   .2161633     6.44   0.000     .9588458    1.827199
           10  |   2.582728   .1866218    13.84   0.000     2.207887    2.957569
           11  |  -2.258537   .9443288    -2.39   0.021    -4.155278   -.3617971
           12  |   -1.07772   .2074982    -5.19   0.000    -1.494492   -.6609474
           13  |   2.606509   .1183205    22.03   0.000     2.368856    2.844163
           15  |   1.235038   .9814328     1.26   0.214    -.7362282    3.206303
           16  |  -.9023611   .2729597    -3.31   0.002    -1.450617   -.3541054
           17  |  -1.970322   .1682921   -11.71   0.000    -2.308347   -1.632297
           18  |  -.7245817   .1955263    -3.71   0.001    -1.117308   -.3318555
           19  |  -.8330921   .2201954    -3.78   0.000    -1.275368   -.3908166
           20  |  -4.560853   .2084994   -21.87   0.000    -4.979636    -4.14207
           21  |  -1.021891    .170509    -5.99   0.000    -1.364369    -.679414
           22  |  -1.966432   .0923324   -21.30   0.000    -2.151887   -1.780977
           23  |  -5.276118   .2684697   -19.65   0.000    -5.815355    -4.73688
           24  |  -1.187348   .1306431    -9.09   0.000    -1.449752   -.9249434
           25  |  -.9473817   .2228925    -4.25   0.000    -1.395075   -.4996889
           26  |  -.2265837   .1453447    -1.56   0.125    -.5185171    .0653496
           27  |   .3364049   .2305921     1.46   0.151     -.126753    .7995628
           28  |  -.9729572   .1300478    -7.48   0.000    -1.234166   -.7117484
           29  |  -2.157022   .1802732   -11.97   0.000    -2.519111   -1.794932
           30  |   4.133387   .2565023    16.11   0.000     3.618187    4.648587
           31  |  -.9392971   .2482533    -3.78   0.000    -1.437929   -.4406655
           32  |  -.3176358    .298004    -1.07   0.292    -.9161945    .2809229
           33  |   3.995313   .2316736    17.25   0.000     3.529983    4.460643
           34  |  -2.515224   .1999002   -12.58   0.000    -2.916735   -2.113713
           35  |   2.855381   .3696368     7.72   0.000     2.112944    3.597819
           36  |  -.7377812    .133266    -5.54   0.000    -1.005454   -.4701087
           37  |  -2.019364   .1388205   -14.55   0.000    -2.298193   -1.740535
           38  |   5.039418   .3359831    15.00   0.000     4.364576     5.71426
           39  |   .7900972   .1492705     5.29   0.000     .4902785    1.089916
           40  |  -.4264849   .2198009    -1.94   0.058    -.8679679    .0149982
           41  |   .2713773   .3135936     0.87   0.391     -.358494    .9012485
           42  |  -.7524552   .1733747    -4.34   0.000    -1.100689   -.4042218
           44  |  -3.117044   .3039706   -10.25   0.000    -3.727586   -2.506501
           45  |  -1.842939   .1115662   -16.52   0.000    -2.067026   -1.618852
           46  |   4.888668   .2893394    16.90   0.000     4.307513    5.469823
           47  |  -.2641053   .1569987    -1.68   0.099    -.5794464    .0512358
           48  |   .2611938   .2931299     0.89   0.377     -.327575    .8499626
           49  |   -4.24057   .3352439   -12.65   0.000    -4.913928   -3.567213
           50  |  -4.703362    .247604   -19.00   0.000     -5.20069   -4.206035
           51  |   3.561432   .1287051    27.67   0.000      3.30292    3.819944
           53  |   3.430728   .2878276    11.92   0.000      2.85261    4.008847
           54  |  -3.812743   .2140622   -17.81   0.000      -4.2427   -3.382787
           55  |     1.3085   .2222189     5.89   0.000     .8621602     1.75484
           56  |  -1.341565    .319966    -4.19   0.000    -1.984235   -.6988939
               |
         _cons |   4.228052   2.023036     2.09   0.042     .1646642    8.291439
--------------------------------------------------------------------------------
Results/Table6_Heterogeneity.xls
dir : seeout
(31,497 observations deleted)
(sum of wgt is 478,112,511,918.9)
note: educ_2 omitted because of collinearity.
note: educ_3 omitted because of collinearity.
note: 2023.year omitted because of collinearity.

Linear regression                               Number of obs     =     56,282
                                                F(28, 50)         =          .
                                                Prob > F          =          .
                                                R-squared         =     0.0191
                                                Root MSE          =     38.458

                                (Std. err. adjusted for 51 clusters in statefip)
--------------------------------------------------------------------------------
               |               Robust
     financial | Coefficient  std. err.      t    P>|t|     [95% conf. interval]
---------------+----------------------------------------------------------------
       did_ind |  -1.354795   .6474802    -2.09   0.041    -2.655297   -.0542923
 treatment_ind |   .6625321    .466009     1.42   0.161    -.2734745    1.598539
     post_tcja |   .3300886   1.107008     0.30   0.767    -1.893403     2.55358
          male |   -1.47126   .7724475    -1.90   0.063    -3.022767    .0802465
           age |   .3136906   .0834277     3.76   0.000     .1461211    .4812601
         age_2 |  -.2199592   .0914954    -2.40   0.020    -.4037332   -.0361853
     full_time |  -4.574863   .6003681    -7.62   0.000    -5.780738   -3.368988
male_full_time |  -.3392131   .8450718    -0.40   0.690     -2.03659    1.358164
        educ_2 |          0  (omitted)
        educ_3 |          0  (omitted)
      hispanic |  -2.617691   .3858458    -6.78   0.000    -3.392685   -1.842696
       married |   .6647213   .4795022     1.39   0.172    -.2983872     1.62783
         white |   6.159978   2.397375     2.57   0.013     1.344708    10.97525
         black |   3.220082   2.488415     1.29   0.202    -1.778046     8.21821
        indian |    3.77255   2.912095     1.30   0.201    -2.076565    9.621665
         asian |   1.549606    2.46665     0.63   0.533    -3.404806    6.504019
       pacific |   1.107016   2.877126     0.38   0.702    -4.671862    6.885893
   other_races |   7.925214   3.122897     2.54   0.014     1.652691    14.19774
       retired |   4.608547   1.002711     4.60   0.000     2.594543     6.62255
       hh_size |  -.2011635    .255422    -0.79   0.435    -.7141936    .3118667
    hh_numkids |   .1370145   .3036464     0.45   0.654    -.4728773    .7469063
     ageychild |  -.0480528   .0383905    -1.25   0.217    -.1251624    .0290569
               |
          year |
         2014  |  -1.314486   .8263853    -1.59   0.118    -2.974329    .3453582
         2015  |    .466404    .865259     0.54   0.592     -1.27152    2.204328
         2016  |   .8272483   .9846031     0.84   0.405    -1.150385    2.804882
         2017  |  -.1667173   .8329162    -0.20   0.842    -1.839679    1.506244
         2018  |   .0982842   .9638533     0.10   0.919    -1.837672     2.03424
         2019  |   1.583931   .9078274     1.74   0.087    -.2394943    3.407356
         2020  |   .5516621   .9000118     0.61   0.543    -1.256065    2.359389
         2021  |   .7885263   .9910833     0.80   0.430    -1.202123    2.779176
         2022  |   1.124373   .9755718     1.15   0.255    -.8351203    3.083867
         2023  |          0  (omitted)
               |
      statefip |
            2  |   13.56148   .1882549    72.04   0.000     13.18336     13.9396
            4  |   2.921882   .1150372    25.40   0.000     2.690823    3.152941
            5  |   .1767763   .0761782     2.32   0.024     .0237679    .3297847
            6  |   4.736487   .1224031    38.70   0.000     4.490633    4.982341
            8  |    3.44351    .096742    35.59   0.000     3.249198    3.637822
            9  |   3.320525   .1057639    31.40   0.000     3.108092    3.532958
           10  |   .4171944   .0984721     4.24   0.000     .2194073    .6149815
           11  |   1.113594   .2020433     5.51   0.000     .7077784     1.51941
           12  |   .9376125    .094064     9.97   0.000     .7486795    1.126546
           13  |   2.389319   .0917488    26.04   0.000     2.205037    2.573602
           15  |   8.005349   .4268354    18.76   0.000     7.148024    8.862673
           16  |   4.997827    .105092    47.56   0.000     4.786743     5.20891
           17  |   1.170622   .0764613    15.31   0.000     1.017045    1.324199
           18  |   3.316522   .0830347    39.94   0.000     3.149742    3.483302
           19  |   2.656956   .1125032    23.62   0.000     2.430987    2.882925
           20  |   1.653479   .0843314    19.61   0.000     1.484094    1.822863
           21  |    1.89322   .0795922    23.79   0.000     1.733355    2.053086
           22  |   3.054922   .0758053    40.30   0.000     2.902662    3.207181
           23  |   8.323507   .1399573    59.47   0.000     8.042394    8.604619
           24  |   2.331078   .0959916    24.28   0.000     2.138273    2.523883
           25  |   3.435685   .0910589    37.73   0.000     3.252787    3.618582
           26  |   3.672611     .08342    44.03   0.000     3.505057    3.840165
           27  |   3.051264   .0958405    31.84   0.000     2.858763    3.243765
           28  |  -3.121486   .0906824   -34.42   0.000    -3.303627   -2.939345
           29  |  -.3847055    .076998    -5.00   0.000    -.5393605   -.2300504
           30  |   1.379652   .1246192    11.07   0.000     1.129347    1.629957
           31  |   .8370532   .1045499     8.01   0.000     .6270586    1.047048
           32  |   4.070175   .1236862    32.91   0.000     3.821744    4.318606
           33  |  -3.090974    .127998   -24.15   0.000    -3.348066   -2.833883
           34  |   .9624269   .0992763     9.69   0.000     .7630246    1.161829
           35  |   2.598621   .1570929    16.54   0.000     2.283091    2.914151
           36  |   3.517427   .0743926    47.28   0.000     3.368005    3.666849
           37  |   1.081374    .054143    19.97   0.000     .9726247    1.190123
           38  |   1.134865    .151547     7.49   0.000     .8304739    1.439256
           39  |    1.02903    .075043    13.71   0.000     .8783019    1.179759
           40  |   3.180218   .1494344    21.28   0.000      2.88007    3.480366
           41  |   2.110767    .099662    21.18   0.000      1.91059    2.310944
           42  |   1.409459   .0748504    18.83   0.000     1.259117      1.5598
           44  |  -.3402818    .089325    -3.81   0.000    -.5196963   -.1608672
           45  |   .8526974   .0578637    14.74   0.000     .7364747    .9689201
           46  |  -2.088761   .1592088   -13.12   0.000    -2.408541    -1.76898
           47  |  -.1844472   .0595713    -3.10   0.003    -.3040998   -.0647947
           48  |   2.321725   .1097709    21.15   0.000     2.101243    2.542206
           49  |   2.524938   .1546111    16.33   0.000     2.214393    2.835484
           50  |   7.390411   .1545275    47.83   0.000     7.080034    7.700789
           51  |   1.491201   .0722996    20.63   0.000     1.345983    1.636419
           53  |   3.846079   .1143917    33.62   0.000     3.616316    4.075841
           54  |   6.494805   .1487707    43.66   0.000     6.195991     6.79362
           55  |   1.483379   .0977056    15.18   0.000     1.287131    1.679626
           56  |  -.9222471    .190093    -4.85   0.000     -1.30406   -.5404341
               |
         _cons |  -4.076374   2.785123    -1.46   0.150    -9.670459     1.51771
--------------------------------------------------------------------------------
Results/Table6_Heterogeneity.xls
dir : seeout

. 
. *--- By income tercile ---
. xtile inc_tercile = famincome, nq(3)

. forvalues t = 1/3 {
  2.     preserve
  3.     keep if inc_tercile == `t'
  4.     reg financial did_ind treatment_ind post_tcja $controls_noinc ///
>         i.year i.statefip [aw = wt06], robust cluster(statefip)
  5.     outreg2 using "Results/Table6_Heterogeneity.xls", ///
>         ctitle("Income Tercile `t'") ///
>         keep(did_ind treatment_ind post_tcja $controls_noinc) ///
>         addtext("Income tercile","`t'") bdec(3) se append
  6.     restore
  7. }
(56,132 observations deleted)
(sum of wgt is 269,339,125,560.1)
note: did_ind omitted because of collinearity.
note: treatment_ind omitted because of collinearity.
note: 2023.year omitted because of collinearity.

Linear regression                               Number of obs     =     31,647
                                                F(28, 50)         =          .
                                                Prob > F          =          .
                                                R-squared         =     0.0178
                                                Root MSE          =     31.966

                                (Std. err. adjusted for 51 clusters in statefip)
--------------------------------------------------------------------------------
               |               Robust
     financial | Coefficient  std. err.      t    P>|t|     [95% conf. interval]
---------------+----------------------------------------------------------------
       did_ind |          0  (omitted)
 treatment_ind |          0  (omitted)
     post_tcja |    -1.2027   1.177003    -1.02   0.312    -3.566781    1.161381
          male |  -3.310048    .722024    -4.58   0.000    -4.760276    -1.85982
           age |   .0585578   .0802038     0.73   0.469    -.1025363    .2196519
         age_2 |   .0128529   .0884956     0.15   0.885    -.1648959    .1906016
     full_time |  -3.084456   .8468969    -3.64   0.001    -4.785498   -1.383413
male_full_time |   3.043231   .8528928     3.57   0.001     1.330145    4.756316
        educ_2 |   2.537635    .640766     3.96   0.000     1.250619    3.824651
        educ_3 |   4.984011   .6198561     8.04   0.000     3.738993    6.229028
      hispanic |  -1.749582   .4421403    -3.96   0.000    -2.637647    -.861517
       married |   .2475284   .4697945     0.53   0.601    -.6960815    1.191138
         white |   .8316502   3.075729     0.27   0.788    -5.346133    7.009433
         black |  -1.594332   3.123079    -0.51   0.612     -7.86722    4.678556
        indian |  -.6719825   3.284208    -0.20   0.839    -7.268509    5.924544
         asian |  -2.520373   3.190967    -0.79   0.433    -8.929619    3.888872
       pacific |    1.30382   4.697841     0.28   0.783    -8.132071    10.73971
   other_races |   1.777746   3.758737     0.47   0.638    -5.771899     9.32739
       retired |   1.888406   .9626723     1.96   0.055    -.0451779     3.82199
       hh_size |  -.5476749   .2978717    -1.84   0.072    -1.145968    .0506181
    hh_numkids |   .5748979   .3084596     1.86   0.068    -.0446615    1.194457
     ageychild |   .0113924   .0459898     0.25   0.805    -.0809808    .1037657
               |
          year |
         2014  |  -1.140385   .8432117    -1.35   0.182    -2.834025    .5532556
         2015  |     .51506   .9287393     0.55   0.582    -1.350368    2.380488
         2016  |  -.2687401   .8954173    -0.30   0.765    -2.067239    1.529758
         2017  |  -1.336744   .7623976    -1.75   0.086    -2.868065    .1945765
         2018  |   .3155699   1.197205     0.26   0.793    -2.089088    2.720228
         2019  |   1.046391   1.326528     0.79   0.434    -1.618019    3.710801
         2020  |  -.0888388   1.065344    -0.08   0.934    -2.228646    2.050968
         2021  |  -.3595597   1.471645    -0.24   0.808    -3.315445    2.596326
         2022  |   .5768265   1.372266     0.42   0.676    -2.179451    3.333104
         2023  |          0  (omitted)
               |
      statefip |
            2  |  -2.306307   .6898588    -3.34   0.002     -3.69193    -.920685
            4  |   4.244445   .2405467    17.64   0.000     3.761292    4.727597
            5  |   1.665664   .1164343    14.31   0.000     1.431799     1.89953
            6  |   2.970118   .3925933     7.57   0.000     2.181571    3.758665
            8  |   2.548909   .2034468    12.53   0.000     2.140274    2.957544
            9  |   2.515432   .2241493    11.22   0.000     2.065215    2.965649
           10  |  -3.719032   .1822095   -20.41   0.000    -4.085011   -3.353054
           11  |  -1.068114   .2796013    -3.82   0.000     -1.62971   -.5065183
           12  |   1.392703    .147676     9.43   0.000     1.096087    1.689319
           13  |   .6301096   .0792746     7.95   0.000     .4708819    .7893373
           15  |  -3.142043   .7798658    -4.03   0.000     -4.70845   -1.575636
           16  |   2.757193   .1823066    15.12   0.000     2.391019    3.123366
           17  |   .4695698   .1597649     2.94   0.005     .1486725    .7904671
           18  |   1.816945   .1553614    11.69   0.000     1.504892    2.128997
           19  |   1.653385   .2024642     8.17   0.000     1.246723    2.060046
           20  |  -.5896988   .1693971    -3.48   0.001     -.929943   -.2494547
           21  |  -.4791032   .1639053    -2.92   0.005    -.8083166   -.1498898
           22  |  -.7058102   .0830445    -8.50   0.000      -.87261   -.5390104
           23  |  -1.759537   .2496526    -7.05   0.000    -2.260979   -1.258095
           24  |   2.497327   .0734916    33.98   0.000     2.349715    2.644939
           25  |   1.986621   .2003285     9.92   0.000      1.58425    2.388993
           26  |   3.410502    .117778    28.96   0.000     3.173938    3.647066
           27  |  -1.668811   .1571052   -10.62   0.000    -1.984366   -1.353256
           28  |  -.2773121   .1480965    -1.87   0.067    -.5747726    .0201484
           29  |  -.9162533   .1330824    -6.88   0.000    -1.183557   -.6489494
           30  |   .8477625   .1896725     4.47   0.000     .4667941    1.228731
           31  |   1.381695   .1907946     7.24   0.000     .9984723    1.764917
           32  |   .7988853   .3152551     2.53   0.014     .1656769    1.432094
           33  |   4.654323   .2293565    20.29   0.000     4.193647    5.114999
           34  |    .517603   .1730017     2.99   0.004      .170119    .8650871
           35  |   1.834086    .278684     6.58   0.000     1.274332    2.393839
           36  |   1.586247   .1905697     8.32   0.000     1.203477    1.969018
           37  |   .7473191   .0889132     8.41   0.000     .5687317    .9259066
           38  |   1.773884   .2218782     7.99   0.000     1.328228    2.219539
           39  |    1.27842   .1355997     9.43   0.000      1.00606     1.55078
           40  |   3.227276   .1992418    16.20   0.000     2.827087    3.627465
           41  |  -.2226213   .2812733    -0.79   0.432    -.7875753    .3423328
           42  |    2.72789   .1370059    19.91   0.000     2.452706    3.003075
           44  |  -3.192053   .1715732   -18.60   0.000    -3.536668   -2.847438
           45  |   1.741616   .0890316    19.56   0.000      1.56279    1.920441
           46  |   5.238197   .2382383    21.99   0.000     4.759681    5.716712
           47  |   .0850838   .1459412     0.58   0.563    -.2080477    .3782152
           48  |   1.511672   .2919566     5.18   0.000     .9252603    2.098084
           49  |   2.092825   .2840342     7.37   0.000     1.522325    2.663324
           50  |   2.249581   .2313612     9.72   0.000     1.784879    2.714284
           51  |   3.487937     .09391    37.14   0.000     3.299313    3.676561
           53  |   2.215875   .2163744    10.24   0.000     1.781275    2.650476
           54  |  -2.059715    .198053   -10.40   0.000    -2.457516   -1.661914
           55  |   1.550748   .1661257     9.33   0.000     1.217075    1.884422
           56  |   8.125764   .2981217    27.26   0.000     7.526968    8.724559
               |
         _cons |   2.746743    3.23312     0.85   0.400     -3.74717    9.240655
--------------------------------------------------------------------------------
Results/Table6_Heterogeneity.xls
dir : seeout
(53,919 observations deleted)
(sum of wgt is 335,949,053,029.7)
note: 2023.year omitted because of collinearity.

Linear regression                               Number of obs     =     33,860
                                                F(30, 50)         =          .
                                                Prob > F          =          .
                                                R-squared         =     0.0205
                                                Root MSE          =      33.65

                                (Std. err. adjusted for 51 clusters in statefip)
--------------------------------------------------------------------------------
               |               Robust
     financial | Coefficient  std. err.      t    P>|t|     [95% conf. interval]
---------------+----------------------------------------------------------------
       did_ind |   -1.75682   .9348699    -1.88   0.066    -3.634561    .1209214
 treatment_ind |   1.777018    .724239     2.45   0.018     .3223416    3.231695
     post_tcja |   .8756578   .9841545     0.89   0.378    -1.101075     2.85239
          male |   -1.82351   .7456705    -2.45   0.018    -3.321233   -.3257863
           age |   .0722351    .067918     1.06   0.293    -.0641821    .2086524
         age_2 |   .0234611    .076421     0.31   0.760     -.130035    .1769572
     full_time |  -3.349604   .6283798    -5.33   0.000    -4.611742   -2.087466
male_full_time |  -.0469454   .8935518    -0.05   0.958    -1.841697    1.747806
        educ_2 |   .9297911    .821483     1.13   0.263    -.7202059    2.579788
        educ_3 |   3.754455   .8902779     4.22   0.000     1.966279     5.54263
      hispanic |  -2.029634   .6406122    -3.17   0.003    -3.316341   -.7429266
       married |   .7318447   .4151692     1.76   0.084    -.1020472    1.565737
         white |   7.430387   2.680139     2.77   0.008      2.04717     12.8136
         black |   5.033144   2.756297     1.83   0.074    -.5030402    10.56933
        indian |   3.899345   2.917482     1.34   0.187     -1.96059    9.759279
         asian |   2.836681   2.575102     1.10   0.276    -2.335564    8.008925
       pacific |  -1.700515   2.539387    -0.67   0.506    -6.801024    3.399994
   other_races |   9.463717     4.4016     2.15   0.036     .6228429    18.30459
       retired |   1.945786   .9190975     2.12   0.039     .0997244    3.791848
       hh_size |  -.6415535   .2393228    -2.68   0.010    -1.122247   -.1608595
    hh_numkids |   .8202777    .383555     2.14   0.037     .0498848    1.590671
     ageychild |  -.0577659    .044535    -1.30   0.201    -.1472171    .0316852
               |
          year |
         2014  |  -.5038553   .8521197    -0.59   0.557    -2.215388    1.207677
         2015  |  -.3078671   .8189437    -0.38   0.709    -1.952764     1.33703
         2016  |   .2050472   .7317774     0.28   0.780    -1.264771    1.674865
         2017  |  -.4756236   .7367657    -0.65   0.522    -1.955461    1.004214
         2018  |   .1036272   .9525749     0.11   0.914    -1.809676     2.01693
         2019  |   1.510682   .8416833     1.79   0.079     -.179889    3.201252
         2020  |  -.3801524   .9425477    -0.40   0.688    -2.273315     1.51301
         2021  |   1.535365    1.41942     1.08   0.285    -1.315625    4.386355
         2022  |   .1645092    1.00176     0.16   0.870    -1.847584    2.176602
         2023  |          0  (omitted)
               |
      statefip |
            2  |   8.019781   .2896771    27.69   0.000     7.437947    8.601614
            4  |  -.2000983   .1772019    -1.13   0.264    -.5560189    .1558222
            5  |  -1.790082   .0834716   -21.45   0.000     -1.95774   -1.622424
            6  |   1.419124   .2453582     5.78   0.000     .9263074     1.91194
            8  |   .3823872   .1307861     2.92   0.005     .1196956    .6450788
            9  |   2.136551   .1370689    15.59   0.000      1.86124    2.411862
           10  |  -1.827514    .107352   -17.02   0.000    -2.043137   -1.611891
           11  |  -1.978177   .3352597    -5.90   0.000    -2.651566   -1.304788
           12  |  -1.971848   .1721384   -11.46   0.000    -2.317598   -1.626098
           13  |   2.255563   .0831328    27.13   0.000     2.088585     2.42254
           15  |    9.40607   .4683998    20.08   0.000     8.465261    10.34688
           16  |   1.659263   .1903036     8.72   0.000     1.277027    2.041499
           17  |  -1.444427   .1040293   -13.88   0.000    -1.653376   -1.235478
           18  |  -1.881353   .1119033   -16.81   0.000    -2.106117   -1.656588
           19  |   1.345711   .1383051     9.73   0.000     1.067917    1.623505
           20  |  -2.625887   .0998889   -26.29   0.000    -2.826519   -2.425254
           21  |  -.5394426   .1072841    -5.03   0.000    -.7549291    -.323956
           22  |   1.676566   .0866488    19.35   0.000     1.502526    1.850605
           23  |   -1.94957   .1395831   -13.97   0.000    -2.229931   -1.669209
           24  |  -.6167988   .1404541    -4.39   0.000    -.8989091   -.3346885
           25  |  -1.743564   .1433586   -12.16   0.000    -2.031508    -1.45562
           26  |  -.8673787   .0974517    -8.90   0.000    -1.063116   -.6716412
           27  |   .6798048   .1031097     6.59   0.000     .4727029    .8869067
           28  |  -4.439393   .1388954   -31.96   0.000    -4.718373   -4.160413
           29  |  -2.281333   .1317503   -17.32   0.000    -2.545961   -2.016704
           30  |   2.732081   .1635082    16.71   0.000     2.403665    3.060497
           31  |  -4.607772   .1475982   -31.22   0.000    -4.904231   -4.311312
           32  |   4.392336   .1788069    24.56   0.000     4.033192     4.75148
           33  |  -4.503613   .2066578   -21.79   0.000    -4.918697   -4.088528
           34  |  -1.207882   .1426543    -8.47   0.000    -1.494412   -.9213525
           35  |   2.682575   .2892801     9.27   0.000     2.101539    3.263611
           36  |   .0447837   .1319729     0.34   0.736    -.2202916     .309859
           37  |  -2.423964   .0712002   -34.04   0.000    -2.566974   -2.280954
           38  |   15.85621   .1932162    82.06   0.000     15.46812    16.24429
           39  |   -1.82224   .1033835   -17.63   0.000    -2.029892   -1.614588
           40  |  -1.747572   .1393449   -12.54   0.000    -2.027454   -1.467689
           41  |   1.076195   .1260055     8.54   0.000     .8231058    1.329285
           42  |  -1.275683   .1082066   -11.79   0.000    -1.493022   -1.058343
           44  |   .5827653   .1595282     3.65   0.001     .2623435    .9031871
           45  |  -2.133866   .0930098   -22.94   0.000    -2.320682    -1.94705
           46  |  -5.514573    .136008   -40.55   0.000    -5.787754   -5.241393
           47  |  -.6438791   .1137043    -5.66   0.000    -.8722608   -.4154974
           48  |  -.2146174   .2005992    -1.07   0.290    -.6175329     .188298
           49  |  -2.104642    .181774   -11.58   0.000    -2.469746   -1.739538
           50  |  -4.778888   .2067349   -23.12   0.000    -5.194127   -4.363649
           51  |  -.4358866   .0849035    -5.13   0.000    -.6064204   -.2653529
           53  |   1.138706   .1504105     7.57   0.000     .8365978    1.440814
           54  |    -1.2353   .1934419    -6.39   0.000     -1.62384   -.8467606
           55  |  -.8739255   .1165536    -7.50   0.000     -1.10803   -.6398207
           56  |  -3.764147   .1561305   -24.11   0.000    -4.077745    -3.45055
               |
         _cons |  -1.733439   3.294942    -0.53   0.601    -8.351524    4.884646
--------------------------------------------------------------------------------
Results/Table6_Heterogeneity.xls
dir : seeout
(65,507 observations deleted)
(sum of wgt is 239,181,712,236.4)
note: did_ind omitted because of collinearity.
note: treatment_ind omitted because of collinearity.
note: 2023.year omitted because of collinearity.

Linear regression                               Number of obs     =     22,272
                                                F(28, 50)         =          .
                                                Prob > F          =          .
                                                R-squared         =     0.0267
                                                Root MSE          =     37.791

                                (Std. err. adjusted for 51 clusters in statefip)
--------------------------------------------------------------------------------
               |               Robust
     financial | Coefficient  std. err.      t    P>|t|     [95% conf. interval]
---------------+----------------------------------------------------------------
       did_ind |          0  (omitted)
 treatment_ind |          0  (omitted)
     post_tcja |   .9441911   1.463692     0.65   0.522     -1.99572    3.884103
          male |  -.2282898   1.294407    -0.18   0.861    -2.828184    2.371604
           age |   .5160925   .1370635     3.77   0.000     .2407923    .7913926
         age_2 |  -.4546589   .1558534    -2.92   0.005    -.7676997    -.141618
     full_time |   -6.46122   1.420206    -4.55   0.000    -9.313787   -3.608654
male_full_time |  -.8258405   1.517466    -0.54   0.589     -3.87376    2.222079
        educ_2 |  -1.033346   1.464278    -0.71   0.484    -3.974435    1.907744
        educ_3 |   4.255368    1.36042     3.13   0.003     1.522884    6.987852
      hispanic |  -1.257983   .6351425    -1.98   0.053    -2.533704    .0177385
       married |  -.1250474   .8411381    -0.15   0.882    -1.814523    1.564428
         white |   9.562147   2.291885     4.17   0.000     4.958761    14.16553
         black |   6.219399   2.444878     2.54   0.014     1.308718    11.13008
        indian |   5.745358   3.944669     1.46   0.152    -2.177743    13.66846
         asian |   4.740328   2.303034     2.06   0.045     .1145484    9.366107
       pacific |   8.476607   4.716849     1.80   0.078    -.9974622    17.95068
   other_races |   11.03447   3.949469     2.79   0.007     3.101727    18.96721
       retired |   8.689238       2.45     3.55   0.001     3.768269    13.61021
       hh_size |  -.0427992    .388305    -0.11   0.913    -.8227328    .7371344
    hh_numkids |   -.216524   .4752063    -0.46   0.651    -1.171004    .7379559
     ageychild |  -.0324304   .0509788    -0.64   0.528    -.1348244    .0699636
               |
          year |
         2014  |  -.2947509   1.089606    -0.27   0.788    -2.483289    1.893787
         2015  |   1.309369    1.66127     0.79   0.434     -2.02739    4.646127
         2016  |   1.990081   1.838523     1.08   0.284      -1.7027    5.682863
         2017  |    .363781   1.296769     0.28   0.780    -2.240856    2.968418
         2018  |   .6805549   1.287744     0.53   0.600    -1.905955    3.267065
         2019  |   1.613789   1.430227     1.13   0.265    -1.258907    4.486485
         2020  |   1.167644   1.327325     0.88   0.383    -1.498365    3.833654
         2021  |   .7291302   1.321933     0.55   0.584    -1.926049     3.38431
         2022  |     1.1197   1.572422     0.71   0.480    -2.038603    4.278003
         2023  |          0  (omitted)
               |
      statefip |
            2  |   16.96272   .3770603    44.99   0.000     16.20537    17.72007
            4  |   1.422525    .257583     5.52   0.000     .9051545    1.939896
            5  |   2.793703   .1802376    15.50   0.000     2.431685    3.155721
            6  |   4.524605   .2845402    15.90   0.000     3.953089    5.096121
            8  |   2.291762   .2562155     8.94   0.000     1.777138    2.806386
            9  |   2.735124   .2718031    10.06   0.000     2.189192    3.281057
           10  |   8.525035    .310793    27.43   0.000     7.900789    9.149281
           11  |   1.787804   .4920693     3.63   0.001     .7994536    2.776154
           12  |    2.74028   .2404328    11.40   0.000     2.257356    3.223203
           13  |   1.895586    .219461     8.64   0.000     1.454785    2.336386
           15  |   3.650915   .6003329     6.08   0.000     2.445111    4.856719
           16  |   1.985266   .2509399     7.91   0.000     1.481238    2.489293
           17  |   .6033147   .2046562     2.95   0.005     .1922507    1.014379
           18  |   4.886287   .2173528    22.48   0.000     4.449721    5.322853
           19  |  -.4132247   .2643161    -1.56   0.124    -.9441193    .1176699
           20  |   3.200855   .2077158    15.41   0.000     2.783646    3.618065
           21  |   3.564411   .2265396    15.73   0.000     3.109393    4.019429
           22  |   2.988366   .1875956    15.93   0.000      2.61157    3.365163
           23  |   18.63885    .256519    72.66   0.000     18.12361    19.15408
           24  |   1.818187   .1896583     9.59   0.000     1.437248    2.199127
           25  |   4.079822    .183473    22.24   0.000     3.711306    4.448339
           26  |   3.384934   .2275652    14.87   0.000     2.927856    3.842013
           27  |   4.361723   .2242389    19.45   0.000     3.911326     4.81212
           28  |    .732999   .2656038     2.76   0.008     .1995179     1.26648
           29  |  -.3511255   .1784861    -1.97   0.055    -.7096253    .0073743
           30  |   1.621746   .3686139     4.40   0.000     .8813636    2.362129
           31  |   4.864989   .2526694    19.25   0.000     4.357487     5.37249
           32  |   .8073461   .2447044     3.30   0.002     .3158429    1.298849
           33  |   .1157844   .2897365     0.40   0.691    -.4661685    .6977372
           34  |   .2445435   .2123462     1.15   0.255    -.1819665    .6710534
           35  |   1.533417   .3180717     4.82   0.000     .8945509    2.172282
           36  |   3.879282   .2277221    17.04   0.000     3.421889    4.336675
           37  |   2.653629   .2129538    12.46   0.000     2.225898    3.081359
           38  |   2.862339   .4710061     6.08   0.000     1.916295    3.808383
           39  |   3.148196   .1834189    17.16   0.000     2.779788    3.516603
           40  |   3.868458   .2881646    13.42   0.000     3.289662    4.447254
           41  |   3.909272   .2461162    15.88   0.000     3.414933    4.403611
           42  |   .7220967   .1376255     5.25   0.000     .4456678    .9985257
           44  |   -2.15611   .3829962    -5.63   0.000     -2.92538   -1.386839
           45  |   .0995126   .2284523     0.44   0.665    -.3593474    .5583726
           46  |   .0834461   .4777769     0.17   0.862    -.8761971    1.043089
           47  |   1.142546   .1864989     6.13   0.000     .7679522     1.51714
           48  |   3.247439   .2131399    15.24   0.000     2.819335    3.675543
           49  |   2.118714    .209639    10.11   0.000     1.697642    2.539787
           50  |   11.51595   .1908119    60.35   0.000     11.13269    11.89921
           51  |   2.087545   .1901535    10.98   0.000      1.70561    2.469479
           53  |   7.133609   .2379823    29.98   0.000     6.655607     7.61161
           54  |   12.20897   .3651012    33.44   0.000     11.47564     12.9423
           55  |   3.032978   .2003283    15.14   0.000     2.630607    3.435349
           56  |  -5.856095   .3905325   -15.00   0.000    -6.640503   -5.071688
               |
         _cons |  -14.71448   3.544781    -4.15   0.000    -21.83438   -7.594575
--------------------------------------------------------------------------------
Results/Table6_Heterogeneity.xls
dir : seeout

. 
. *--- By high vs. low SALT-exposure state ---
. foreach salt in 0 1 {
  2.     local lbl = cond(`salt' == 1, "High SALT State", "Low SALT State")
  3.     preserve
  4.     keep if high_salt_state == `salt'
  5.     reg financial did_ind treatment_ind post_tcja $controls ///
>         i.year i.statefip [aw = wt06], robust cluster(statefip)
  6.     outreg2 using "Results/Table6_Heterogeneity.xls", ///
>         ctitle("`lbl'") ///
>         keep(did_ind treatment_ind post_tcja $controls) ///
>         addtext("State type","`lbl'") bdec(3) se append
  7.     restore
  8. }
(0 observations deleted)
(sum of wgt is 844,469,890,826.2)
note: 14.famincome omitted because of collinearity.
note: 2023.year omitted because of collinearity.

Linear regression                               Number of obs     =     87,779
                                                F(44, 50)         =          .
                                                Prob > F          =          .
                                                R-squared         =     0.0191
                                                Root MSE          =     34.398

                                (Std. err. adjusted for 51 clusters in statefip)
--------------------------------------------------------------------------------
               |               Robust
     financial | Coefficient  std. err.      t    P>|t|     [95% conf. interval]
---------------+----------------------------------------------------------------
       did_ind |  -.4944446   .4954178    -1.00   0.323     -1.48952    .5006312
 treatment_ind |   3.199475   .9406616     3.40   0.001       1.3101    5.088849
     post_tcja |  -.4255822   .7729144    -0.55   0.584    -1.978027    1.126862
          male |  -2.127103   .4229312    -5.03   0.000    -2.976585    -1.27762
           age |   .1508836   .0538582     2.80   0.007     .0427063    .2590609
         age_2 |  -.0753644   .0616802    -1.22   0.227    -.1992526    .0485239
     full_time |  -4.304613   .4415237    -9.75   0.000     -5.19144   -3.417787
male_full_time |   .8217996   .4843811     1.70   0.096    -.1511084    1.794708
        educ_2 |   1.569097   .4067565     3.86   0.000     .7521024    2.386091
        educ_3 |   4.707907   .4467622    10.54   0.000     3.810559    5.605255
      hispanic |  -1.499391   .3425973    -4.38   0.000    -2.187518   -.8112643
       married |   .3314934   .3865343     0.86   0.395    -.4448835     1.10787
         white |   5.352484   1.691348     3.16   0.003     1.955311    8.749657
         black |   2.975872   1.833025     1.62   0.111    -.7058667    6.657611
        indian |   2.859234   1.797652     1.59   0.118    -.7514554    6.469924
         asian |   .8899626   1.650465     0.54   0.592    -2.425094     4.20502
       pacific |   1.422737   2.211514     0.64   0.523    -3.019218    5.864693
   other_races |   6.765406   2.045652     3.31   0.002     2.656592    10.87422
       retired |   3.056786   .8198979     3.73   0.000     1.409972    4.703599
       hh_size |  -.4958742   .1753191    -2.83   0.007    -.8480129   -.1437355
    hh_numkids |   .5192461   .2271064     2.29   0.027     .0630894    .9754028
     ageychild |  -.0361168   .0311814    -1.16   0.252    -.0987465    .0265128
               |
     famincome |
            2  |  -.3114718   1.220224    -0.26   0.800    -2.762363     2.13942
            3  |  -.8098809    .995544    -0.81   0.420     -2.80949    1.189728
            4  |  -.8710567   1.099938    -0.79   0.432    -3.080347    1.338234
            5  |  -1.054048   1.133711    -0.93   0.357    -3.331174    1.223078
            6  |  -.6255675   1.111837    -0.56   0.576    -2.858757    1.607622
            7  |   .0084347   .9874696     0.01   0.993    -1.974956    1.991826
            8  |   1.160098   1.144627     1.01   0.316    -1.138953    3.459149
            9  |    .963198   .9354559     1.03   0.308    -.9157205    2.842117
           10  |   .7421211   1.038904     0.71   0.478     -1.34458    2.828822
           11  |   1.356109   .8528204     1.59   0.118    -.3568314    3.069049
           12  |  -1.326073   .5837957    -2.27   0.027    -2.498661   -.1534844
           13  |  -1.079923   .3519762    -3.07   0.003    -1.786888   -.3729577
           14  |          0  (omitted)
           15  |   3.032621   .9204445     3.29   0.002     1.183853    4.881388
           16  |   3.676038   .9690526     3.79   0.000     1.729638    5.622437
               |
          year |
         2014  |  -.7344157   .5351337    -1.37   0.176    -1.809263    .3404319
         2015  |   .3731568   .5594251     0.67   0.508    -.7504816    1.496795
         2016  |   .3650231   .6613812     0.55   0.583    -.9634001    1.693446
         2017  |  -.6941987   .5635411    -1.23   0.224    -1.826104    .4377069
         2018  |   .4010846    .597201     0.67   0.505    -.7984288    1.600598
         2019  |   1.485739   .5940734     2.50   0.016     .2925077    2.678971
         2020  |   .2615635   .6552639     0.40   0.691    -1.054573      1.5777
         2021  |   .8017609   .8570691     0.94   0.354    -.9197131    2.523235
         2022  |   .6594317   .8212445     0.80   0.426    -.9900863     2.30895
         2023  |          0  (omitted)
               |
      statefip |
            2  |   8.068942   .2537783    31.80   0.000     7.559213    8.578671
            4  |   1.843945   .1376269    13.40   0.000     1.567514    2.120377
            5  |   .8033794   .0695276    11.55   0.000      .663729    .9430298
            6  |   2.787231   .1743261    15.99   0.000     2.437087    3.137375
            8  |   1.552154   .1023121    15.17   0.000     1.346654    1.757654
            9  |   2.102901   .0935403    22.48   0.000      1.91502    2.290782
           10  |   .6308287   .0717242     8.80   0.000     .4867664    .7748911
           11  |  -.6699829   .2005036    -3.34   0.002    -1.072706   -.2672596
           12  |   .4276661    .089588     4.77   0.000     .2477232     .607609
           13  |   1.655036   .0532852    31.06   0.000      1.54801    1.762063
           15  |   4.679392   .4188371    11.17   0.000     3.838133    5.520651
           16  |   2.343999   .1195148    19.61   0.000     2.103946    2.584052
           17  |   -.327243   .0782213    -4.18   0.000    -.4843552   -.1701309
           18  |   1.128484    .084444    13.36   0.000     .9588732    1.298095
           19  |   1.240111   .1046179    11.85   0.000     1.029979    1.450242
           20  |  -.1722489   .0732822    -2.35   0.023    -.3194405   -.0250574
           21  |   .5476762   .0739643     7.40   0.000     .3991146    .6962379
           22  |   .9310973   .0491359    18.95   0.000      .832405     1.02979
           23  |    2.40707   .1062075    22.66   0.000     2.193746    2.620394
           24  |   .6132896   .0917098     6.69   0.000      .429085    .7974941
           25  |   1.167403    .105697    11.04   0.000     .9551043    1.379702
           26  |   1.682937   .0721429    23.33   0.000     1.538033     1.82784
           27  |   1.500857   .0918673    16.34   0.000     1.316336    1.685378
           28  |  -1.536028   .0812354   -18.91   0.000    -1.699194   -1.372862
           29  |  -1.208035   .0836614   -14.44   0.000    -1.376074   -1.039996
           30  |   2.167954   .1053011    20.59   0.000     1.956451    2.379458
           31  |  -.1696531   .0895328    -1.89   0.064     -.349485    .0101788
           32  |   2.461014   .1226871    20.06   0.000      2.21459    2.707438
           33  |  -.4809801   .1225747    -3.92   0.000    -.7271785   -.2347817
           34  |  -.6016004   .1087432    -5.53   0.000    -.8200175   -.3831834
           35  |   2.075347   .1654615    12.54   0.000     1.743008    2.407686
           36  |   1.511208   .0838411    18.02   0.000     1.342808    1.679608
           37  |   .0268689    .047615     0.56   0.575    -.0687687    .1225064
           38  |   8.462299   .1278312    66.20   0.000     8.205543    8.719056
           39  |   .5408078   .0718812     7.52   0.000     .3964301    .6851855
           40  |   1.520968   .1203138    12.64   0.000     1.279311    1.762625
           41  |   1.600048   .1119961    14.29   0.000     1.375097    1.824998
           42  |   .5893119   .0776882     7.59   0.000     .4332706    .7453532
           44  |  -1.539289    .092547   -16.63   0.000    -1.725175   -1.353403
           45  |    -.10253   .0410117    -2.50   0.016    -.1849045   -.0201555
           46  |  -.4653976   .1135431    -4.10   0.000    -.6934555   -.2373397
           47  |   .2343426   .0641553     3.65   0.001     .1054828    .3632023
           48  |   1.289471   .1409444     9.15   0.000     1.006376    1.572567
           49  |   .3919197   .1366765     2.87   0.006     .1173969    .6664424
           50  |    2.24045   .1351005    16.58   0.000     1.969093    2.511807
           51  |   1.211328   .0684173    17.70   0.000     1.073908    1.348748
           53  |   3.464842   .1104391    31.37   0.000     3.243018    3.686665
           54  |   .8137237   .1224358     6.65   0.000     .5678042    1.059643
           55  |   1.010927   .0902907    11.20   0.000     .8295726    1.192281
           56  |  -.0589913   .1090957    -0.54   0.591    -.2781165    .1601339
               |
         _cons |  -3.882348   2.066841    -1.88   0.066     -8.03372    .2690244
--------------------------------------------------------------------------------
Results/Table6_Heterogeneity.xls
dir : seeout
(87,779 observations deleted)
no observations
r(2000);

end of do-file

r(2000);

. do "C:\Users\gimen\AppData\Local\Temp\STD41b8_000000.tmp"

. log close
      name:  <unnamed>
       log:  C:\data\GMX_Tax_Changes\Results/Table6_Heterogeneity.log
  log type:  text
 closed on:  29 Apr 2026, 10:46:02
--------------------------------------------------------------------------------------------------------------------
