--------------------------------------------------------------------------------------------------------------------
      name:  <unnamed>
       log:  C:\data\GMX_Tax_Changes\Results/Table5_WellBeing_DiD.log
  log type:  text
 opened on:  29 Apr 2026, 10:43:54

. 
. *--- Summary statistics by activity and period ---
. di "--- Mean well-being during financial activities by treatment x post ---"
--- Mean well-being during financial activities by treatment x post ---

. bysort post_tcja treatment_ind: ///
>     sum schappy scstress scpain sctired meaning [aw = awbwt] if financial_act == 1

--------------------------------------------------------------------------------------------------------------------
-> post_tcja = 0, treatment_ind = 0

    Variable |     Obs      Weight        Mean   Std. dev.       Min        Max
-------------+-----------------------------------------------------------------
     schappy |     883  4.0287e+09    3.774669   1.745066          0          6
    scstress |     883  4.0287e+09    2.041485   1.918694          0          6
      scpain |     883  4.0287e+09    1.255121   1.820763          0          6
     sctired |     883  4.0287e+09    2.189211   1.908026          0          6
     meaning |     883  4.0287e+09    4.409844   1.866762          0          6

--------------------------------------------------------------------------------------------------------------------
-> post_tcja = 0, treatment_ind = 1

    Variable |     Obs      Weight        Mean   Std. dev.       Min        Max
-------------+-----------------------------------------------------------------
     schappy |     421  1.8527e+09    4.190562   1.614863          0          6
    scstress |     421  1.8527e+09      1.5496   1.719878          0          6
      scpain |     421  1.8527e+09    .8395736   1.592518          0          6
     sctired |     421  1.8527e+09    2.158055   1.864549          0          6
     meaning |     421  1.8527e+09    4.558221   1.724833          0          6

--------------------------------------------------------------------------------------------------------------------
-> post_tcja = 1, treatment_ind = 0

    Variable |     Obs      Weight        Mean   Std. dev.       Min        Max
-------------+-----------------------------------------------------------------
     schappy |     184  1.2924e+09    3.511634   1.857857          0          6
    scstress |     184  1.2924e+09    2.348761   2.042451          0          6
      scpain |     184  1.2924e+09    1.241607   1.943797          0          6
     sctired |     184  1.2924e+09    2.632905   2.188123          0          6
     meaning |     184  1.2924e+09    4.481095   1.878571          0          6

--------------------------------------------------------------------------------------------------------------------
-> post_tcja = 1, treatment_ind = 1

    Variable |     Obs      Weight        Mean   Std. dev.       Min        Max
-------------+-----------------------------------------------------------------
     schappy |      88   587623900    4.014209   1.521601          0          6
    scstress |      88   587623900    1.611712    1.71659          0          6
      scpain |      88   587623900    1.318988   1.965548          0          6
     sctired |      88   587623900    2.297511    1.54179          0          6
     meaning |      88   587623900    4.247852   1.642706          0          6


. 
. *--- Regression: well-being outcomes during financial activities ---
. foreach outcome in schappy scstress scpain sctired meaning {
  2.     local lab = cond("`outcome'" == "schappy",  "Happiness", ///
>                 cond("`outcome'" == "scstress", "Stress (reversed)", ///
>                 cond("`outcome'" == "scpain",   "Pain",    ///
>                 cond("`outcome'" == "sctired",  "Tiredness", "Meaning"))))
  3. 
.     reg `outcome' did_ind treatment_ind post_tcja financial_act ///
>         c.did_ind#c.financial_act c.treatment_ind#c.financial_act ///
>         c.post_tcja#c.financial_act ///
>         duration $controls i.year i.statefip ///
>         spouse-non_household_members ///
>         [aw = awbwt], robust cluster(statefip)
  4. 
.     outreg2 using "Results/Table5_WellBeing.xls", ///
>         ctitle("`lab'") ///
>         keep(did_ind treatment_ind post_tcja financial_act ///
>              c.did_ind#c.financial_act c.post_tcja#c.financial_act ///
>              duration $controls) ///
>         addtext("Controls","Yes","State FE","Yes","Year FE","Yes") ///
>         bdec(3) se append
  5. }
(sum of wgt is 823,145,840,373.5)
note: 14.famincome omitted because of collinearity.
note: 2021.year omitted because of collinearity.

Linear regression                               Number of obs     =     97,889
                                                F(46, 50)         =          .
                                                Prob > F          =          .
                                                R-squared         =     0.0497
                                                Root MSE          =     1.5771

                                                 (Std. err. adjusted for 51 clusters in statefip)
-------------------------------------------------------------------------------------------------
                                |               Robust
                        schappy | Coefficient  std. err.      t    P>|t|     [95% conf. interval]
--------------------------------+----------------------------------------------------------------
                        did_ind |  -.1111114   .0708833    -1.57   0.123    -.2534847    .0312619
                  treatment_ind |   .1392807   .1200519     1.16   0.251    -.1018506    .3804119
                      post_tcja |   .0676265    .051523     1.31   0.195    -.0358605    .1711135
                  financial_act |  -.4919256     .08217    -5.99   0.000    -.6569689   -.3268824
                                |
      c.did_ind#c.financial_act |    .320868   .4045948     0.79   0.431    -.4917847    1.133521
                                |
c.treatment_ind#c.financial_act |   .3514749    .170454     2.06   0.044     .0091079    .6938419
                                |
    c.post_tcja#c.financial_act |   -.473637   .2054031    -2.31   0.025    -.8862012   -.0610727
                                |
                       duration |  -.0005663   .0000908    -6.24   0.000    -.0007487    -.000384
                           male |  -.1306582   .0380452    -3.43   0.001    -.2070742   -.0542423
                            age |  -.0152291   .0049298    -3.09   0.003     -.025131   -.0053273
                          age_2 |    .021323   .0054815     3.89   0.000      .010313    .0323331
                      full_time |  -.0359908   .0303158    -1.19   0.241    -.0968819    .0249004
                 male_full_time |   .0908403   .0493808     1.84   0.072    -.0083438    .1900245
                         educ_2 |   .0266827   .0400625     0.67   0.508    -.0537852    .1071506
                         educ_3 |  -.1055201   .0358386    -2.94   0.005    -.1775041   -.0335361
                       hispanic |    .227644   .0372968     6.10   0.000     .1527313    .3025568
                        married |   .1121237   .0340275     3.30   0.002     .0437775    .1804699
                          white |   .3193828   .6464077     0.49   0.623    -.9789653    1.617731
                          black |   .5712409   .6478657     0.88   0.382    -.7300357    1.872517
                         indian |   .1950312   .6593446     0.30   0.769    -1.129302    1.519364
                          asian |   .2062587   .6608776     0.31   0.756    -1.121153     1.53367
                        pacific |   .5181206   .8237545     0.63   0.532    -1.136439     2.17268
                    other_races |   .2649513   .6474619     0.41   0.684    -1.035514    1.565417
                        retired |   .0503642   .0383104     1.31   0.195    -.0265846     .127313
                        hh_size |   .0183082   .0155661     1.18   0.245    -.0129573    .0495737
                     hh_numkids |  -.0148357   .0184702    -0.80   0.426    -.0519343    .0222629
                      ageychild |  -.0053617   .0026323    -2.04   0.047    -.0106489   -.0000746
                                |
                      famincome |
                             2  |  -.0176886   .1341847    -0.13   0.896    -.2872064    .2518292
                             3  |   .0443371   .1211143     0.37   0.716    -.1989281    .2876023
                             4  |  -.0457413   .1405329    -0.33   0.746    -.3280099    .2365273
                             5  |  -.0050688   .1519623    -0.03   0.974     -.310294    .3001564
                             6  |   .0523765   .1221935     0.43   0.670    -.1930563    .2978093
                             7  |  -.0031344   .1262476    -0.02   0.980    -.2567101    .2504414
                             8  |   .0847968   .1092706     0.78   0.441    -.1346796    .3042732
                             9  |   .0263677   .1218837     0.22   0.830    -.2184429    .2711783
                            10  |    .061266   .1124925     0.54   0.588    -.1646818    .2872137
                            11  |   .0562585   .1326501     0.42   0.673     -.210177     .322694
                            12  |  -.0021997   .1017686    -0.02   0.983    -.2066079    .2022086
                            13  |  -.0244022    .058493    -0.42   0.678    -.1418888    .0930845
                            14  |          0  (omitted)
                            15  |   .0735473   .1081629     0.68   0.500    -.1437042    .2907988
                            16  |   .0972683   .1153111     0.84   0.403    -.1343408    .3288775
                                |
                           year |
                          2012  |   .0440364   .0385358     1.14   0.259    -.0333651    .1214378
                          2013  |   .1082862   .0435224     2.49   0.016     .0208688    .1957036
                          2021  |          0  (omitted)
                                |
                       statefip |
                             2  |   .0052212   .0252334     0.21   0.837    -.0454615    .0559039
                             4  |  -.0467065   .0216058    -2.16   0.035     -.090103   -.0033099
                             5  |   .1646805   .0125215    13.15   0.000     .1395304    .1898307
                             6  |  -.0204438   .0239664    -0.85   0.398    -.0685817    .0276941
                             8  |   -.122337   .0173353    -7.06   0.000     -.157156    -.087518
                             9  |  -.0335234   .0165024    -2.03   0.048    -.0666695   -.0003774
                            10  |  -.0110786   .0126926    -0.87   0.387    -.0365725    .0144153
                            11  |  -.1604792   .0243245    -6.60   0.000    -.2093364   -.1116219
                            12  |  -.0072225   .0163556    -0.44   0.661    -.0400738    .0256287
                            13  |  -.1395394   .0095283   -14.64   0.000    -.1586776   -.1204012
                            15  |    .095806   .0669103     1.43   0.158    -.0385873    .2301993
                            16  |   .0037845   .0185356     0.20   0.839    -.0334453    .0410143
                            17  |  -.0711529   .0158299    -4.49   0.000    -.1029481   -.0393577
                            18  |  -.1545108    .014482   -10.67   0.000    -.1835987   -.1254229
                            19  |  -.1302947   .0157051    -8.30   0.000    -.1618394     -.09875
                            20  |   .0842056   .0174604     4.82   0.000     .0491353    .1192759
                            21  |  -.0053174   .0125455    -0.42   0.673    -.0305159     .019881
                            22  |   .0383426   .0117928     3.25   0.002     .0146561    .0620291
                            23  |   .3003423   .0194488    15.44   0.000     .2612782    .3394063
                            24  |   .0137534   .0147873     0.93   0.357    -.0159478    .0434546
                            25  |  -.1029164   .0197898    -5.20   0.000    -.1426654   -.0631675
                            26  |  -.1030323   .0141727    -7.27   0.000    -.1314991   -.0745656
                            27  |  -.0088884   .0165307    -0.54   0.593    -.0420912    .0243144
                            28  |   .2007879   .0124889    16.08   0.000     .1757032    .2258726
                            29  |  -.0106743   .0151727    -0.70   0.485    -.0411496    .0198011
                            30  |   .3045995   .0218585    13.94   0.000     .2606954    .3485037
                            31  |  -.0444956   .0201562    -2.21   0.032    -.0849805   -.0040108
                            32  |   .0110116   .0283823     0.39   0.700     -.045996    .0680192
                            33  |   .1281434   .0248287     5.16   0.000     .0782735    .1780132
                            34  |  -.2117422   .0189828   -11.15   0.000    -.2498702   -.1736141
                            35  |   .2065799   .0263057     7.85   0.000     .1537433    .2594165
                            36  |  -.2262997   .0145181   -15.59   0.000    -.2554601   -.1971392
                            37  |   .1073517   .0106941    10.04   0.000     .0858719    .1288314
                            38  |   .4181337   .0198421    21.07   0.000     .3782795    .4579878
                            39  |   .0703521    .012659     5.56   0.000     .0449258    .0957784
                            40  |   .0787066   .0192588     4.09   0.000     .0400242     .117389
                            41  |   .0620915    .016765     3.70   0.001     .0284181     .095765
                            42  |  -.0245024    .015118    -1.62   0.111    -.0548677     .005863
                            44  |   .0783785   .0178243     4.40   0.000     .0425775    .1141796
                            45  |   .1507188   .0100084    15.06   0.000     .1306163    .1708213
                            46  |   .1164545   .0197351     5.90   0.000     .0768154    .1560936
                            47  |  -.1249976   .0144847    -8.63   0.000    -.1540909   -.0959042
                            48  |   .0464166   .0180744     2.57   0.013      .010113    .0827202
                            49  |  -.0532732   .0196292    -2.71   0.009    -.0926996   -.0138467
                            50  |   .0970261   .0212738     4.56   0.000     .0542963    .1397559
                            51  |  -.0050021   .0137857    -0.36   0.718    -.0326916    .0226874
                            53  |  -.1727968   .0204841    -8.44   0.000    -.2139403   -.1316533
                            54  |  -.1726456   .0220515    -7.83   0.000    -.2169374   -.1283539
                            55  |  -.1711885   .0168198   -10.18   0.000    -.2049721   -.1374049
                            56  |   .0426549   .0225997     1.89   0.065    -.0027379    .0880477
                                |
                         spouse |   .3303905   .0296377    11.15   0.000     .2708615    .3899196
                       children |   .4917564   .0279094    17.62   0.000     .4356987    .5478142
              household_members |   .3963248   .0375424    10.56   0.000     .3209186     .471731
          non_household_members |   .2841238    .032579     8.72   0.000     .2186869    .3495607
                          _cons |   3.884211    .601931     6.45   0.000     2.675197    5.093225
-------------------------------------------------------------------------------------------------
Results/Table5_WellBeing.xls
dir : seeout
(sum of wgt is 823,145,840,373.5)
note: 14.famincome omitted because of collinearity.
note: 2021.year omitted because of collinearity.

Linear regression                               Number of obs     =     97,889
                                                F(46, 50)         =          .
                                                Prob > F          =          .
                                                R-squared         =     0.0761
                                                Root MSE          =     1.7383

                                                 (Std. err. adjusted for 51 clusters in statefip)
-------------------------------------------------------------------------------------------------
                                |               Robust
                       scstress | Coefficient  std. err.      t    P>|t|     [95% conf. interval]
--------------------------------+----------------------------------------------------------------
                        did_ind |   -.011608   .0790979    -0.15   0.884    -.1704809    .1472648
                  treatment_ind |   -.175549   .1468396    -1.20   0.238     -.470485    .1193871
                      post_tcja |   .0755401   .0429644     1.76   0.085    -.0107565    .1618367
                  financial_act |   .6705283   .1333748     5.03   0.000     .4026372    .9384194
                                |
      c.did_ind#c.financial_act |  -.1763485    .561471    -0.31   0.755    -1.304096    .9513992
                                |
c.treatment_ind#c.financial_act |   -.384981   .2749267    -1.40   0.168    -.9371876    .1672255
                                |
    c.post_tcja#c.financial_act |   .3635185   .3369074     1.08   0.286      -.31318    1.040217
                                |
                       duration |   .0017065   .0000862    19.80   0.000     .0015333    .0018797
                           male |  -.1779968   .0447808    -3.97   0.000    -.2679416    -.088052
                            age |   .0418495   .0046921     8.92   0.000     .0324251    .0512739
                          age_2 |  -.0483812   .0048094   -10.06   0.000    -.0580413   -.0387212
                      full_time |   .1305676   .0350735     3.72   0.001     .0601204    .2010147
                 male_full_time |  -.1169034   .0512501    -2.28   0.027    -.2198423   -.0139646
                         educ_2 |  -.1672158   .0480867    -3.48   0.001    -.2638008   -.0706307
                         educ_3 |   .0638431   .0392628     1.63   0.110    -.0150185    .1427047
                       hispanic |  -.0672021    .081287    -0.83   0.412    -.2304718    .0960676
                        married |  -.0174301   .0422041    -0.41   0.681    -.1021995    .0673394
                          white |  -.0336082   .7474026    -0.04   0.964     -1.53481    1.467594
                          black |  -.3056011   .7456572    -0.41   0.684    -1.803298    1.192095
                         indian |  -.1625559   .7078462    -0.23   0.819    -1.584307    1.259195
                          asian |  -.0205134   .7070378    -0.03   0.977    -1.440641    1.399614
                        pacific |   .0337726    .893572     0.04   0.970     -1.76102    1.828565
                    other_races |   .2892544   .7438383     0.39   0.699    -1.204789    1.783298
                        retired |  -.1919304   .0531183    -3.61   0.001    -.2986216   -.0852392
                        hh_size |   .0338928   .0205225     1.65   0.105    -.0073277    .0751134
                     hh_numkids |   .0193549   .0288353     0.67   0.505    -.0385626    .0772723
                      ageychild |  -.0002697   .0033185    -0.08   0.936    -.0069352    .0063958
                                |
                      famincome |
                             2  |   .1602972   .1847994     0.87   0.390    -.2108833    .5314777
                             3  |  -.0546473   .1308548    -0.42   0.678     -.317477    .2081824
                             4  |   .1604805   .1432611     1.12   0.268    -.1272679     .448229
                             5  |  -.0243708    .140989    -0.17   0.863    -.3075555    .2588139
                             6  |   .0674909   .1455132     0.46   0.645    -.2247809    .3597627
                             7  |  -.0009147   .1657918    -0.01   0.996    -.3339173    .3320879
                             8  |  -.1279362   .1304606    -0.98   0.331     -.389974    .1341016
                             9  |   -.095353   .1316481    -0.72   0.472    -.3597759      .16907
                            10  |  -.1442111   .1229364    -1.17   0.246    -.3911361    .1027139
                            11  |  -.0701117   .1448685    -0.48   0.631    -.3610887    .2208653
                            12  |  -.0626571   .0740727    -0.85   0.402    -.2114365    .0861224
                            13  |  -.0107625   .0512192    -0.21   0.834    -.1136394    .0921143
                            14  |          0  (omitted)
                            15  |   -.224881   .1310173    -1.72   0.092     -.488037     .038275
                            16  |  -.1313778    .123283    -1.07   0.292     -.378999    .1162434
                                |
                           year |
                          2012  |  -.0300903   .0375047    -0.80   0.426    -.1054208    .0452402
                          2013  |  -.0355241   .0434437    -0.82   0.417    -.1227833    .0517351
                          2021  |          0  (omitted)
                                |
                       statefip |
                             2  |  -.1322881   .0279636    -4.73   0.000    -.1884547   -.0761216
                             4  |    .109152   .0310979     3.51   0.001       .04669     .171614
                             5  |    .111253   .0144894     7.68   0.000     .0821503    .1403558
                             6  |   .2223785   .0287762     7.73   0.000     .1645798    .2801772
                             8  |   .3200628   .0212513    15.06   0.000     .2773784    .3627472
                             9  |   .0630942   .0203556     3.10   0.003     .0222087    .1039797
                            10  |  -.0109613   .0164206    -0.67   0.507    -.0439431    .0220204
                            11  |  -.2178541   .0225452    -9.66   0.000    -.2631375   -.1725707
                            12  |   .1595598   .0232259     6.87   0.000     .1129093    .2062103
                            13  |   .3850106   .0119975    32.09   0.000     .3609128    .4091083
                            15  |   .1586961   .0529004     3.00   0.004     .0524425    .2649497
                            16  |    .491856   .0244799    20.09   0.000     .4426867    .5410254
                            17  |   .1718586   .0178299     9.64   0.000     .1360463    .2076709
                            18  |   .1809331    .020116     8.99   0.000     .1405289    .2213373
                            19  |   .0186446   .0211259     0.88   0.382    -.0237879    .0610772
                            20  |   .1201975   .0206203     5.83   0.000     .0787804    .1616145
                            21  |  -.0212398    .015412    -1.38   0.174    -.0521956     .009716
                            22  |   .1666862   .0116534    14.30   0.000     .1432798    .1900927
                            23  |   .0116844    .021006     0.56   0.581    -.0305073    .0538762
                            24  |   .1816915   .0197385     9.20   0.000     .1420456    .2213374
                            25  |    .330043   .0203848    16.19   0.000     .2890989    .3709871
                            26  |   .1908229   .0151228    12.62   0.000     .1604478     .221198
                            27  |   .0893418   .0196555     4.55   0.000     .0498627    .1288209
                            28  |   .2633668   .0126093    20.89   0.000     .2380403    .2886933
                            29  |   .3220095   .0166513    19.34   0.000     .2885644    .3554546
                            30  |   .1538984   .0214731     7.17   0.000     .1107684    .1970283
                            31  |   .0723413     .02706     2.67   0.010     .0179895     .126693
                            32  |   .0118506   .0249615     0.47   0.637    -.0382862    .0619873
                            33  |   .6264869   .0268611    23.32   0.000     .5725347     .680439
                            34  |   .3487374   .0210837    16.54   0.000     .3063895    .3910853
                            35  |   .0767457   .0354841     2.16   0.035     .0054738    .1480175
                            36  |   .3457516    .016177    21.37   0.000     .3132591    .3782441
                            37  |   .2331951   .0111663    20.88   0.000      .210767    .2556232
                            38  |    .183537   .0194376     9.44   0.000     .1444954    .2225786
                            39  |   .0620453   .0149772     4.14   0.000     .0319626     .092128
                            40  |   .1550106    .017533     8.84   0.000     .1197945    .1902267
                            41  |   .1588938   .0221964     7.16   0.000      .114311    .2034765
                            42  |   .2013698   .0188687    10.67   0.000     .1634708    .2392687
                            44  |   .3248623   .0180436    18.00   0.000     .2886207    .3611039
                            45  |   .1497473   .0125159    11.96   0.000     .1246083    .1748863
                            46  |   -.101749   .0193819    -5.25   0.000    -.1406787   -.0628193
                            47  |    .373177   .0162571    22.95   0.000     .3405236    .4058304
                            48  |   .1997606   .0291484     6.85   0.000     .1412144    .2583068
                            49  |    .342198   .0234686    14.58   0.000       .29506    .3893359
                            50  |   .1062931     .02489     4.27   0.000     .0563002    .1562861
                            51  |   .1734723   .0163788    10.59   0.000     .1405746    .2063701
                            53  |    .403404   .0232056    17.38   0.000     .3567942    .4500137
                            54  |   .3176272   .0252424    12.58   0.000     .2669263    .3683281
                            55  |   .1943328   .0213245     9.11   0.000     .1515014    .2371642
                            56  |   .1234836   .0258438     4.78   0.000     .0715748    .1753923
                                |
                         spouse |  -.4264817   .0262739   -16.23   0.000    -.4792545    -.373709
                       children |  -.2125362   .0290728    -7.31   0.000    -.2709306   -.1541419
              household_members |  -.3686201   .0603395    -6.11   0.000    -.4898156   -.2474247
          non_household_members |   .1101489    .040217     2.74   0.009     .0293707    .1909271
                          _cons |   .5368995   .7530177     0.71   0.479    -.9755811     2.04938
-------------------------------------------------------------------------------------------------
Results/Table5_WellBeing.xls
dir : seeout
(sum of wgt is 823,145,840,373.5)
note: 14.famincome omitted because of collinearity.
note: 2021.year omitted because of collinearity.

Linear regression                               Number of obs     =     97,889
                                                F(46, 50)         =          .
                                                Prob > F          =          .
                                                R-squared         =     0.0885
                                                Root MSE          =     1.5591

                                                 (Std. err. adjusted for 51 clusters in statefip)
-------------------------------------------------------------------------------------------------
                                |               Robust
                         scpain | Coefficient  std. err.      t    P>|t|     [95% conf. interval]
--------------------------------+----------------------------------------------------------------
                        did_ind |   .0601427   .0718582     0.84   0.407    -.0841886    .2044741
                  treatment_ind |  -.3118187   .0956052    -3.26   0.002    -.5038474   -.1197899
                      post_tcja |   .0805463   .0455533     1.77   0.083    -.0109501    .1720427
                  financial_act |   .1545009    .155836     0.99   0.326    -.1585048    .4675066
                                |
      c.did_ind#c.financial_act |   .3050737   .4458315     0.68   0.497    -.5904052    1.200553
                                |
c.treatment_ind#c.financial_act |  -.1617004   .2349284    -0.69   0.494     -.633568    .3101672
                                |
    c.post_tcja#c.financial_act |   .1315927   .2248515     0.59   0.561    -.3200348    .5832202
                                |
                       duration |   .0005509   .0001129     4.88   0.000     .0003241    .0007778
                           male |  -.0717777   .0401632    -1.79   0.080    -.1524479    .0088925
                            age |    .077756   .0065898    11.80   0.000     .0645201    .0909919
                          age_2 |  -.0656147   .0068079    -9.64   0.000    -.0792888   -.0519407
                      full_time |  -.3240981   .0386842    -8.38   0.000    -.4017976   -.2463986
                 male_full_time |  -.0301049   .0520362    -0.58   0.565    -.1346226    .0744128
                         educ_2 |  -.2527605   .0571525    -4.42   0.000    -.3675547   -.1379663
                         educ_3 |  -.3483048   .0518897    -6.71   0.000    -.4525284   -.2440813
                       hispanic |  -.0809671   .0343662    -2.36   0.022    -.1499937   -.0119406
                        married |  -.0941679   .0389207    -2.42   0.019    -.1723423   -.0159934
                          white |  -.1322593   .4963994    -0.27   0.791    -1.129307    .8647882
                          black |  -.2406054    .488138    -0.49   0.624    -1.221059    .7398486
                         indian |  -.1035516   .5319316    -0.19   0.846    -1.171968    .9648644
                          asian |  -.2183304   .5115583    -0.43   0.671    -1.245825    .8091647
                        pacific |  -.0886163   .5271012    -0.17   0.867     -1.14733    .9700976
                    other_races |   .1428508   .5344226     0.27   0.790    -.9305686     1.21627
                        retired |  -.2187789   .0505362    -4.33   0.000    -.3202838    -.117274
                        hh_size |   .0343034   .0147964     2.32   0.025     .0045839    .0640229
                     hh_numkids |  -.0499949    .024308    -2.06   0.045     -.098819   -.0011708
                      ageychild |   .0005921   .0030342     0.20   0.846    -.0055022    .0066864
                                |
                      famincome |
                             2  |   .5221951   .2196349     2.38   0.021     .0810454    .9633449
                             3  |   .4041562   .1471677     2.75   0.008     .1085611    .6997513
                             4  |   .1409306   .1302063     1.08   0.284    -.1205965    .4024578
                             5  |   .2193247   .1247669     1.76   0.085    -.0312769    .4699264
                             6  |   .3318088   .1338076     2.48   0.017     .0630484    .6005692
                             7  |   .1523857   .1020375     1.49   0.142    -.0525627    .3573341
                             8  |  -.1192845   .1013415    -1.18   0.245    -.3228349    .0842659
                             9  |  -.0561868   .1050593    -0.53   0.595    -.2672047     .154831
                            10  |  -.1793614   .0965643    -1.86   0.069    -.3733165    .0145937
                            11  |  -.0720375   .1072055    -0.67   0.505    -.2873661    .1432911
                            12  |   .0159861   .0582671     0.27   0.785    -.1010469     .133019
                            13  |   .0717888    .038036     1.89   0.065    -.0046088    .1481865
                            14  |          0  (omitted)
                            15  |   -.380536   .0893195    -4.26   0.000    -.5599395   -.2011325
                            16  |  -.4509271   .0870072    -5.18   0.000    -.6256862    -.276168
                                |
                           year |
                          2012  |   .0551181   .0449393     1.23   0.226    -.0351451    .1453814
                          2013  |   .0138244   .0441119     0.31   0.755     -.074777    .1024258
                          2021  |          0  (omitted)
                                |
                       statefip |
                             2  |  -.1689966   .0400456    -4.22   0.000    -.2494306   -.0885625
                             4  |   -.122488   .0225919    -5.42   0.000    -.1678651   -.0771109
                             5  |  -.0574967     .01831    -3.14   0.003    -.0942734   -.0207201
                             6  |  -.0861643   .0244146    -3.53   0.001    -.1352024   -.0371263
                             8  |  -.1277715   .0196955    -6.49   0.000    -.1673311   -.0882119
                             9  |  -.3546005   .0199242   -17.80   0.000    -.3946195   -.3145815
                            10  |  -.4847595   .0153373   -31.61   0.000    -.5155655   -.4539535
                            11  |  -.2331933   .0231221   -10.09   0.000    -.2796354   -.1867511
                            12  |  -.0669375   .0199373    -3.36   0.002    -.1069829   -.0268922
                            13  |  -.0907105   .0143293    -6.33   0.000    -.1194918   -.0619293
                            15  |  -.2336843   .0578234    -4.04   0.000     -.349826   -.1175427
                            16  |  -.0857912   .0207765    -4.13   0.000    -.1275221   -.0440603
                            17  |  -.1526885   .0194393    -7.85   0.000    -.1917335   -.1136436
                            18  |  -.0129709   .0200534    -0.65   0.521    -.0532494    .0273076
                            19  |  -.1788012   .0160387   -11.15   0.000    -.2110158   -.1465866
                            20  |  -.1544146   .0221479    -6.97   0.000       -.1989   -.1099292
                            21  |   .1414186   .0150954     9.37   0.000     .1110987    .1717386
                            22  |  -.0793212   .0107538    -7.38   0.000    -.1009208   -.0577216
                            23  |  -.3627018   .0236222   -15.35   0.000    -.4101485   -.3152551
                            24  |  -.1413249   .0188249    -7.51   0.000    -.1791358   -.1035139
                            25  |  -.1512351   .0212547    -7.12   0.000    -.1939265   -.1085437
                            26  |  -.0279157   .0153402    -1.82   0.075    -.0587274     .002896
                            27  |   -.048262   .0189277    -2.55   0.014    -.0862794   -.0102447
                            28  |   .0308803    .014357     2.15   0.036     .0020434    .0597171
                            29  |  -.0636085   .0184195    -3.45   0.001    -.1006051   -.0266119
                            30  |   -.353113   .0266401   -13.25   0.000    -.4066213   -.2996047
                            31  |  -.2802114   .0253917   -11.04   0.000     -.331212   -.2292107
                            32  |  -.1033693   .0178933    -5.78   0.000     -.139309   -.0674296
                            33  |  -.0842803   .0251137    -3.36   0.002    -.1347227   -.0338379
                            34  |   .0353364   .0213551     1.65   0.104    -.0075565    .0782293
                            35  |   .0132634   .0280016     0.47   0.638    -.0429795    .0695063
                            36  |  -.0708659   .0170074    -4.17   0.000    -.1050262   -.0367055
                            37  |  -.0257115   .0140526    -1.83   0.073    -.0539368    .0025139
                            38  |  -.3887816   .0241308   -16.11   0.000    -.4372498   -.3403134
                            39  |  -.1875318   .0157144   -11.93   0.000    -.2190951   -.1559684
                            40  |  -.1586954   .0249811    -6.35   0.000    -.2088715   -.1085193
                            41  |  -.0838497   .0199804    -4.20   0.000    -.1239816   -.0437178
                            42  |  -.0335533   .0191718    -1.75   0.086    -.0720609    .0049543
                            44  |  -.1315236   .0218839    -6.01   0.000    -.1754786   -.0875685
                            45  |  -.1771321     .01378   -12.85   0.000    -.2048101    -.149454
                            46  |  -.2638887   .0184768   -14.28   0.000    -.3010004   -.2267769
                            47  |   .1754256   .0190339     9.22   0.000     .1371949    .2136564
                            48  |  -.1120074   .0179932    -6.22   0.000    -.1481479   -.0758669
                            49  |   .3474099   .0219347    15.84   0.000     .3033527    .3914671
                            50  |  -.0909423   .0247473    -3.67   0.001    -.1406487   -.0412359
                            51  |  -.1366436   .0174835    -7.82   0.000    -.1717603   -.1015269
                            53  |   -.004395   .0250692    -0.18   0.862     -.054748     .045958
                            54  |   .1759435    .022192     7.93   0.000     .1313694    .2205175
                            55  |  -.1224943   .0239281    -5.12   0.000    -.1705553   -.0744334
                            56  |  -.4388315   .0267299   -16.42   0.000      -.49252   -.3851429
                                |
                         spouse |  -.0610629   .0214743    -2.84   0.006    -.1041952   -.0179306
                       children |  -.1062856   .0276892    -3.84   0.000    -.1619009   -.0506702
              household_members |  -.0846889   .0522762    -1.62   0.112    -.1896887    .0203109
          non_household_members |  -.0333261   .0240034    -1.39   0.171    -.0815384    .0148863
                          _cons |  -.2049976   .5624706    -0.36   0.717    -1.334753    .9247578
-------------------------------------------------------------------------------------------------
Results/Table5_WellBeing.xls
dir : seeout
(sum of wgt is 823,145,840,373.5)
note: 14.famincome omitted because of collinearity.
note: 2021.year omitted because of collinearity.

Linear regression                               Number of obs     =     97,889
                                                F(46, 50)         =          .
                                                Prob > F          =          .
                                                R-squared         =     0.0322
                                                Root MSE          =     1.9058

                                                 (Std. err. adjusted for 51 clusters in statefip)
-------------------------------------------------------------------------------------------------
                                |               Robust
                        sctired | Coefficient  std. err.      t    P>|t|     [95% conf. interval]
--------------------------------+----------------------------------------------------------------
                        did_ind |  -.0315964   .0805529    -0.39   0.697    -.1933916    .1301989
                  treatment_ind |  -.0616115   .1410039    -0.44   0.664    -.3448263    .2216033
                      post_tcja |   .1377114   .0517644     2.66   0.010     .0337395    .2416833
                  financial_act |  -.0526303   .1295733    -0.41   0.686    -.3128859    .2076253
                                |
      c.did_ind#c.financial_act |  -.2172339   .4307948    -0.50   0.616    -1.082511     .648043
                                |
c.treatment_ind#c.financial_act |   .0080237   .1959532     0.04   0.968    -.3855599    .4016074
                                |
    c.post_tcja#c.financial_act |   .3778528   .2571235     1.47   0.148     -.138595    .8943006
                                |
                       duration |   .0002685   .0001098     2.45   0.018     .0000481     .000489
                           male |  -.2919083   .0353049    -8.27   0.000    -.3628203   -.2209963
                            age |   .0079058   .0054428     1.45   0.153    -.0030265     .018838
                          age_2 |  -.0165447   .0057175    -2.89   0.006    -.0280287   -.0050608
                      full_time |   .2226852   .0376531     5.91   0.000     .1470566    .2983137
                 male_full_time |  -.1123786   .0595529    -1.89   0.065    -.2319942     .007237
                         educ_2 |   -.229451   .0581783    -3.94   0.000    -.3463055   -.1125965
                         educ_3 |  -.1781143   .0447058    -3.98   0.000    -.2679086   -.0883201
                       hispanic |  -.0678772   .0818946    -0.83   0.411    -.2323672    .0966129
                        married |  -.0553491   .0469477    -1.18   0.244    -.1496464    .0389481
                          white |  -.2495257   .4556977    -0.55   0.586    -1.164821      .66577
                          black |  -.4329078    .454558    -0.95   0.345    -1.345914    .4800989
                         indian |   -.133909   .3801728    -0.35   0.726    -.8975086    .6296905
                          asian |  -.4107481   .4501831    -0.91   0.366    -1.314968    .4934713
                        pacific |  -.3812202   .6067773    -0.63   0.533    -1.599968    .8375279
                    other_races |  -.1469829   .4423718    -0.33   0.741    -1.035513     .741547
                        retired |  -.1614751   .0565804    -2.85   0.006    -.2751202   -.0478301
                        hh_size |   .0323468   .0201645     1.60   0.115    -.0081549    .0728485
                     hh_numkids |   .0124902   .0224441     0.56   0.580      -.03259    .0575704
                      ageychild |   .0033987   .0032163     1.06   0.296    -.0030614    .0098587
                                |
                      famincome |
                             2  |   .1401778   .1726525     0.81   0.421     -.206605    .4869606
                             3  |  -.0037216   .1709312    -0.02   0.983    -.3470471    .3396038
                             4  |    .179902   .1693446     1.06   0.293    -.1602366    .5200407
                             5  |   .0235951   .1742457     0.14   0.893    -.3263877    .3735779
                             6  |   .2605221     .12547     2.08   0.043     .0085083     .512536
                             7  |   .1563236   .1352805     1.16   0.253    -.1153952    .4280424
                             8  |  -.0752025   .1390493    -0.54   0.591    -.3544911    .2040862
                             9  |  -.0131437   .1343594    -0.10   0.922    -.2830124    .2567251
                            10  |  -.0367359   .1267961    -0.29   0.773    -.2914134    .2179417
                            11  |   .0371875   .1339448     0.28   0.782    -.2318486    .3062235
                            12  |  -.0860909   .0752071    -1.14   0.258    -.2371488    .0649669
                            13  |   .0938509   .0570344     1.65   0.106    -.0207061    .2084079
                            14  |          0  (omitted)
                            15  |  -.1716521   .1443548    -1.19   0.240    -.4615973    .1182931
                            16  |  -.1415593   .1285869    -1.10   0.276    -.3998338    .1167151
                                |
                           year |
                          2012  |  -.0304555   .0526459    -0.58   0.566    -.1361979    .0752869
                          2013  |    .019206   .0370485     0.52   0.606    -.0552081    .0936201
                          2021  |          0  (omitted)
                                |
                       statefip |
                             2  |  -.0754191   .0352453    -2.14   0.037    -.1462114   -.0046269
                             4  |   .0951071   .0306669     3.10   0.003     .0335109    .1567034
                             5  |   .2308232   .0176518    13.08   0.000     .1953687    .2662778
                             6  |   .1811525   .0342643     5.29   0.000     .1123307    .2499744
                             8  |   .1866562    .029406     6.35   0.000     .1275926    .2457198
                             9  |   .2041297   .0236932     8.62   0.000     .1565406    .2517189
                            10  |  -.0690433   .0208091    -3.32   0.002    -.1108397    -.027247
                            11  |   -.076578   .0330625    -2.32   0.025    -.1429859   -.0101701
                            12  |   .1948786   .0239779     8.13   0.000     .1467175    .2430397
                            13  |   .2040967   .0145316    14.04   0.000      .174909    .2332843
                            15  |   .4691559   .0574062     8.17   0.000     .3538522    .5844597
                            16  |   .7009169   .0257921    27.18   0.000     .6491121    .7527218
                            17  |   .1094794   .0220249     4.97   0.000     .0652411    .1537176
                            18  |   .1896733   .0207516     9.14   0.000     .1479924    .2313541
                            19  |  -.0029799   .0231566    -0.13   0.898    -.0494914    .0435315
                            20  |   .2347251   .0252392     9.30   0.000     .1840307    .2854195
                            21  |   .2725805   .0171548    15.89   0.000     .2381241     .307037
                            22  |  -.0415166   .0120518    -3.44   0.001    -.0657233   -.0173099
                            23  |   -.422764   .0245006   -17.26   0.000    -.4719748   -.3735531
                            24  |   .1426549   .0264952     5.38   0.000     .0894377    .1958722
                            25  |   .1958354   .0257312     7.61   0.000     .1441528     .247518
                            26  |  -.0050873   .0197879    -0.26   0.798    -.0448324    .0346578
                            27  |    .058737   .0243585     2.41   0.020     .0098115    .1076625
                            28  |   .1196245   .0161237     7.42   0.000      .087239      .15201
                            29  |   .2671981   .0212727    12.56   0.000     .2244706    .3099256
                            30  |  -.2753038   .0272087   -10.12   0.000    -.3299541   -.2206535
                            31  |   .0209214   .0274925     0.76   0.450    -.0342989    .0761417
                            32  |  -.0504575   .0319718    -1.58   0.121    -.1146748    .0137597
                            33  |   .1686035   .0304885     5.53   0.000     .1073656    .2298413
                            34  |   .2179845   .0282332     7.72   0.000     .1612764    .2746925
                            35  |   .0032337   .0412868     0.08   0.938    -.0796932    .0861606
                            36  |   .2087443   .0207473    10.06   0.000     .1670721    .2504166
                            37  |   .3300124     .01457    22.65   0.000     .3007477    .3592772
                            38  |  -.1495509   .0275392    -5.43   0.000     -.204865   -.0942368
                            39  |    .033494    .017858     1.88   0.067     -.002375    .0693629
                            40  |   .1047047   .0226128     4.63   0.000     .0592855    .1501239
                            41  |  -.0607505   .0228725    -2.66   0.011    -.1066913   -.0148097
                            42  |   .2988841   .0221474    13.50   0.000     .2543997    .3433685
                            44  |   .0444499   .0315311     1.41   0.165    -.0188821    .1077819
                            45  |    .138658   .0132047    10.50   0.000     .1121355    .1651806
                            46  |  -.2861425   .0294022    -9.73   0.000    -.3451985   -.2270865
                            47  |   .2531636   .0171109    14.80   0.000     .2187954    .2875318
                            48  |   .2027117   .0292305     6.93   0.000     .1440006    .2614228
                            49  |   .3761082   .0226285    16.62   0.000     .3306576    .4215589
                            50  |  -.0315681   .0247318    -1.28   0.208    -.0812434    .0181072
                            51  |   .0019552   .0203692     0.10   0.924    -.0389575    .0428679
                            53  |   .2612953   .0276696     9.44   0.000     .2057193    .3168713
                            54  |  -.0122122   .0244503    -0.50   0.620    -.0613222    .0368978
                            55  |  -.0422111   .0261038    -1.62   0.112     -.094642    .0102198
                            56  |   .1504229   .0279658     5.38   0.000     .0942519     .206594
                                |
                         spouse |   .0331044   .0319995     1.03   0.306    -.0311685    .0973774
                       children |  -.1123513    .037519    -2.99   0.004    -.1877105   -.0369921
              household_members |  -.1429568    .063453    -2.25   0.029    -.2704059   -.0155077
          non_household_members |  -.1300735   .0316409    -4.11   0.000    -.1936262   -.0665209
                          _cons |   2.677314   .4589341     5.83   0.000     1.755518    3.599111
-------------------------------------------------------------------------------------------------
Results/Table5_WellBeing.xls
dir : seeout
(sum of wgt is 823,145,840,373.5)
note: 14.famincome omitted because of collinearity.
note: 2021.year omitted because of collinearity.

Linear regression                               Number of obs     =     97,889
                                                F(46, 50)         =          .
                                                Prob > F          =          .
                                                R-squared         =     0.0729
                                                Root MSE          =     1.8009

                                                 (Std. err. adjusted for 51 clusters in statefip)
-------------------------------------------------------------------------------------------------
                                |               Robust
                        meaning | Coefficient  std. err.      t    P>|t|     [95% conf. interval]
--------------------------------+----------------------------------------------------------------
                        did_ind |  -.1992318   .0863289    -2.31   0.025    -.3726285   -.0258351
                  treatment_ind |  -.0334344    .105631    -0.32   0.753    -.2456006    .1787318
                      post_tcja |   .0284503    .052683     0.54   0.592    -.0773666    .1342671
                  financial_act |   .1897353   .1157401     1.64   0.107    -.0427356    .4222061
                                |
      c.did_ind#c.financial_act |   .0387932   .3638193     0.11   0.916    -.6919594    .7695457
                                |
c.treatment_ind#c.financial_act |   .1041429   .1821228     0.57   0.570    -.2616614    .4699472
                                |
    c.post_tcja#c.financial_act |  -.1347196   .1693088    -0.80   0.430    -.4747864    .2053471
                                |
                       duration |   .0001179   .0001202     0.98   0.331    -.0001235    .0003593
                           male |  -.2034629   .0341372    -5.96   0.000    -.2720293   -.1348964
                            age |   .0400382   .0062009     6.46   0.000     .0275833    .0524931
                          age_2 |  -.0260482   .0066289    -3.93   0.000    -.0393627   -.0127336
                      full_time |   .0015695   .0352409     0.04   0.965    -.0692139    .0723528
                 male_full_time |   .0874943   .0535653     1.63   0.109    -.0200947    .1950833
                         educ_2 |  -.0334009    .060206    -0.55   0.582    -.1543282    .0875263
                         educ_3 |  -.0646342   .0544072    -1.19   0.240    -.1739142    .0446459
                       hispanic |   .2539983     .05102     4.98   0.000     .1515217    .3564749
                        married |   .1056355   .0318845     3.31   0.002     .0415936    .1696773
                          white |  -.7588833   .3337668    -2.27   0.027    -1.429274   -.0884929
                          black |  -.4819282   .3401791    -1.42   0.163    -1.165198    .2013416
                         indian |  -.6647036   .3242334    -2.05   0.046    -1.315945   -.0134617
                          asian |  -.5734595    .324297    -1.77   0.083    -1.224829    .0779102
                        pacific |  -.6467227   .6421422    -1.01   0.319    -1.936503     .643058
                    other_races |  -.5601263   .3366387    -1.66   0.102    -1.236285    .1160324
                        retired |  -.0103057   .0428524    -0.24   0.811    -.0963773     .075766
                        hh_size |   .0474682   .0127367     3.73   0.000     .0218858    .0730506
                     hh_numkids |    .003332   .0254886     0.13   0.897    -.0478633    .0545274
                      ageychild |  -.0102686   .0029223    -3.51   0.001    -.0161383   -.0043989
                                |
                      famincome |
                             2  |  -.0857754   .1776672    -0.48   0.631    -.4426306    .2710797
                             3  |  -.0380123   .1534817    -0.25   0.805    -.3462893    .2702647
                             4  |  -.2449937   .1569629    -1.56   0.125     -.560263    .0702756
                             5  |  -.0763057   .1321938    -0.58   0.566    -.3418247    .1892134
                             6  |   .0494772   .1005567     0.49   0.625    -.1524968    .2514513
                             7  |   .0308414   .0922773     0.33   0.740    -.1545031    .2161859
                             8  |  -.1089455   .1016856    -1.07   0.289    -.3131871    .0952961
                             9  |  -.0100057   .1014272    -0.10   0.922    -.2137282    .1937168
                            10  |  -.0291372   .1054396    -0.28   0.783     -.240919    .1826445
                            11  |  -.0751232    .103777    -0.72   0.473    -.2835654     .133319
                            12  |   .0560635   .0674149     0.83   0.410    -.0793433    .1914703
                            13  |  -.0133335    .061687    -0.22   0.830    -.1372356    .1105685
                            14  |          0  (omitted)
                            15  |  -.1712248   .0963199    -1.78   0.082     -.364689    .0222394
                            16  |  -.1430966   .1048844    -1.36   0.179     -.353763    .0675698
                                |
                           year |
                          2012  |   .0408802    .041884     0.98   0.334    -.0432462    .1250066
                          2013  |    .048904   .0314178     1.56   0.126    -.0142004    .1120084
                          2021  |          0  (omitted)
                                |
                       statefip |
                             2  |   .1144383    .032716     3.50   0.001     .0487262    .1801503
                             4  |   .0041631   .0237975     0.17   0.862    -.0436357    .0519618
                             5  |   .0163835   .0164549     1.00   0.324    -.0166672    .0494341
                             6  |    .027289   .0270198     1.01   0.317    -.0269819    .0815599
                             8  |   -.031868   .0209738    -1.52   0.135    -.0739951    .0102591
                             9  |   .2122031   .0196875    10.78   0.000     .1726596    .2517466
                            10  |   .2572087   .0137602    18.69   0.000     .2295704    .2848469
                            11  |  -.3878199   .0219785   -17.65   0.000     -.431965   -.3436748
                            12  |   .1141387   .0203626     5.61   0.000     .0732392    .1550382
                            13  |   .1174321   .0127957     9.18   0.000     .0917311    .1431331
                            15  |   -.286094   .0564677    -5.07   0.000    -.3995127   -.1726753
                            16  |   .2423542   .0245809     9.86   0.000      .192982    .2917264
                            17  |  -.0180056    .017886    -1.01   0.319    -.0539307    .0179196
                            18  |  -.0727892    .019396    -3.75   0.000    -.1117472   -.0338312
                            19  |  -.1415959   .0191319    -7.40   0.000    -.1800235   -.1031683
                            20  |   .2365915   .0181459    13.04   0.000     .2001443    .2730387
                            21  |   .1762818   .0162597    10.84   0.000     .1436232    .2089405
                            22  |   .1234835   .0105588    11.69   0.000     .1022754    .1446915
                            23  |   .5436483   .0206549    26.32   0.000     .5021618    .5851349
                            24  |   .2526718   .0163151    15.49   0.000     .2199021    .2854416
                            25  |  -.1219524   .0194836    -6.26   0.000    -.1610864   -.0828184
                            26  |  -.0588644   .0143982    -4.09   0.000    -.0877841   -.0299446
                            27  |  -.0695653     .01892    -3.68   0.001    -.1075673   -.0315633
                            28  |   .5428213   .0120076    45.21   0.000     .5187033    .5669393
                            29  |   .1074281   .0174898     6.14   0.000     .0722989    .1425573
                            30  |   .3591205   .0263191    13.64   0.000     .3062571    .4119839
                            31  |  -.0522478     .02359    -2.21   0.031    -.0996297    -.004866
                            32  |   .1043305   .0226286     4.61   0.000     .0588796    .1497813
                            33  |   .1612683   .0198445     8.13   0.000     .1214094    .2011272
                            34  |  -.0032691   .0184082    -0.18   0.860    -.0402431    .0337049
                            35  |   .3626084   .0265355    13.67   0.000     .3093103    .4159066
                            36  |   .0088728   .0146535     0.61   0.548    -.0205597    .0383053
                            37  |   .2094962    .011658    17.97   0.000     .1860804    .2329119
                            38  |   .3564672   .0213004    16.74   0.000     .3136841    .3992503
                            39  |   .0630199   .0144554     4.36   0.000     .0339853    .0920544
                            40  |   .1745007   .0188589     9.25   0.000     .1366214      .21238
                            41  |   .0479783   .0190521     2.52   0.015      .009711    .0862455
                            42  |   .0900849   .0164975     5.46   0.000     .0569487    .1232211
                            44  |    .373044   .0205693    18.14   0.000     .3317294    .4143586
                            45  |   .2339279   .0111495    20.98   0.000     .2115335    .2563222
                            46  |   .4007339   .0187632    21.36   0.000     .3630469    .4384208
                            47  |  -.1372196    .016931    -8.10   0.000    -.1712266   -.1032126
                            48  |   .1592816    .024207     6.58   0.000     .1106604    .2079028
                            49  |  -.0070891   .0231073    -0.31   0.760    -.0535014    .0393233
                            50  |   .1407812   .0235573     5.98   0.000      .093465    .1880974
                            51  |   .0504547   .0141126     3.58   0.001     .0221087    .0788007
                            53  |  -.2023524   .0204662    -9.89   0.000      -.24346   -.1612448
                            54  |   .1363179   .0223025     6.11   0.000      .091522    .1811139
                            55  |  -.0077035   .0197701    -0.39   0.698    -.0474129    .0320059
                            56  |    .016264   .0246905     0.66   0.513    -.0333284    .0658563
                                |
                         spouse |   .1674679   .0258735     6.47   0.000     .1154995    .2194363
                       children |   .7150888   .0272071    26.28   0.000     .6604417     .769736
              household_members |   .3258729    .054702     5.96   0.000     .2160006    .4357451
          non_household_members |   .5366429   .0387023    13.87   0.000     .4589071    .6143788
                          _cons |   3.366619   .3910404     8.61   0.000     2.581192    4.152047
-------------------------------------------------------------------------------------------------
Results/Table5_WellBeing.xls
dir : seeout

. 
. *--- Well-being for financial activities only ---
. preserve

. keep if financial_act == 1
(96,313 observations deleted)

. foreach outcome in schappy scstress sctired {
  2.     local lab = cond("`outcome'" == "schappy",  "Happiness", ///
>                 cond("`outcome'" == "scstress", "Stress", "Tiredness"))
  3.     reg `outcome' did_ind treatment_ind post_tcja duration ///
>         $controls i.year i.statefip ///
>         [aw = awbwt], robust cluster(statefip)
  4.     outreg2 using "Results/Table5_WellBeing_FinancialOnly.xls", ///
>         ctitle("`lab' (Fin. Only)") ///
>         keep(did_ind treatment_ind post_tcja duration $controls) ///
>         addtext("Controls","Yes","State FE","Yes","Year FE","Yes") ///
>         bdec(3) se append
  5. }
(sum of wgt is 7,761,419,112.178)
note: pacific omitted because of collinearity.
note: other_races omitted because of collinearity.
note: 14.famincome omitted because of collinearity.
note: 2021.year omitted because of collinearity.

Linear regression                               Number of obs     =      1,576
                                                F(36, 49)         =          .
                                                Prob > F          =          .
                                                R-squared         =     0.2185
                                                Root MSE          =     1.5744

                                (Std. err. adjusted for 50 clusters in statefip)
--------------------------------------------------------------------------------
               |               Robust
       schappy | Coefficient  std. err.      t    P>|t|     [95% conf. interval]
---------------+----------------------------------------------------------------
       did_ind |   .2067892   .3043083     0.68   0.500    -.4047412    .8183196
 treatment_ind |   -.557476   .6560967    -0.85   0.400    -1.875952    .7609998
     post_tcja |   .0588529   .2771622     0.21   0.833    -.4981253    .6158312
      duration |  -.0013917   .0009426    -1.48   0.146    -.0032859    .0005026
          male |  -.0489347   .1696125    -0.29   0.774    -.3897838    .2919143
           age |    .006432   .0250934     0.26   0.799    -.0439951    .0568591
         age_2 |  -.0012652   .0254716    -0.05   0.961    -.0524524     .049922
     full_time |  -.0470717   .2249048    -0.21   0.835    -.4990347    .4048914
male_full_time |   .1091655   .2690691     0.41   0.687    -.4315491      .64988
        educ_2 |  -.8625302   .4301367    -2.01   0.050    -1.726922    .0018619
        educ_3 |  -.2955807   .4262404    -0.69   0.491    -1.152143    .5609813
      hispanic |   .5519842   .3335625     1.65   0.104    -.1183348    1.222303
       married |   .2387751   .2142086     1.11   0.270    -.1916932    .6692434
         white |   .3879045   .4869056     0.80   0.429     -.590569    1.366378
         black |   .1415022   .5362998     0.26   0.793    -.9362327    1.219237
        indian |  -.0845367   1.483688    -0.06   0.955     -3.06612    2.897047
         asian |   1.034018   .5426022     1.91   0.063    -.0563822    2.124418
       pacific |          0  (omitted)
   other_races |          0  (omitted)
       retired |  -.0642009   .2791255    -0.23   0.819    -.6251245    .4967227
       hh_size |   .1264737   .0775277     1.63   0.109    -.0293242    .2822715
    hh_numkids |  -.3343827   .1894167    -1.77   0.084    -.7150299    .0462644
     ageychild |    .018453   .0269446     0.68   0.497    -.0356942    .0726002
               |
     famincome |
            2  |  -.9979718   .9839081    -1.01   0.315    -2.975209    .9792656
            3  |   .2282078    .834273     0.27   0.786    -1.448327    1.904742
            4  |   .3431639   .6530927     0.53   0.602    -.9692751    1.655603
            5  |   -.867145    .663172    -1.31   0.197    -2.199839     .465549
            6  |  -.1830588   .5952601    -0.31   0.760    -1.379279    1.013161
            7  |  -1.195888   .6588555    -1.82   0.076    -2.519908    .1281319
            8  |   .3346371   .7144605     0.47   0.642    -1.101125    1.770399
            9  |    .142497   .6375156     0.22   0.824    -1.138639    1.423633
           10  |  -.3154776   .5790925    -0.54   0.588    -1.479208    .8482523
           11  |  -.8933355   .5886353    -1.52   0.136    -2.076242    .2895714
           12  |   .6542371    .290319     2.25   0.029     .0708192    1.237655
           13  |   .5018218   .3193139     1.57   0.122    -.1398636    1.143507
           14  |          0  (omitted)
           15  |   -.751664   .6636715    -1.13   0.263    -2.085362    .5820338
           16  |  -.8174792   .6208304    -1.32   0.194    -2.065085    .4301262
               |
          year |
         2012  |   .3477792   .1578883     2.20   0.032     .0304907    .6650676
         2013  |   .6064479    .154568     3.92   0.000     .2958319    .9170639
         2021  |          0  (omitted)
               |
      statefip |
            2  |   1.787525    .418563     4.27   0.000     .9463914    2.628659
            4  |  -.4879684     .26523    -1.84   0.072    -1.020968    .0450312
            5  |   .0604257   .2745891     0.22   0.827    -.4913817    .6122331
            6  |    -.44378   .2198571    -2.02   0.049    -.8855994   -.0019605
            8  |   .0384147   .2178392     0.18   0.861    -.3993495    .4761788
            9  |  -.6092178   .2490391    -2.45   0.018    -1.109681    -.108755
           10  |  -3.030859     .28341   -10.69   0.000    -3.600393   -2.461326
           11  |  -3.654747   .6307449    -5.79   0.000    -4.922276   -2.387217
           12  |  -.1201607   .2341933    -0.51   0.610    -.5907898    .3504684
           13  |   .7201355   .1458033     4.94   0.000     .4271329    1.013138
           15  |  -1.152218   .4776279    -2.41   0.020    -2.112047   -.1923889
           16  |  -.5450652   .2923056    -1.86   0.068    -1.132475     .042345
           17  |  -.3599931   .1967379    -1.83   0.073    -.7553528    .0353665
           18  |   .2958859   .1852921     1.60   0.117    -.0764726    .6682444
           19  |   .4045148    .205429     1.97   0.055    -.0083103    .8173398
           20  |  -.3350721   .2743485    -1.22   0.228    -.8863961    .2162519
           21  |  -.6708457   .3161685    -2.12   0.039     -1.30621   -.0354813
           22  |   .0826942   .2596237     0.32   0.751    -.4390393    .6044276
           23  |  -.5584238   .1895306    -2.95   0.005    -.9392997   -.1775479
           24  |  -1.197122   .2683931    -4.46   0.000    -1.736478   -.6577656
           25  |  -.1901712   .2289886    -0.83   0.410     -.650341    .2699986
           26  |   .4663286   .2080476     2.24   0.030     .0482413     .884416
           27  |   .4349993    .231909     1.88   0.067    -.0310392    .9010379
           28  |  -.2203713   .2941403    -0.75   0.457    -.8114683    .3707258
           29  |  -.2278276   .2468155    -0.92   0.360    -.7238219    .2681666
           30  |  -.2535283   .2323597    -1.09   0.281    -.7204725     .213416
           31  |  -.3413453    .203342    -1.68   0.100    -.7499764    .0672857
           32  |  -.2448613   .2269794    -1.08   0.286    -.7009935    .2112709
           33  |  -.3077276   .3130996    -0.98   0.331    -.9369248    .3214697
           34  |  -.9822706   .1724625    -5.70   0.000    -1.328847   -.6356942
           35  |   1.010507   .5640987     1.79   0.079    -.1230919    2.144106
           36  |   -.547548   .1521373    -3.60   0.001    -.8532792   -.2418167
           37  |   .2551167    .201187     1.27   0.211    -.1491837    .6594171
           38  |  -1.131119   .4437405    -2.55   0.014    -2.022849   -.2393892
           39  |   -.780365   .1961754    -3.98   0.000    -1.174594   -.3861359
           40  |     1.3571   .3539612     3.83   0.000     .6457886    2.068412
           41  |  -.1799596   .2528445    -0.71   0.480    -.6880696    .3281504
           42  |  -.6904622   .1996917    -3.46   0.001    -1.091758   -.2891666
           44  |   .7583924    .295122     2.57   0.013     .1653226    1.351462
           45  |   .7339595    .257742     2.85   0.006     .2160074    1.251911
           46  |  -1.113979   .2879429    -3.87   0.000    -1.692622   -.5353364
           47  |  -.8162847   .1695111    -4.82   0.000     -1.15693   -.4756393
           48  |  -.5516988   .2059479    -2.68   0.010    -.9655666   -.1378309
           49  |   .3540484   .2253981     1.57   0.123     -.098906    .8070027
           50  |  -1.431141   .5014434    -2.85   0.006     -2.43883   -.4234531
           51  |  -.4564547   .1791053    -2.55   0.014    -.8163803   -.0965292
           53  |  -.0713458   .2022396    -0.35   0.726    -.4777614    .3350699
           54  |   1.096501   .2402531     4.56   0.000     .6136946    1.579308
           55  |  -1.053649   .1595913    -6.60   0.000     -1.37436   -.7329386
               |
         _cons |   3.772183   .9532611     3.96   0.000     1.856533    5.687833
--------------------------------------------------------------------------------
Results/Table5_WellBeing_FinancialOnly.xls
dir : seeout
(sum of wgt is 7,761,419,112.178)
note: pacific omitted because of collinearity.
note: other_races omitted because of collinearity.
note: 14.famincome omitted because of collinearity.
note: 2021.year omitted because of collinearity.

Linear regression                               Number of obs     =      1,576
                                                F(36, 49)         =          .
                                                Prob > F          =          .
                                                R-squared         =     0.2425
                                                Root MSE          =     1.6994

                                (Std. err. adjusted for 50 clusters in statefip)
--------------------------------------------------------------------------------
               |               Robust
      scstress | Coefficient  std. err.      t    P>|t|     [95% conf. interval]
---------------+----------------------------------------------------------------
       did_ind |  -.4171811   .5439134    -0.77   0.447    -1.510216    .6758539
 treatment_ind |   .4671371   .5511693     0.85   0.401    -.6404792    1.574753
     post_tcja |    .130644   .2919786     0.45   0.657    -.4561091     .717397
      duration |   .0024724   .0007096     3.48   0.001     .0010464    .0038984
          male |    -.65426   .2564381    -2.55   0.014    -1.169592   -.1389282
           age |   .0249951   .0234185     1.07   0.291    -.0220661    .0720563
         age_2 |  -.0316501   .0242623    -1.30   0.198    -.0804069    .0171067
     full_time |   .0999501   .2819835     0.35   0.725     -.466717    .6666172
male_full_time |  -.2137496   .4564526    -0.47   0.642    -1.131025    .7035262
        educ_2 |   .6258189   .4346917     1.44   0.156    -.2477268    1.499365
        educ_3 |   .5001718   .4461934     1.12   0.268    -.3964874    1.396831
      hispanic |  -.0681565   .2901429    -0.23   0.815    -.6512204    .5149074
       married |  -.0142586   .1815816    -0.08   0.938    -.3791604    .3506433
         white |  -1.114138   .6492369    -1.72   0.092    -2.418828    .1905525
         black |  -.5781925   .7421333    -0.78   0.440    -2.069565    .9131801
        indian |  -3.736646   .6936017    -5.39   0.000    -5.130491   -2.342801
         asian |  -1.310856   .6502068    -2.02   0.049    -2.617495   -.0042163
       pacific |          0  (omitted)
   other_races |          0  (omitted)
       retired |   .0990167   .3862998     0.26   0.799    -.6772818    .8753151
       hh_size |   .0416891   .1084222     0.38   0.702    -.1761934    .2595716
    hh_numkids |  -.1866057   .1373316    -1.36   0.180     -.462584    .0893725
     ageychild |   .0294049   .0193754     1.52   0.136    -.0095315    .0683413
               |
     famincome |
            2  |    2.82442   1.148764     2.46   0.018     .5158926    5.132948
            3  |   .6519461   .7876082     0.83   0.412    -.9308118    2.234704
            4  |   .7947448   .7493482     1.06   0.294    -.7111269    2.300616
            5  |   1.623667   .5201061     3.12   0.003     .5784751     2.66886
            6  |   .1637509    .531577     0.31   0.759     -.904493    1.231995
            7  |   .6724078   .4861807     1.38   0.173     -.304609    1.649425
            8  |   .2989523   .5347766     0.56   0.579    -.7757215    1.373626
            9  |   1.021561   .6173308     1.65   0.104    -.2190118    2.262134
           10  |   1.315009   .6721747     1.96   0.056    -.0357767    2.665795
           11  |   1.100674   .6109792     1.80   0.078    -.1271345    2.328483
           12  |    .622408   .3708176     1.68   0.100    -.1227779    1.367594
           13  |  -.2492257   .3881297    -0.64   0.524    -1.029201    .5307501
           14  |          0  (omitted)
           15  |   .8841189   .5327368     1.66   0.103    -.1864558    1.954694
           16  |   .5012774   .5132043     0.98   0.333    -.5300453      1.5326
               |
          year |
         2012  |  -.2650419    .164697    -1.61   0.114    -.5960129    .0659292
         2013  |  -.3076803   .1697559    -1.81   0.076    -.6488175    .0334569
         2021  |          0  (omitted)
               |
      statefip |
            2  |   .4140601   .3727628     1.11   0.272    -.3350347    1.163155
            4  |   .8634511   .3240042     2.66   0.010     .2123403    1.514562
            5  |  -.2370599   .3185861    -0.74   0.460    -.8772827    .4031629
            6  |    .988195   .3157179     3.13   0.003     .3537361    1.622654
            8  |   .7006925   .2689018     2.61   0.012     .1603141    1.241071
            9  |    .558228   .3169019     1.76   0.084    -.0786102    1.195066
           10  |   .8966495   .4725192     1.90   0.064    -.0529135    1.846212
           11  |  -1.507599   .5638217    -2.67   0.010    -2.640641   -.3745566
           12  |   .1480426     .24715     0.60   0.552    -.3486239     .644709
           13  |   .4360645   .2238561     1.95   0.057    -.0137912    .8859201
           15  |   .9566674   .5487435     1.74   0.088    -.1460739    2.059409
           16  |   2.049442   .3299827     6.21   0.000     1.386317    2.712567
           17  |    .633126   .2652884     2.39   0.021      .100009    1.166243
           18  |    .663194   .2933017     2.26   0.028     .0737822    1.252606
           19  |  -.1154547    .329768    -0.35   0.728    -.7781483    .5472389
           20  |   1.252782   .3005776     4.17   0.000     .6487487    1.856815
           21  |   1.296899   .2286971     5.67   0.000     .8373153    1.756483
           22  |   .3371997   .2881397     1.17   0.248    -.2418387     .916238
           23  |   .7266884   .2814125     2.58   0.013     .1611688    1.292208
           24  |   1.685793   .3375548     4.99   0.000     1.007451    2.364134
           25  |    1.22674   .3083538     3.98   0.000     .6070797      1.8464
           26  |   .6517791   .2421183     2.69   0.010     .1652241    1.138334
           27  |   .7775521   .2787602     2.79   0.008     .2173625    1.337742
           28  |   .3385996   .2492408     1.36   0.181    -.1622685    .8394678
           29  |   .9099461   .2509396     3.63   0.001     .4056641    1.414228
           30  |  -.4851526    .301719    -1.61   0.114     -1.09148    .1211744
           31  |   .4265827   .2801758     1.52   0.134    -.1364517    .9896172
           32  |   .7841663   .2546437     3.08   0.003     .2724407    1.295892
           33  |   .4073156   .3523218     1.16   0.253    -.3007016    1.115333
           34  |   1.164818    .250374     4.65   0.000     .6616721    1.667963
           35  |   1.086947   .4194747     2.59   0.013     .2439813    1.929913
           36  |   .5194039   .1704878     3.05   0.004     .1767959    .8620119
           37  |   .4126978   .2411988     1.71   0.093    -.0720093    .8974049
           38  |  -.2403481   .5019007    -0.48   0.634    -1.248955    .7682592
           39  |   1.437039   .2790842     5.15   0.000     .8761987     1.99788
           40  |   .6293717   .4720777     1.33   0.189     -.319304    1.578047
           41  |   .5154012   .2924489     1.76   0.084    -.0722969    1.103099
           42  |   .4775098   .2582789     1.85   0.071     -.041521    .9965407
           44  |   -.635491   .3416591    -1.86   0.069    -1.322081    .0510988
           45  |   .6056401   .2494884     2.43   0.019     .1042745    1.107006
           46  |  -.0571513   .3665455    -0.16   0.877    -.7937522    .6794495
           47  |   .2653492   .2941705     0.90   0.371    -.3258086    .8565069
           48  |   1.171333    .336108     3.48   0.001      .495899    1.846768
           49  |   .2709889   .3558711     0.76   0.450    -.4441608    .9861386
           50  |    .935291    .466605     2.00   0.051    -.0023868    1.872969
           51  |   .8471134   .2214948     3.82   0.000     .4020029    1.292224
           53  |   .0280145   .2703281     0.10   0.918    -.5152301    .5712591
           54  |  -.3461312   .3913063    -0.88   0.381    -1.132491    .4402282
           55  |   .4359736   .2008519     2.17   0.035     .0323466    .8396005
               |
         _cons |   .8262155   1.052511     0.78   0.436    -1.288884    2.941315
--------------------------------------------------------------------------------
Results/Table5_WellBeing_FinancialOnly.xls
dir : seeout
(sum of wgt is 7,761,419,112.178)
note: pacific omitted because of collinearity.
note: other_races omitted because of collinearity.
note: 14.famincome omitted because of collinearity.
note: 2021.year omitted because of collinearity.

Linear regression                               Number of obs     =      1,576
                                                F(36, 49)         =          .
                                                Prob > F          =          .
                                                R-squared         =     0.2202
                                                Root MSE          =      1.751

                                (Std. err. adjusted for 50 clusters in statefip)
--------------------------------------------------------------------------------
               |               Robust
       sctired | Coefficient  std. err.      t    P>|t|     [95% conf. interval]
---------------+----------------------------------------------------------------
       did_ind |  -.4261497    .308239    -1.38   0.173    -1.045579    .1932797
 treatment_ind |   1.127816   .6792492     1.66   0.103    -.2371862    2.492819
     post_tcja |   .0599007   .1858585     0.32   0.749     -.313596    .4333974
      duration |  -.0005868   .0008403    -0.70   0.488    -.0022754    .0011018
          male |  -.2243333   .2159576    -1.04   0.304    -.6583163    .2096497
           age |  -.0126481   .0313244    -0.40   0.688    -.0755968    .0503006
         age_2 |   .0060338   .0326322     0.18   0.854     -.059543    .0716106
     full_time |     .64215   .1727488     3.72   0.001     .2949983    .9893018
male_full_time |  -.6573859   .2468692    -2.66   0.010    -1.153488   -.1612837
        educ_2 |   .1904712   .3638375     0.52   0.603    -.5406877      .92163
        educ_3 |   .1481037   .3371062     0.44   0.662    -.5293365    .8255439
      hispanic |   .0532968   .1952169     0.27   0.786    -.3390062    .4455997
       married |  -.0993786   .1816302    -0.55   0.587    -.4643781    .2656209
         white |  -.2131166   .4981091    -0.43   0.671    -1.214104    .7878711
         black |    .250823   .5671241     0.44   0.660    -.8888556    1.390502
        indian |  -2.792408   .5648364    -4.94   0.000    -3.927489   -1.657327
         asian |   .0475782    .534732     0.09   0.929    -1.027006    1.122162
       pacific |          0  (omitted)
   other_races |          0  (omitted)
       retired |   .3721632   .3277107     1.14   0.262    -.2863961    1.030723
       hh_size |  -.0266725   .1496979    -0.18   0.859    -.3275017    .2741567
    hh_numkids |   .1098721   .2198695     0.50   0.620    -.3319722    .5517163
     ageychild |   .0068375    .022766     0.30   0.765    -.0389124    .0525874
               |
     famincome |
            2  |   2.418485   .7292364     3.32   0.002     .9530298    3.883941
            3  |  -.0289705   .8446617    -0.03   0.973    -1.726382    1.668441
            4  |   1.112758   .8680467     1.28   0.206     -.631647    2.857164
            5  |   2.073134   .7200407     2.88   0.006      .626158     3.52011
            6  |   1.458554   .6572952     2.22   0.031       .13767    2.779438
            7  |   .7991215   .6856778     1.17   0.249    -.5787997    2.177043
            8  |   .7212033     .69681     1.04   0.306    -.6790888    2.121495
            9  |   1.600439   .7817466     2.05   0.046     .0294606    3.171418
           10  |   1.422243   .6384413     2.23   0.031     .1392469    2.705238
           11  |   1.377813   .6767542     2.04   0.047     .0178246    2.737802
           12  |    .341195   .2822701     1.21   0.233    -.2260481     .908438
           13  |  -.1415197    .285996    -0.49   0.623    -.7162502    .4332107
           14  |          0  (omitted)
           15  |   1.225907   .7368308     1.66   0.103    -.2548095    2.706624
           16  |   .6352706   .6436528     0.99   0.329    -.6581982    1.928739
               |
          year |
         2012  |  -.4258358   .1638529    -2.60   0.012    -.7551105    -.096561
         2013  |  -.4555174   .1726015    -2.64   0.011     -.802373   -.1086617
         2021  |          0  (omitted)
               |
      statefip |
            2  |  -2.090586   .2722788    -7.68   0.000    -2.637751   -1.543421
            4  |  -.5098457   .2394874    -2.13   0.038    -.9911137   -.0285777
            5  |  -1.586767   .2555912    -6.21   0.000    -2.100397   -1.073137
            6  |  -1.036418   .2086212    -4.97   0.000    -1.455658    -.617178
            8  |  -.6772171   .2134493    -3.17   0.003     -1.10616   -.2482746
            9  |  -.2752585   .1722313    -1.60   0.116    -.6213703    .0708533
           10  |  -3.354843   .2849742   -11.77   0.000     -3.92752   -2.782166
           11  |  -4.444457   .4931165    -9.01   0.000    -5.435411   -3.453502
           12  |  -.6633635   .1679693    -3.95   0.000    -1.000911   -.3258165
           13  |  -1.049164   .1528787    -6.86   0.000    -1.356385   -.7419424
           15  |   .0458099   .4505261     0.10   0.919    -.8595562    .9511759
           16  |   .6438233   .2987555     2.16   0.036     .0434517    1.244195
           17  |  -.8722666   .1953962    -4.46   0.000     -1.26493   -.4796032
           18  |  -1.144291   .1894136    -6.04   0.000    -1.524932   -.7636502
           19  |  -.7035873   .2403881    -2.93   0.005    -1.186665   -.2205094
           20  |  -1.273853   .3199278    -3.98   0.000    -1.916772   -.6309345
           21  |   -.565036   .2208644    -2.56   0.014     -1.00888   -.1211925
           22  |  -2.086846   .1775714   -11.75   0.000     -2.44369   -1.730003
           23  |  -.6046273   .2305057    -2.62   0.012    -1.067846   -.1414088
           24  |  -.5299276   .2387236    -2.22   0.031    -1.009661   -.0501946
           25  |   -.896126   .2688532    -3.33   0.002    -1.436407   -.3558453
           26  |  -1.442652   .1649068    -8.75   0.000    -1.774044   -1.111259
           27  |   -1.58777   .2171397    -7.31   0.000    -2.024129   -1.151412
           28  |  -.2655756   .1978042    -1.34   0.186    -.6630781    .1319269
           29  |   .3325692   .2619652     1.27   0.210    -.1938694    .8590079
           30  |  -1.560488      .2802    -5.57   0.000    -2.123571   -.9974052
           31  |   -1.08577     .20461    -5.31   0.000    -1.496949   -.6745907
           32  |  -2.152662   .2228803    -9.66   0.000    -2.600557   -1.704767
           33  |  -2.618064   .2634242    -9.94   0.000    -3.147435   -2.088694
           34  |  -1.032945   .2130619    -4.85   0.000    -1.461109   -.6047815
           35  |  -.3570561   .2784184    -1.28   0.206    -.9165589    .2024467
           36  |   -1.61865   .1993481    -8.12   0.000    -2.019255   -1.218045
           37  |  -1.710012   .1582669   -10.80   0.000    -2.028061   -1.391963
           38  |  -2.545999   .5886091    -4.33   0.000    -3.728853   -1.363145
           39  |  -1.185253   .1717381    -6.90   0.000    -1.530374   -.8401326
           40  |   .0515946   .2968251     0.17   0.863    -.5448978     .648087
           41  |  -.6228593   .1974173    -3.16   0.003    -1.019584   -.2261344
           42  |  -.8619036   .1874448    -4.60   0.000    -1.238588   -.4852192
           44  |  -2.331027   .3615066    -6.45   0.000    -3.057502   -1.604552
           45  |  -.5043744   .2071869    -2.43   0.019     -.920732   -.0880167
           46  |  -.9300811   .2643497    -3.52   0.001    -1.461312   -.3988505
           47  |   .4675019    .224159     2.09   0.042     .0170376    .9179662
           48  |   .2002334   .1977722     1.01   0.316    -.1972048    .5976716
           49  |  -1.307946   .3485803    -3.75   0.000    -2.008444   -.6074475
           50  |    .342152   .5313555     0.64   0.523    -.7256469    1.409951
           51  |  -1.008359   .1800842    -5.60   0.000    -1.370252   -.6464663
           53  |  -1.054921    .193457    -5.45   0.000    -1.443687   -.6661545
           54  |  -.9593407   .2510593    -3.82   0.000    -1.463863   -.4548181
           55  |  -1.205936   .1993397    -6.05   0.000    -1.606524   -.8053474
               |
         _cons |   2.710211   1.215978     2.23   0.030     .2666116     5.15381
--------------------------------------------------------------------------------
Results/Table5_WellBeing_FinancialOnly.xls
dir : seeout

. restore

. 
. log close
      name:  <unnamed>
       log:  C:\data\GMX_Tax_Changes\Results/Table5_WellBeing_DiD.log
  log type:  text
 closed on:  29 Apr 2026, 10:44:03
--------------------------------------------------------------------------------------------------------------------
