--------------------------------------------------------------------------------------------------------------------
      name:  <unnamed>
       log:  C:\data\GMX_Tax_Changes\Results/Table1_SumStats_TCJA.log
  log type:  text
 opened on:  29 Apr 2026, 10:43:35

. 
. di "--- Panel A: Time use (minutes/day) ---"
--- Panel A: Time use (minutes/day) ---

. sum financial personal_care housework childcare adult_care market_work study leisure ///
>     [aw = wt06]

    Variable |     Obs      Weight        Mean   Std. dev.       Min        Max
-------------+-----------------------------------------------------------------
   financial |  87,779  8.4447e+11    8.314909   34.71245          0        889
personal_~re |  87,779  8.4447e+11    657.4566   155.8872          0       1440
   housework |  87,779  8.4447e+11    142.3016   154.7303          0       1365
   childcare |  87,779  8.4447e+11    31.26314   84.46532          0       1350
  adult_care |  87,779  8.4447e+11    4.603625   24.95189          0       1020
-------------+-----------------------------------------------------------------
 market_work |  87,779  8.4447e+11    223.1003    279.082          0       1440
       study |  87,779  8.4447e+11    27.89801   111.0934          0       1345
     leisure |  87,779  8.4447e+11    345.0618   231.3973          0       1439

. 
. di "--- Panel B: Demographics ---"
--- Panel B: Demographics ---

. sum male age full_time educ_1 educ_2 educ_3 hispanic married ///
>     white black indian asian pacific other_races retired ///
>     hh_size hh_numkids ageychild [aw = wt06]

    Variable |     Obs      Weight        Mean   Std. dev.       Min        Max
-------------+-----------------------------------------------------------------
        male |  87,779  8.4447e+11     .496784   .4999925          0          1
         age |  87,779  8.4447e+11    45.78322   18.92019         15         85
   full_time |  87,779  8.4447e+11    .4941371   .4999685          0          1
      educ_1 |  87,779  8.4447e+11    .1499933   .3570669          0          1
      educ_2 |  87,779  8.4447e+11    .2838379   .4508617          0          1
-------------+-----------------------------------------------------------------
      educ_3 |  87,779  8.4447e+11    .5661688   .4956052          0          1
    hispanic |  87,779  8.4447e+11    .1702024   .3758126          0          1
     married |  87,779  8.4447e+11    .5075598   .4999457          0          1
       white |  87,779  8.4447e+11    .7978889   .4015769          0          1
       black |  87,779  8.4447e+11    .1251698   .3309132          0          1
-------------+-----------------------------------------------------------------
      indian |  87,779  8.4447e+11    .0080361   .0892839          0          1
       asian |  87,779  8.4447e+11    .0519333   .2218937          0          1
     pacific |  87,779  8.4447e+11    .0023569   .0484914          0          1
 other_races |  87,779  8.4447e+11    .0137204   .1163283          0          1
     retired |  87,779  8.4447e+11    .1591543    .365822          0          1
-------------+-----------------------------------------------------------------
     hh_size |  87,779  8.4447e+11    2.939652   1.551254          1         15
  hh_numkids |  87,779  8.4447e+11    .6846171   1.090552          0         12
   ageychild |  87,779  8.4447e+11    3.029435   5.219277          0         17

. 
. di "--- Panel C: Treatment group breakdown ---"
--- Panel C: Treatment group breakdown ---

. tab famincome, sum(financial)

            |        Summary of financial
  famincome |        Mean   Std. dev.       Freq.
------------+------------------------------------
          1 |   6.5176094   33.259804       1,874
          2 |    6.072573   28.254694       1,061
          3 |   7.2621919   40.341192       1,907
          4 |   7.0395161   35.184835       2,480
          5 |   7.2109444   33.541271       2,266
          6 |   6.8564852   32.673207       3,693
          7 |   8.0366833   34.375506       4,607
          8 |   9.1592153   39.565253       4,384
          9 |    8.811818   38.908544       4,857
         10 |   8.3216025   36.539647       4,518
         11 |   9.4676617   39.240623       7,035
         12 |   8.9412101   36.915402       6,991
         13 |   9.9941378   37.241915       9,041
         14 |   10.795516   40.118359      10,793
         15 |   10.876438   38.717045      11,476
         16 |   11.366432   40.665957      10,796
------------+------------------------------------
      Total |   9.4865059   38.003427      87,779

. tab post_tcja treatment_ind, sum(financial)

          Means, Standard Deviations and Frequencies of financial

    = 1 if |
   year >= |
2018 (TCJA |   =1 if famincome
 effective |   $50k-$100k (DiD
    Jan 1, |      treated)
     2018) |         0          1 |     Total
-----------+----------------------+----------
         0 | 8.7031434  9.7793427 | 9.0253693
           | 35.222754  37.031489 | 35.776882
           |     31399      13419 |     44818
-----------+----------------------+----------
         1 | 9.8144138  10.305236 | 9.9675752
           | 40.444005  39.622899 | 40.189762
           |     29555      13406 |     42961
-----------+----------------------+----------
     Total | 9.2419694  10.042162 | 9.4865059
           | 37.848233  38.348648 | 38.003427
           |     60954      26825 |     87779

. 
. di "--- Panel D: Pre vs Post financial time by treatment group ---"
--- Panel D: Pre vs Post financial time by treatment group ---

. bysort post_tcja treatment_ind: sum financial [aw = wt06]

--------------------------------------------------------------------------------------------------------------------
-> post_tcja = 0, treatment_ind = 0

    Variable |     Obs      Weight        Mean   Std. dev.       Min        Max
-------------+-----------------------------------------------------------------
   financial |  31,399  2.6227e+11    7.711128   32.46269          0        889

--------------------------------------------------------------------------------------------------------------------
-> post_tcja = 0, treatment_ind = 1

    Variable |     Obs      Weight        Mean   Std. dev.       Min        Max
-------------+-----------------------------------------------------------------
   financial |  13,419  1.2172e+11    8.659578    33.2068          0        750

--------------------------------------------------------------------------------------------------------------------
-> post_tcja = 1, treatment_ind = 0

    Variable |     Obs      Weight        Mean   Std. dev.       Min        Max
-------------+-----------------------------------------------------------------
   financial |  29,555  3.1304e+11    8.570805   36.93137          0        870

--------------------------------------------------------------------------------------------------------------------
-> post_tcja = 1, treatment_ind = 1

    Variable |     Obs      Weight        Mean   Std. dev.       Min        Max
-------------+-----------------------------------------------------------------
   financial |  13,406  1.4744e+11    8.561097   34.92832          0        750


. 
. log close
      name:  <unnamed>
       log:  C:\data\GMX_Tax_Changes\Results/Table1_SumStats_TCJA.log
  log type:  text
 closed on:  29 Apr 2026, 10:43:36
--------------------------------------------------------------------------------------------------------------------
