--------------------------------------------------------------------------------------------------------------------
      name:  <unnamed>
       log:  C:\data\GMX_Tax_Changes\Results/Table8_Robustness.log
  log type:  text
 opened on:  29 Apr 2026, 10:46:06

. 
. *--- R1: Placebo test - fake reform year = 2015 ---
. preserve

. keep if year <= 2017    // use only pre-reform years
(42,961 observations deleted)

. generate post_fake    = (year >= 2015)

. generate did_fake     = treatment_ind * post_fake

. reg financial did_fake treatment_ind post_fake $controls ///
>     i.year i.statefip [aw = wt06], robust cluster(statefip)
(sum of wgt is 383,997,035,811.3)
note: 14.famincome omitted because of collinearity.
note: 2017.year omitted because of collinearity.

Linear regression                               Number of obs     =     44,818
                                                F(38, 50)         =          .
                                                Prob > F          =          .
                                                R-squared         =     0.0215
                                                Root MSE          =     32.381

                                (Std. err. adjusted for 51 clusters in statefip)
--------------------------------------------------------------------------------
               |               Robust
     financial | Coefficient  std. err.      t    P>|t|     [95% conf. interval]
---------------+----------------------------------------------------------------
      did_fake |  -.5273837   .7607805    -0.69   0.491    -2.055456    1.000689
 treatment_ind |    1.99745    1.53599     1.30   0.199    -1.087677    5.082577
     post_fake |   -.451028   .6826019    -0.66   0.512    -1.822074    .9200183
          male |  -1.776443   .6592746    -2.69   0.010    -3.100635   -.4522509
           age |   .0754327   .0791188     0.95   0.345    -.0834821    .2343475
         age_2 |   .0203101   .0898673     0.23   0.822    -.1601937    .2008138
     full_time |  -3.386516   .5630186    -6.01   0.000    -4.517372    -2.25566
male_full_time |   .5083589   .8253843     0.62   0.541    -1.149474    2.166192
        educ_2 |   2.092875   .6136159     3.41   0.001     .8603917    3.325359
        educ_3 |   5.047256   .9282173     5.44   0.000     3.182876    6.911635
      hispanic |  -2.161699   .3469876    -6.23   0.000    -2.858644   -1.464754
       married |   .3975397   .4051208     0.98   0.331    -.4161693    1.211249
         white |   1.159013   3.805956     0.30   0.762    -6.485476    8.803501
         black |  -1.160035   3.847083    -0.30   0.764    -8.887127    6.567058
        indian |   -.504588   4.155481    -0.12   0.904    -8.851117    7.841941
         asian |  -3.596349   3.684425    -0.98   0.334    -10.99673    3.804036
       pacific |  -3.585434   3.555189    -1.01   0.318    -10.72624    3.555373
   other_races |   1.423565   4.042006     0.35   0.726    -6.695044    9.542174
       retired |   2.934899   1.019168     2.88   0.006     .8878401    4.981958
       hh_size |  -.4223111   .1857184    -2.27   0.027    -.7953374   -.0492848
    hh_numkids |   .5839878   .2551978     2.29   0.026      .071408    1.096568
     ageychild |  -.0002664   .0331412    -0.01   0.994    -.0668324    .0662996
               |
     famincome |
            2  |  -1.194351   2.022884    -0.59   0.558    -5.257433    2.868731
            3  |  -.9229513   1.724782    -0.54   0.595    -4.387278    2.541375
            4  |   -1.38412   1.591022    -0.87   0.388    -4.579781    1.811541
            5  |  -1.269561   1.742834    -0.73   0.470    -4.770147    2.231025
            6  |  -1.262257   1.607089    -0.79   0.436    -4.490191    1.965676
            7  |  -.2158511   1.481617    -0.15   0.885    -3.191767    2.760065
            8  |   -.277536   1.791998    -0.15   0.878     -3.87687    3.321798
            9  |   .4230831   1.428325     0.30   0.768    -2.445791    3.291957
           10  |   -.061862   1.314982    -0.05   0.963    -2.703082    2.579358
           11  |  -.5442561   1.526485    -0.36   0.723    -3.610291    2.521779
           12  |  -1.167389   .6784131    -1.72   0.091    -2.530022    .1952434
           13  |  -.5403415     .65058    -0.83   0.410     -1.84707    .7663869
           14  |          0  (omitted)
           15  |   1.761358   1.440147     1.22   0.227    -1.131262    4.653977
           16  |   .9293617   1.397339     0.67   0.509    -1.877276    3.735999
               |
          year |
         2014  |  -.7110492   .5345022    -1.33   0.189    -1.784628    .3625301
         2015  |   1.087304   .4362771     2.49   0.016     .2110155    1.963592
         2016  |   1.048117    .539546     1.94   0.058    -.0355929    2.131827
         2017  |          0  (omitted)
               |
      statefip |
            2  |   10.66951   .3631587    29.38   0.000     9.940082    11.39893
            4  |  -.4895685   .1446621    -3.38   0.001    -.7801309   -.1990061
            5  |  -2.581199   .0901551   -28.63   0.000    -2.762281   -2.400117
            6  |   1.671744   .2077162     8.05   0.000     1.254534    2.088954
            8  |   -1.26563   .1663453    -7.61   0.000    -1.599744   -.9315152
            9  |  -.1821782   .1795132    -1.01   0.315     -.542741    .1783847
           10  |  -4.934539   .1612356   -30.60   0.000     -5.25839   -4.610687
           11  |  -2.826097   .2348584   -12.03   0.000    -3.297824    -2.35437
           12  |  -1.599059   .1125176   -14.21   0.000    -1.825057   -1.373061
           13  |  -.7362372   .0686676   -10.72   0.000    -.8741601   -.5983142
           15  |  -.0098746    .519439    -0.02   0.985    -1.053198    1.033449
           16  |   .1181757   .1348264     0.88   0.385     -.152631    .3889825
           17  |  -1.810493   .1217241   -14.87   0.000    -2.054983   -1.566003
           18  |  -2.659903   .1096982   -24.25   0.000    -2.880238   -2.439567
           19  |   .8422617   .1575557     5.35   0.000     .5258018    1.158722
           20  |  -2.803643   .1331543   -21.06   0.000    -3.071091   -2.536194
           21  |  -2.728289   .1026562   -26.58   0.000     -2.93448   -2.522098
           22  |  -1.824672   .0429694   -42.46   0.000    -1.910979   -1.738365
           23  |   9.543523   .2086196    45.75   0.000     9.124498    9.962547
           24  |  -1.763318   .1232239   -14.31   0.000    -2.010821   -1.515816
           25  |   .5699112   .1863648     3.06   0.004     .1955865    .9442359
           26  |   .2722844   .1330831     2.05   0.046     .0049791    .5395896
           27  |  -.9075943   .1631669    -5.56   0.000    -1.235325   -.5798638
           28  |  -3.997286   .1171404   -34.12   0.000    -4.232569   -3.762002
           29  |  -3.439846   .0906537   -37.94   0.000     -3.62193   -3.257763
           30  |  -.0725584   .1792281    -0.40   0.687    -.4325487     .287432
           31  |  -2.511405   .1518937   -16.53   0.000    -2.816493   -2.206318
           32  |   3.034171   .1432893    21.18   0.000     2.746366    3.321976
           33  |   -3.27446   .1630525   -20.08   0.000    -3.601961    -2.94696
           34  |  -1.894035   .1623689   -11.67   0.000    -2.220163   -1.567908
           35  |   3.513016   .1879664    18.69   0.000     3.135475    3.890558
           36  |  -.8069941   .1185228    -6.81   0.000    -1.045054   -.5689341
           37  |  -2.176101   .0600061   -36.26   0.000    -2.296627   -2.055575
           38  |  -1.294404   .2080729    -6.22   0.000    -1.712331   -.8764775
           39  |  -1.439811   .1060229   -13.58   0.000    -1.652764   -1.226858
           40  |  -.4956371   .1398016    -3.55   0.001    -.7764369   -.2148374
           41  |    -.14471   .1515162    -0.96   0.344    -.4490393    .1596193
           42  |  -1.757673   .1082173   -16.24   0.000    -1.975034   -1.540312
           44  |  -2.516838   .1927634   -13.06   0.000    -2.904015   -2.129662
           45  |  -2.775068   .0613318   -45.25   0.000    -2.898257   -2.651879
           46  |  -3.751073   .2027246   -18.50   0.000    -4.158258   -3.343889
           47  |  -1.088195   .0687762   -15.82   0.000    -1.226336   -.9500545
           48  |   .1407861     .15477     0.91   0.367    -.1700786    .4516507
           49  |  -3.252591   .2143567   -15.17   0.000    -3.683139   -2.822043
           50  |  -1.288052   .2371829    -5.43   0.000    -1.764448   -.8116559
           51  |  -.3447903   .1086138    -3.17   0.003    -.5629475   -.1266331
           53  |   2.018939   .1723399    11.71   0.000     1.672784    2.365094
           54  |  -3.685375   .1534775   -24.01   0.000    -3.993643   -3.377106
           55  |  -.8834394   .1464836    -6.03   0.000     -1.17766   -.5892184
           56  |  -.4454302    .197231    -2.26   0.028    -.8415802   -.0492801
               |
         _cons |   3.223688   3.976775     0.81   0.421    -4.763899    11.21128
--------------------------------------------------------------------------------

. outreg2 using "Results/Table8_Robustness.xls", ///
>     ctitle("(R1) Placebo Reform 2015") ///
>     keep(did_fake treatment_ind post_fake) ///
>     addtext("Note","Placebo: fake reform year = 2015") bdec(3) se replace
Results/Table8_Robustness.xls
dir : seeout

. restore

. 
. *--- R2: Exclude high-income (famincome 16) from treatment ---
. preserve

. keep if famincome <= 15 | control_group == 1
(10,796 observations deleted)

. reg financial did_ind treatment_ind post_tcja $controls ///
>     i.year i.statefip [aw = wt06], robust cluster(statefip)
(sum of wgt is 727,410,159,332.1)
note: 14.famincome omitted because of collinearity.
note: 2023.year omitted because of collinearity.

Linear regression                               Number of obs     =     76,983
                                                F(43, 50)         =          .
                                                Prob > F          =          .
                                                R-squared         =     0.0188
                                                Root MSE          =     33.447

                                (Std. err. adjusted for 51 clusters in statefip)
--------------------------------------------------------------------------------
               |               Robust
     financial | Coefficient  std. err.      t    P>|t|     [95% conf. interval]
---------------+----------------------------------------------------------------
       did_ind |  -.0418075   .4712919    -0.09   0.930    -.9884251    .9048101
 treatment_ind |   2.787675   .9155591     3.04   0.004     .9487206     4.62663
     post_tcja |  -.5652196   .8312329    -0.68   0.500      -2.2348    1.104361
          male |  -2.142343   .4689017    -4.57   0.000     -3.08416   -1.200526
           age |   .0996468   .0502648     1.98   0.053     -.001313    .2006067
         age_2 |  -.0124266   .0562576    -0.22   0.826    -.1254233    .1005702
     full_time |  -3.811434   .5051155    -7.55   0.000    -4.825989    -2.79688
male_full_time |    .646218   .6315268     1.02   0.311     -.622241    1.914677
        educ_2 |    1.74649   .4627565     3.77   0.000     .8170165    2.675964
        educ_3 |   4.651274   .5066791     9.18   0.000     3.633579    5.668969
      hispanic |  -1.611546   .3774014    -4.27   0.000    -2.369579   -.8535133
       married |    .429926   .3432871     1.25   0.216    -.2595865    1.119438
         white |   5.273295   1.854085     2.84   0.006     1.549256    8.997334
         black |   2.967345   1.950775     1.52   0.135    -.9509019    6.885592
        indian |   2.988936   1.948827     1.53   0.131    -.9253976     6.90327
         asian |   .8656028   1.715294     0.50   0.616    -2.579666    4.310871
       pacific |   1.341659   2.547083     0.53   0.601    -3.774307    6.457625
   other_races |   7.004612   2.444682     2.87   0.006     2.094325     11.9149
       retired |   2.073029   .6895293     3.01   0.004      .688069     3.45799
       hh_size |  -.4468374   .1772803    -2.52   0.015    -.8029154   -.0907595
    hh_numkids |   .4912595   .2323413     2.11   0.039     .0245882    .9579307
     ageychild |  -.0223004   .0357328    -0.62   0.535    -.0940719     .049471
               |
     famincome |
            2  |  -.3345538   1.200065    -0.28   0.782    -2.744955    2.075847
            3  |  -.7877713    .989873    -0.80   0.430     -2.77599    1.200447
            4  |    -.84721   1.085045    -0.78   0.439    -3.026587    1.332167
            5  |  -1.053869   1.112058    -0.95   0.348    -3.287503    1.179765
            6  |  -.6312687   1.103369    -0.57   0.570    -2.847451    1.584914
            7  |  -.0150323    .989102    -0.02   0.988    -2.001702    1.971638
            8  |   1.092155   1.140751     0.96   0.343    -1.199111    3.383422
            9  |   .8993251   .9123623     0.99   0.329    -.9332085    2.731859
           10  |   .6791622   1.035741     0.66   0.515    -1.401184    2.759509
           11  |   1.247517   .8460517     1.47   0.147    -.4518273    2.946862
           12  |  -1.279528   .5793573    -2.21   0.032    -2.443201   -.1158546
           13  |  -1.034803   .3481269    -2.97   0.005    -1.734037   -.3355699
           14  |          0  (omitted)
           15  |   2.863182   .9139888     3.13   0.003     1.027382    4.698983
               |
          year |
         2014  |   -.656783   .5797871    -1.13   0.263     -1.82132    .5077537
         2015  |   .4426755   .5834156     0.76   0.452    -.7291493      1.6145
         2016  |   .1956223   .6406506     0.31   0.761    -1.091162    1.482407
         2017  |  -.7282571   .5939752    -1.23   0.226    -1.921291    .4647772
         2018  |  -.1949345   .6362919    -0.31   0.761    -1.472964    1.083095
         2019  |   1.288094   .5902191     2.18   0.034      .102604    2.473584
         2020  |  -.0813763   .6651846    -0.12   0.903    -1.417439    1.254686
         2021  |   .6832066   .9703758     0.70   0.485    -1.265851    2.632264
         2022  |   .1595333   .8715805     0.18   0.856    -1.591088    1.910154
         2023  |          0  (omitted)
               |
      statefip |
            2  |   10.47496   .3002543    34.89   0.000     9.871878    11.07803
            4  |   1.762836   .1405308    12.54   0.000     1.480571      2.0451
            5  |   .7553664   .0643865    11.73   0.000     .6260423    .8846905
            6  |   2.418877   .2171432    11.14   0.000     1.982732    2.855022
            8  |   1.642477   .1230235    13.35   0.000     1.395377    1.889577
            9  |   2.757661   .1306034    21.11   0.000     2.495336    3.019985
           10  |  -1.864589   .0813483   -22.92   0.000    -2.027982   -1.701196
           11  |  -.5499105   .1768285    -3.11   0.003     -.905081   -.1947401
           12  |   .0447545   .0965478     0.46   0.645    -.1491675    .2386765
           13  |   1.626557   .0540053    30.12   0.000     1.518084     1.73503
           15  |   5.267067   .5056811    10.42   0.000     4.251377    6.282757
           16  |   2.025137   .1183627    17.11   0.000     1.787399    2.262876
           17  |  -.3671016   .0881427    -4.16   0.000    -.5441414   -.1900618
           18  |   1.305369   .0986685    13.23   0.000     1.107187    1.503551
           19  |   1.668813   .1160324    14.38   0.000     1.435754    1.901871
           20  |   -.244674   .0928363    -2.64   0.011    -.4311412   -.0582068
           21  |   .2333884   .0783896     2.98   0.004     .0759382    .3908386
           22  |   .2849243   .0491578     5.80   0.000     .1861879    .3836606
           23  |   3.270481   .1130322    28.93   0.000     3.043449    3.497512
           24  |   .7273318   .0850696     8.55   0.000     .5564644    .8981992
           25  |   .1760377   .1148226     1.53   0.132    -.0545904    .4066657
           26  |   1.739115   .0743045    23.41   0.000      1.58987     1.88836
           27  |   1.551159    .118099    13.13   0.000      1.31395    1.788368
           28  |  -1.597699   .0878436   -18.19   0.000    -1.774138    -1.42126
           29  |  -1.059701   .0954091   -11.11   0.000    -1.251336   -.8680666
           30  |   2.734737   .1186938    23.04   0.000     2.496333    2.973141
           31  |  -2.126145   .0973888   -21.83   0.000    -2.321756   -1.930534
           32  |   2.872017   .1342372    21.40   0.000     2.602393     3.14164
           33  |   .5384305   .1381736     3.90   0.000     .2609007    .8159602
           34  |   .1901295   .1337906     1.42   0.161    -.0785969    .4588559
           35  |   2.399994   .1749829    13.72   0.000     2.048531    2.751457
           36  |   .8788364   .1002511     8.77   0.000     .6774762    1.080197
           37  |   -.224775   .0493249    -4.56   0.000     -.323847   -.1257031
           38  |   9.639513   .1458172    66.11   0.000      9.34663    9.932395
           39  |   .1899065   .0804927     2.36   0.022     .0282323    .3515808
           40  |   1.649106   .1241452    13.28   0.000     1.399753    1.898459
           41  |    1.60935   .1291478    12.46   0.000     1.349949    1.868752
           42  |   .3448958    .092724     3.72   0.001     .1586542    .5311375
           44  |  -1.058337   .0971083   -10.90   0.000    -1.253385   -.8632892
           45  |  -.1432445   .0425621    -3.37   0.001     -.228733    -.057756
           46  |  -.2896819   .1109684    -2.61   0.012    -.5125685   -.0667954
           47  |   .4364967   .0762693     5.72   0.000     .2833052    .5896882
           48  |   1.307808   .1626758     8.04   0.000     .9810644    1.634552
           49  |   .1662079   .1459335     1.14   0.260    -.1269082     .459324
           50  |   2.467288   .1557807    15.84   0.000     2.154393    2.780182
           51  |   1.119369   .0824107    13.58   0.000     .9538419    1.284895
           53  |   2.230634   .1367949    16.31   0.000     1.955874    2.505395
           54  |  -.9010834   .1331061    -6.77   0.000    -1.168435   -.6337319
           55  |   1.012933   .0999604    10.13   0.000     .8121567     1.21371
           56  |    .774328    .135046     5.73   0.000     .5030801    1.045576
               |
         _cons |  -2.769441   2.201061    -1.26   0.214    -7.190402     1.65152
--------------------------------------------------------------------------------

. outreg2 using "Results/Table8_Robustness.xls", ///
>     ctitle("(R2) Excl. famincome=16") ///
>     keep(did_ind treatment_ind post_tcja) ///
>     addtext("Note","Excludes famincome=16 from sample") bdec(3) se append
Results/Table8_Robustness.xls
dir : seeout

. restore

. 
. *--- R3: No-income-tax states (control for alternative channels) ---
. reg financial did_ind treatment_ind post_tcja no_income_tax ///
>     c.did_ind#c.no_income_tax $controls ///
>     i.year i.statefip [aw = wt06], robust cluster(statefip)
(sum of wgt is 844,469,890,826.2)
note: 14.famincome omitted because of collinearity.
note: 2023.year omitted because of collinearity.
note: 56.statefip omitted because of collinearity.

Linear regression                               Number of obs     =     87,779
                                                F(45, 50)         =          .
                                                Prob > F          =          .
                                                R-squared         =     0.0191
                                                Root MSE          =     34.397

                                           (Std. err. adjusted for 51 clusters in statefip)
-------------------------------------------------------------------------------------------
                          |               Robust
                financial | Coefficient  std. err.      t    P>|t|     [95% conf. interval]
--------------------------+----------------------------------------------------------------
                  did_ind |  -.1336624   .5751539    -0.23   0.817    -1.288893    1.021568
            treatment_ind |   3.197233   .9407819     3.40   0.001     1.307617    5.086849
                post_tcja |  -.4274044   .7755115    -0.55   0.584    -1.985065    1.130256
            no_income_tax |   .3107989   .2208894     1.41   0.166    -.1328704    .7544682
                          |
c.did_ind#c.no_income_tax |   -1.70849   .7715893    -2.21   0.031    -3.258272   -.1587071
                          |
                     male |  -2.130633   .4231153    -5.04   0.000    -2.980486   -1.280781
                      age |   .1502039     .05362     2.80   0.007     .0425049    .2579029
                    age_2 |  -.0744258   .0614214    -1.21   0.231    -.1977943    .0489426
                full_time |   -4.31324   .4429059    -9.74   0.000    -5.202842   -3.423637
           male_full_time |   .8241763   .4843703     1.70   0.095      -.14871    1.797063
                   educ_2 |   1.581853   .4033333     3.92   0.000     .7717339    2.391971
                   educ_3 |   4.720491   .4415035    10.69   0.000     3.833706    5.607277
                 hispanic |  -1.499924   .3424706    -4.38   0.000    -2.187796   -.8120514
                  married |   .3259497   .3858396     0.84   0.402     -.449032    1.100931
                    white |   5.260035   1.683217     3.12   0.003     1.879194    8.640876
                    black |   2.880419   1.823402     1.58   0.120    -.7819923     6.54283
                   indian |   2.758738   1.789033     1.54   0.129    -.8346405    6.352117
                    asian |   .8022153   1.642837     0.49   0.627     -2.49752     4.10195
                  pacific |   1.306662   2.206172     0.59   0.556    -3.124565    5.737888
              other_races |   6.651172   2.039181     3.26   0.002     2.555356    10.74699
                  retired |   3.038735   .8227294     3.69   0.001     1.386234    4.691236
                  hh_size |  -.4940368   .1757376    -2.81   0.007    -.8470162   -.1410575
               hh_numkids |   .5185682   .2267338     2.29   0.026     .0631601    .9739764
                ageychild |  -.0359359   .0311328    -1.15   0.254     -.098468    .0265961
                          |
                famincome |
                       2  |   -.313286   1.218653    -0.26   0.798    -2.761023    2.134451
                       3  |  -.8020603   .9965381    -0.80   0.425    -2.803666    1.199545
                       4  |  -.8721436   1.098799    -0.79   0.431    -3.079146    1.334859
                       5  |   -1.05369   1.133774    -0.93   0.357    -3.330943    1.223563
                       6  |  -.6268724   1.112284    -0.56   0.576    -2.860961    1.607216
                       7  |    .000072   .9865513     0.00   1.000    -1.981475    1.981619
                       8  |   1.157251   1.144172     1.01   0.317    -1.140887    3.455388
                       9  |    .960915   .9354993     1.03   0.309    -.9180906    2.839921
                      10  |   .7413842   1.037772     0.71   0.478    -1.343041     2.82581
                      11  |   1.354387   .8524632     1.59   0.118    -.3578356     3.06661
                      12  |  -1.323911   .5838988    -2.27   0.028    -2.496707   -.1511161
                      13  |  -1.064425   .3488364    -3.05   0.004    -1.765083   -.3637661
                      14  |          0  (omitted)
                      15  |   3.041988   .9195876     3.31   0.002     1.194942    4.889034
                      16  |   3.685465   .9679308     3.81   0.000     1.741318    5.629611
                          |
                     year |
                    2014  |  -.7330346   .5354686    -1.37   0.177    -1.808555    .3424858
                    2015  |   .3731847   .5593102     0.67   0.508    -.7502228    1.496592
                    2016  |   .3640575   .6609701     0.55   0.584    -.9635401    1.691655
                    2017  |  -.6962479   .5628421    -1.24   0.222     -1.82675    .4342538
                    2018  |   .3867399   .5985317     0.65   0.521    -.8154463    1.588926
                    2019  |   1.498279   .5952361     2.52   0.015     .3027125    2.693846
                    2020  |    .259692   .6612442     0.39   0.696    -1.068456     1.58784
                    2021  |   .7940968   .8568765     0.93   0.359    -.9269903    2.515184
                    2022  |   .6564474   .8223068     0.80   0.428    -.9952045    2.308099
                    2023  |          0  (omitted)
                          |
                 statefip |
                       2  |   8.034506   .2152088    37.33   0.000     7.602246    8.466766
                       4  |   1.830206   .1370331    13.36   0.000     1.554967    2.105445
                       5  |   .8047041   .0694769    11.58   0.000     .6651557    .9442526
                       6  |   2.783946   .1745964    15.95   0.000     2.433259    3.134633
                       8  |   1.539952   .1020922    15.08   0.000     1.334894     1.74501
                       9  |   2.100392   .0936267    22.43   0.000     1.912338    2.288447
                      10  |   .6057328   .0666759     9.08   0.000     .4718102    .7396553
                      11  |  -.6768402   .2002166    -3.38   0.001    -1.078987   -.2746934
                      12  |   .4031672    .113165     3.56   0.001     .1758685    .6304658
                      13  |   1.641554   .0536848    30.58   0.000     1.533725    1.749383
                      15  |   4.664605   .4228757    11.03   0.000     3.815235    5.513976
                      16  |   2.340275   .1197928    19.54   0.000     2.099664    2.580886
                      17  |  -.3302192   .0779546    -4.24   0.000    -.4867955   -.1736429
                      18  |   1.114783   .0846607    13.17   0.000     .9447373    1.284829
                      19  |   1.226169   .1035257    11.84   0.000     1.018232    1.434107
                      20  |   -.170257   .0731756    -2.33   0.024    -.3172345   -.0232794
                      21  |   .5381339   .0748785     7.19   0.000     .3877361    .6885317
                      22  |   .9292474   .0490542    18.94   0.000     .8307191    1.027776
                      23  |   2.406657   .1060665    22.69   0.000     2.193616    2.619698
                      24  |   .6032791    .091231     6.61   0.000     .4200363    .7865219
                      25  |   1.162707   .1054095    11.03   0.000      .950986    1.374429
                      26  |   1.676523   .0711192    23.57   0.000     1.533676     1.81937
                      27  |   1.484315    .091596    16.21   0.000     1.300339    1.668291
                      28  |  -1.541872   .0809458   -19.05   0.000    -1.704457   -1.379288
                      29  |  -1.227872    .083274   -14.74   0.000    -1.395133   -1.060612
                      30  |    2.17251   .1053963    20.61   0.000     1.960816    2.384205
                      31  |   -.178578   .0884318    -2.02   0.049    -.3561985   -.0009574
                      32  |    2.45331   .1093199    22.44   0.000     2.233734    2.672885
                      33  |  -.4532892   .0992435    -4.57   0.000    -.6526255   -.2539528
                      34  |  -.6041477   .1089198    -5.55   0.000    -.8229195   -.3853758
                      35  |   2.072568   .1652133    12.54   0.000     1.740727    2.404409
                      36  |   1.509796   .0838685    18.00   0.000     1.341342    1.678251
                      37  |   .0265877   .0474584     0.56   0.578    -.0687354    .1219108
                      38  |    8.44287   .1276308    66.15   0.000     8.186516    8.699224
                      39  |   .5250592   .0726108     7.23   0.000     .3792161    .6709023
                      40  |   1.514032   .1206389    12.55   0.000     1.271722    1.756342
                      41  |    1.59161   .1114748    14.28   0.000     1.367706    1.815513
                      42  |   .5845248   .0774216     7.55   0.000      .429019    .7400306
                      44  |  -1.543829   .0922112   -16.74   0.000     -1.72904   -1.358617
                      45  |  -.1107415   .0398216    -2.78   0.008    -.1907255   -.0307575
                      46  |  -.4511626    .108058    -4.18   0.000    -.6682034   -.2341218
                      47  |    .234011   .0902364     2.59   0.012     .0527658    .4152562
                      48  |   1.261045   .1387377     9.09   0.000     .9823823    1.539708
                      49  |   .3665666   .1383793     2.65   0.011     .0886237    .6445096
                      50  |   2.235609   .1348107    16.58   0.000     1.964834    2.506384
                      51  |   1.202326    .068151    17.64   0.000     1.065441    1.339211
                      53  |   3.484779   .0822321    42.38   0.000     3.319611    3.649947
                      54  |    .804412   .1236784     6.50   0.000     .5559967    1.052827
                      55  |   .9988007   .0889813    11.22   0.000     .8200766    1.177525
                      56  |          0  (omitted)
                          |
                    _cons |  -3.842738   2.065721    -1.86   0.069    -7.991861    .3063848
-------------------------------------------------------------------------------------------

. outreg2 using "Results/Table8_Robustness.xls", ///
>     ctitle("(R3) No-Tax State Control") ///
>     keep(did_ind treatment_ind post_tcja no_income_tax c.did_ind#c.no_income_tax) ///
>     addtext("Note","Interacts DiD with no-income-tax state indicator") bdec(3) se append
Results/Table8_Robustness.xls
dir : seeout

. 
. *--- R4: OLS with Poisson for count outcome (minutes) ---
. *   Financial time is right-skewed; use Poisson quasi-MLE
. poisson financial did_ind treatment_ind post_tcja $controls ///
>     i.year i.statefip [aw = wt06], robust cluster(statefip) vce(cluster statefip)
options vce() and robust may not be combined
r(198);

end of do-file

r(198);

. do "C:\Users\gimen\AppData\Local\Temp\STD41b8_000000.tmp"

. *--- R4: Poisson quasi-MLE for skewed count outcome (minutes) ---
. *   Financial time is right-skewed; Poisson QMLE is consistent for non-negative
. *   outcomes regardless of the true distribution (Gourieroux et al. 1984).
. poisson financial did_ind treatment_ind post_tcja $controls ///
>     i.year i.statefip [pw = wt06], vce(cluster statefip)
note: 14.famincome omitted because of collinearity.
note: 2023.year omitted because of collinearity.

Iteration 0:   log pseudolikelihood = -1.606e+13  
Iteration 1:   log pseudolikelihood = -1.606e+13  
Iteration 2:   log pseudolikelihood = -1.606e+13  
Iteration 3:   log pseudolikelihood = -1.606e+13  

Poisson regression                                      Number of obs = 87,779
                                                        Wald chi2(44) =      .
Log pseudolikelihood = -1.606e+13                       Prob > chi2   =      .

                                (Std. err. adjusted for 51 clusters in statefip)
--------------------------------------------------------------------------------
               |               Robust
     financial | Coefficient  std. err.      z    P>|z|     [95% conf. interval]
---------------+----------------------------------------------------------------
       did_ind |  -.0652457   .0570767    -1.14   0.253     -.177114    .0466226
 treatment_ind |   .4046776    .150997     2.68   0.007     .1087289    .7006263
     post_tcja |  -.0567699   .0950715    -0.60   0.550    -.2431066    .1295667
          male |  -.2259731   .0447403    -5.05   0.000    -.3136624   -.1382837
           age |   .0268728   .0061374     4.38   0.000     .0148438    .0389018
         age_2 |  -.0169564   .0062845    -2.70   0.007    -.0292739    -.004639
     full_time |  -.4792485   .0486563    -9.85   0.000    -.5746131    -.383884
male_full_time |   .0031137   .0584637     0.05   0.958    -.1114731    .1177005
        educ_2 |   .3143604   .0756422     4.16   0.000     .1661045    .4626163
        educ_3 |   .6763576   .0716104     9.44   0.000     .5360039    .8167113
      hispanic |  -.2331692   .0552696    -4.22   0.000    -.3414956   -.1248428
       married |   .0328859   .0449543     0.73   0.464    -.0552229    .1209948
         white |   1.023805   .4480963     2.28   0.022     .1455526    1.902058
         black |   .6975609    .473143     1.47   0.140    -.2297823    1.624904
        indian |   .6568679   .4626531     1.42   0.156    -.2499154    1.563651
         asian |   .4125848    .450605     0.92   0.360    -.4705847    1.295754
       pacific |   .4814896   .4141578     1.16   0.245    -.3302447    1.293224
   other_races |   1.223045    .444821     2.75   0.006     .3512119    2.094878
       retired |   .1948244    .062897     3.10   0.002     .0715486    .3181003
       hh_size |    -.06737   .0268036    -2.51   0.012    -.1199042   -.0148358
    hh_numkids |     .06868   .0336953     2.04   0.042     .0026385    .1347215
     ageychild |  -.0050144   .0049129    -1.02   0.307    -.0146436    .0046148
               |
     famincome |
            2  |  -.0380351   .2119934    -0.18   0.858    -.4535345    .3774643
            3  |  -.0709919   .1672289    -0.42   0.671    -.3987544    .2567707
            4  |  -.0879331   .1843038    -0.48   0.633    -.4491619    .2732957
            5  |  -.1101936   .1819369    -0.61   0.545    -.4667834    .2463962
            6  |  -.0548127   .1796644    -0.31   0.760    -.4069486    .2973231
            7  |    .014512   .1606404     0.09   0.928    -.3003373    .3293614
            8  |   .1678437   .1750467     0.96   0.338    -.1752415    .5109289
            9  |   .1367584   .1458991     0.94   0.349    -.1491987    .4227154
           10  |   .0997266   .1655638     0.60   0.547    -.2247725    .4242256
           11  |   .1749807   .1402793     1.25   0.212    -.0999616    .4499229
           12  |  -.1626534   .0700754    -2.32   0.020    -.2999986   -.0253082
           13  |  -.1291385   .0416176    -3.10   0.002    -.2107075   -.0475696
           14  |          0  (omitted)
           15  |   .3892035   .1490149     2.61   0.009     .0971396    .6812673
           16  |   .4620509   .1495616     3.09   0.002     .1689156    .7551862
               |
          year |
         2014  |  -.0948202   .0679856    -1.39   0.163    -.2280697    .0384292
         2015  |   .0370921   .0673594     0.55   0.582    -.0949298     .169114
         2016  |   .0426851    .077931     0.55   0.584    -.1100568     .195427
         2017  |  -.0868281   .0715391    -1.21   0.225    -.2270422     .053386
         2018  |    .054663   .0721326     0.76   0.449    -.0867144    .1960404
         2019  |   .1738852   .0673701     2.58   0.010     .0418422    .3059282
         2020  |   .0372982    .078366     0.48   0.634    -.1162963    .1908927
         2021  |   .0966585   .0992384     0.97   0.330    -.0978452    .2911621
         2022  |    .083284   .0962926     0.86   0.387     -.105446    .2720141
         2023  |          0  (omitted)
               |
      statefip |
            2  |   .7112184   .0220589    32.24   0.000     .6679838    .7544531
            4  |   .2112237   .0163517    12.92   0.000     .1791749    .2432725
            5  |   .0900998   .0086011    10.48   0.000     .0732419    .1069576
            6  |    .326556   .0192384    16.97   0.000     .2888494    .3642626
            8  |   .1778243    .012283    14.48   0.000     .1537502    .2018985
            9  |   .2484187   .0114815    21.64   0.000     .2259154     .270922
           10  |   .0761009   .0091097     8.35   0.000     .0582462    .0939555
           11  |   -.114539   .0260393    -4.40   0.000    -.1655751   -.0635029
           12  |   .0438103   .0121287     3.61   0.000     .0200385     .067582
           13  |   .1993937   .0061447    32.45   0.000     .1873503    .2114371
           15  |   .5262218   .0462334    11.38   0.000     .4356059    .6168376
           16  |   .2628496   .0136227    19.29   0.000     .2361496    .2895497
           17  |   -.055368   .0096568    -5.73   0.000    -.0742949   -.0364411
           18  |   .1346429   .0102655    13.12   0.000      .114523    .1547629
           19  |   .1571643   .0136475    11.52   0.000     .1304157    .1839129
           20  |  -.0385367   .0089274    -4.32   0.000     -.056034   -.0210394
           21  |   .0779445    .009957     7.83   0.000     .0584291    .0974599
           22  |   .1190582   .0062132    19.16   0.000     .1068805    .1312358
           23  |   .2582428    .010909    23.67   0.000     .2368615     .279624
           24  |   .0708524   .0114376     6.19   0.000     .0484352    .0932695
           25  |   .1281062   .0124947    10.25   0.000     .1036171    .1525954
           26  |   .2042045    .009117    22.40   0.000     .1863355    .2220736
           27  |   .1712448   .0116736    14.67   0.000      .148365    .1941246
           28  |   -.304325   .0086443   -35.21   0.000    -.3212674   -.2873826
           29  |  -.1657126   .0090792   -18.25   0.000    -.1835075   -.1479177
           30  |   .2230848   .0153495    14.53   0.000     .1930003    .2531693
           31  |  -.0201357   .0111569    -1.80   0.071    -.0420027    .0017314
           32  |   .2638456   .0134034    19.68   0.000     .2375754    .2901159
           33  |    -.04912   .0145173    -3.38   0.001    -.0775734   -.0206665
           34  |  -.0926534   .0136412    -6.79   0.000    -.1193896   -.0659172
           35  |   .2387405   .0213399    11.19   0.000     .1969152    .2805659
           36  |     .17614   .0103362    17.04   0.000     .1558814    .1963985
           37  |   -.017209   .0058918    -2.92   0.003    -.0287567   -.0056613
           38  |   .7105675   .0160305    44.33   0.000     .6791482    .7419868
           39  |   .0705763   .0092961     7.59   0.000     .0523562    .0887963
           40  |   .1791992   .0141675    12.65   0.000     .1514314    .2069669
           41  |   .1684537   .0120976    13.92   0.000     .1447429    .1921644
           42  |   .0734932   .0101566     7.24   0.000     .0535866    .0933997
           44  |  -.1857127   .0112251   -16.54   0.000    -.2077136   -.1637119
           45  |  -.0207276   .0058853    -3.52   0.000    -.0322626   -.0091927
           46  |  -.0737562   .0136289    -5.41   0.000    -.1004684   -.0470441
           47  |   .0173471   .0063621     2.73   0.006     .0048776    .0298165
           48  |   .1528514   .0154922     9.87   0.000     .1224871    .1832156
           49  |   .0403065   .0158307     2.55   0.011     .0092788    .0713342
           50  |   .2558304   .0167552    15.27   0.000     .2229908      .28867
           51  |   .1442222   .0087665    16.45   0.000     .1270403    .1614041
           53  |   .3646344   .0131045    27.83   0.000     .3389499    .3903188
           54  |   .1171246    .015112     7.75   0.000     .0875055    .1467436
           55  |    .126617   .0115454    10.97   0.000     .1039884    .1492455
           56  |  -.0064185    .015192    -0.42   0.673    -.0361942    .0233572
               |
         _cons |   -.143699   .4635916    -0.31   0.757    -1.052322    .7649238
--------------------------------------------------------------------------------

. 
end of do-file

. do "C:\Users\gimen\AppData\Local\Temp\STD41b8_000000.tmp"

. 
. *--- R5: Log(financial + 1) ---
. generate log_financial = log(financial + 1)

. reg log_financial did_ind treatment_ind post_tcja $controls ///
>     i.year i.statefip [pw = wt06], robust cluster(statefip)
(sum of wgt is 844,469,890,826.2)
note: 14.famincome omitted because of collinearity.
note: 2023.year omitted because of collinearity.

Linear regression                               Number of obs     =     87,779
                                                F(44, 50)         =          .
                                                Prob > F          =          .
                                                R-squared         =     0.0320
                                                Root MSE          =     1.2973

                                (Std. err. adjusted for 51 clusters in statefip)
--------------------------------------------------------------------------------
               |               Robust
 log_financial | Coefficient  std. err.      t    P>|t|     [95% conf. interval]
---------------+----------------------------------------------------------------
       did_ind |  -.0052628    .022644    -0.23   0.817    -.0507447    .0402191
 treatment_ind |   .1801734   .0369809     4.87   0.000      .105895    .2544518
     post_tcja |  -.0531795   .0276473    -1.92   0.060    -.1087106    .0023517
          male |  -.1597551   .0154184   -10.36   0.000    -.1907238   -.1287863
           age |   .0064765   .0017937     3.61   0.001     .0028737    .0100793
         age_2 |  -.0024435   .0020377    -1.20   0.236    -.0065363    .0016492
     full_time |  -.1733927    .015381   -11.27   0.000    -.2042864   -.1424991
male_full_time |   .0158395   .0212369     0.75   0.459    -.0268161    .0584951
        educ_2 |   .0949656   .0206216     4.61   0.000     .0535459    .1363853
        educ_3 |   .2595604   .0212932    12.19   0.000     .2167917    .3023291
      hispanic |  -.0959752   .0197405    -4.86   0.000    -.1356252   -.0563253
       married |   .0168049   .0139621     1.20   0.234    -.0112388    .0448486
         white |   .2105632   .1111399     1.89   0.064    -.0126678    .4337942
         black |   .0601627   .1170338     0.51   0.609    -.1749067     .295232
        indian |   .1311834   .1132306     1.16   0.252     -.096247    .3586137
         asian |  -.0409847   .1029173    -0.40   0.692    -.2477001    .1657307
       pacific |   -.010179   .1077257    -0.09   0.925    -.2265524    .2061945
   other_races |   .2528878   .1106359     2.29   0.027      .030669    .4751066
       retired |   .0817383   .0287202     2.85   0.006      .024052    .1394246
       hh_size |  -.0210062   .0079687    -2.64   0.011    -.0370118   -.0050007
    hh_numkids |   .0377316   .0091662     4.12   0.000     .0193207    .0561424
     ageychild |   .0002101   .0017579     0.12   0.905    -.0033206    .0037409
               |
     famincome |
            2  |  -.0677767   .0477207    -1.42   0.162    -.1636266    .0280732
            3  |  -.0231603    .040141    -0.58   0.567    -.1037858    .0574652
            4  |  -.0703794   .0411942    -1.71   0.094    -.1531203    .0123616
            5  |   -.060546   .0436264    -1.39   0.171    -.1481722    .0270801
            6  |  -.0186599   .0460544    -0.41   0.687    -.1111627     .073843
            7  |   .0316081   .0421475     0.75   0.457    -.0530477    .1162639
            8  |   .0707483   .0411849     1.72   0.092     -.011974    .1534707
            9  |   .0808828   .0364044     2.22   0.031     .0077623    .1540032
           10  |   .0745965   .0422265     1.77   0.083    -.0102179    .1594109
           11  |   .0970706   .0373556     2.60   0.012     .0220397    .1721015
           12  |  -.0695739   .0241276    -2.88   0.006    -.1180357   -.0211122
           13  |   -.038517   .0165608    -2.33   0.024    -.0717804   -.0052536
           14  |          0  (omitted)
           15  |   .1637853   .0338476     4.84   0.000     .0958004    .2317703
           16  |   .1916377   .0420973     4.55   0.000     .1070828    .2761926
               |
          year |
         2014  |  -.0045264   .0209154    -0.22   0.830    -.0465363    .0374835
         2015  |   .0502753   .0236207     2.13   0.038     .0028317    .0977189
         2016  |   .0546805    .024866     2.20   0.033     .0047356    .1046253
         2017  |   .0173957   .0251801     0.69   0.493      -.03318    .0679715
         2018  |   .0576697   .0225026     2.56   0.013     .0124719    .1028674
         2019  |   .1016398   .0241537     4.21   0.000     .0531257    .1501539
         2020  |   .0079671   .0222294     0.36   0.722    -.0366819    .0526162
         2021  |   .0493969   .0304137     1.62   0.111    -.0116909    .1104847
         2022  |   .0353265   .0299617     1.18   0.244    -.0248534    .0955063
         2023  |          0  (omitted)
               |
      statefip |
            2  |   .0712843   .0131245     5.43   0.000      .044923    .0976456
            4  |   .1180559   .0074852    15.77   0.000     .1030215    .1330904
            5  |   .0810865   .0028205    28.75   0.000     .0754212    .0867517
            6  |   .1623607   .0097314    16.68   0.000     .1428146    .1819067
            8  |   .1415891    .005336    26.53   0.000     .1308715    .1523067
            9  |   .1106361   .0040721    27.17   0.000      .102457    .1188151
           10  |  -.0045256   .0040108    -1.13   0.265    -.0125814    .0035303
           11  |   .0429841   .0081179     5.29   0.000     .0266788    .0592894
           12  |   .0746731   .0054541    13.69   0.000     .0637183    .0856279
           13  |    .109935    .002495    44.06   0.000     .1049236    .1149463
           15  |   .1336499   .0260901     5.12   0.000     .0812465    .1860533
           16  |   .1276999   .0049875    25.60   0.000     .1176822    .1377176
           17  |   .0827553   .0037764    21.91   0.000     .0751701    .0903404
           18  |   .1070305   .0029119    36.76   0.000     .1011816    .1128793
           19  |    .135596   .0043061    31.49   0.000     .1269469    .1442452
           20  |   .0906484   .0038459    23.57   0.000     .0829237    .0983731
           21  |    .074866    .003036    24.66   0.000      .068768     .080964
           22  |   .1221713   .0018461    66.18   0.000     .1184634    .1258793
           23  |   .0045119   .0039824     1.13   0.263     -.003487    .0125108
           24  |   .0707776   .0041619    17.01   0.000     .0624181     .079137
           25  |   .0658163   .0047129    13.97   0.000     .0563502    .0752825
           26  |   .0845881   .0026168    32.32   0.000     .0793321    .0898442
           27  |   .1207952   .0038818    31.12   0.000     .1129984    .1285921
           28  |  -.0260913   .0033737    -7.73   0.000    -.0328675    -.019315
           29  |   .0708339   .0030317    23.36   0.000     .0647446    .0769232
           30  |   .2067151   .0055921    36.97   0.000     .1954832    .2179471
           31  |  -.0064984   .0043055    -1.51   0.138    -.0151462    .0021494
           32  |   .0797289   .0073269    10.88   0.000     .0650124    .0944454
           33  |   .0360632   .0047024     7.67   0.000     .0266182    .0455082
           34  |   .0208389   .0055503     3.75   0.000     .0096909     .031987
           35  |   .1351573   .0095937    14.09   0.000     .1158878    .1544267
           36  |   .0720225   .0042958    16.77   0.000     .0633942    .0806509
           37  |   .0785246   .0025227    31.13   0.000     .0734576    .0835915
           38  |   .3244268    .005703    56.89   0.000     .3129719    .3358816
           39  |   .0769311   .0025907    29.70   0.000     .0717276    .0821346
           40  |   .1331651   .0062589    21.28   0.000     .1205937    .1457365
           41  |   .1848734   .0056994    32.44   0.000     .1734259     .196321
           42  |   .1360017    .002771    49.08   0.000     .1304359    .1415674
           44  |  -.0291989   .0039891    -7.32   0.000    -.0372113   -.0211865
           45  |   .0893664    .002372    37.68   0.000     .0846021    .0941306
           46  |  -.0994804   .0042206   -23.57   0.000    -.1079576   -.0910031
           47  |   .0510249    .002517    20.27   0.000     .0459693    .0560804
           48  |   .1290696   .0079734    16.19   0.000     .1130546    .1450845
           49  |    .099702   .0064506    15.46   0.000     .0867456    .1126584
           50  |   .1813527   .0045986    39.44   0.000     .1721161    .1905894
           51  |   .1398342    .003363    41.58   0.000     .1330795    .1465889
           53  |   .1349296   .0053285    25.32   0.000      .124227    .1456322
           54  |   .1804728   .0045192    39.93   0.000     .1713958    .1895498
           55  |   .1305113   .0033919    38.48   0.000     .1236984    .1373242
           56  |   .0404777   .0047123     8.59   0.000     .0310128    .0499427
               |
         _cons |  -.0549737   .1147076    -0.48   0.634    -.2853706    .1754232
--------------------------------------------------------------------------------

. outreg2 using "Results/Table8_Robustness.xls", ///
>     ctitle("(R5) Log(Financial+1)") ///
>     keep(did_ind treatment_ind post_tcja $controls) ///
>     addtext("Outcome","log(financial + 1)") bdec(3) se append
Results/Table8_Robustness.xls
dir : seeout

. 
. log close
      name:  <unnamed>
       log:  C:\data\GMX_Tax_Changes\Results/Table8_Robustness.log
  log type:  text
 closed on:  29 Apr 2026, 10:48:27
--------------------------------------------------------------------------------------------------------------------
