--------------------------------------------------------------------------------------------------------------------
      name:  <unnamed>
       log:  C:\data\GMX_Tax_Changes\Results/Table2_DiD_Financial_Time.log
  log type:  text
 opened on:  29 Apr 2026, 10:43:36

. 
. *--- Column 1: Simple DiD, no controls ---
. reg financial did_ind treatment_ind post_tcja i.year i.statefip ///
>     [aw = wt06], robust cluster(statefip)
(sum of wgt is 844,469,890,826.2)
note: 2023.year omitted because of collinearity.

Linear regression                               Number of obs     =     87,779
                                                F(11, 50)         =          .
                                                Prob > F          =          .
                                                R-squared         =     0.0015
                                                Root MSE          =     34.699

                               (Std. err. adjusted for 51 clusters in statefip)
-------------------------------------------------------------------------------
              |               Robust
    financial | Coefficient  std. err.      t    P>|t|     [95% conf. interval]
--------------+----------------------------------------------------------------
      did_ind |   -.951271   .4999943    -1.90   0.063    -1.955539    .0529971
treatment_ind |   .9172118   .3721859     2.46   0.017     .1696543    1.664769
    post_tcja |    .309672   .7811619     0.40   0.693    -1.259338    1.878682
              |
         year |
        2014  |  -.7296493   .5149085    -1.42   0.163    -1.763873    .3045749
        2015  |   .3908646   .5755341     0.68   0.500    -.7651296    1.546859
        2016  |   .4943609   .6719815     0.74   0.465    -.8553538    1.844076
        2017  |   -.491406   .5523947    -0.89   0.378    -1.600924    .6181114
        2018  |   .0366055   .5906724     0.06   0.951    -1.149795    1.223006
        2019  |   1.192625   .5902212     2.02   0.049      .007131    2.378119
        2020  |   .3083216   .6453343     0.48   0.635    -.9878704    1.604514
        2021  |   .8080368   .8779734     0.92   0.362    -.9554246    2.571498
        2022  |   .5687656   .8535803     0.67   0.508    -1.145701    2.283232
        2023  |          0  (omitted)
              |
     statefip |
           2  |   7.697334   .0533643   144.24   0.000     7.590149     7.80452
           4  |   1.860203   .0275699    67.47   0.000     1.804828    1.915579
           5  |   .5997516   .0156265    38.38   0.000     .5683648    .6311384
           6  |   2.018809   .0148325   136.11   0.000     1.989017    2.048601
           8  |   1.818886   .0261056    69.67   0.000     1.766451     1.87132
           9  |   2.438091   .0307982    79.16   0.000     2.376231    2.499951
          10  |   1.136794   .0346536    32.80   0.000      1.06719    1.206398
          11  |  -.9901833   .0596316   -16.61   0.000    -1.109957   -.8704098
          12  |   .4521912   .0160345    28.20   0.000     .4199849    .4843975
          13  |   1.067004   .0284009    37.57   0.000     1.009959    1.124049
          15  |   3.332991   .0397114    83.93   0.000     3.253229    3.412754
          16  |   2.011877   .0218614    92.03   0.000     1.967967    2.055787
          17  |    -.46614   .0190653   -24.45   0.000    -.5044337   -.4278463
          18  |   1.366041   .0282019    48.44   0.000     1.309396    1.422687
          19  |   1.778746   .0317536    56.02   0.000     1.714967    1.842525
          20  |     .09749   .0221283     4.41   0.000      .053044    .1419359
          21  |    .669096   .0204658    32.69   0.000     .6279892    .7102028
          22  |   .3150919   .0182562    17.26   0.000     .2784231    .3517606
          23  |   4.018794   .0322331   124.68   0.000     3.954052    4.083536
          24  |   .4580623   .0254118    18.03   0.000     .4070212    .5091035
          25  |   1.804608   .0242328    74.47   0.000     1.755935    1.853281
          26  |   2.445415   .0186362   131.22   0.000     2.407983    2.482847
          27  |   2.175929   .0326217    66.70   0.000     2.110406    2.241451
          28  |  -2.354788   .0277518   -84.85   0.000    -2.410529   -2.299047
          29  |  -.7729001   .0347641   -22.23   0.000    -.8427259   -.7030743
          30  |   3.144803   .0442706    71.04   0.000     3.055883    3.233723
          31  |    .470463   .0236556    19.89   0.000     .4229493    .5179767
          32  |    1.85342   .0240965    76.92   0.000      1.80502    1.901819
          33  |   .8548449    .044613    19.16   0.000      .765237    .9444528
          34  |   -.585255   .0199435   -29.35   0.000    -.6253127   -.5451973
          35  |   1.725852   .0306233    56.36   0.000     1.664343    1.787361
          36  |   1.354491   .0270998    49.98   0.000      1.30006    1.408923
          37  |  -.2181114   .0207384   -10.52   0.000    -.2597657   -.1764571
          38  |   9.318592   .0421772   220.94   0.000     9.233876    9.403307
          39  |   .8558575   .0221446    38.65   0.000     .8113787    .9003363
          40  |   1.248712   .0198037    63.05   0.000     1.208935    1.288489
          41  |   2.081854   .0221017    94.19   0.000     2.037462    2.126247
          42  |   1.043112   .0185167    56.33   0.000      1.00592    1.080303
          44  |  -.8980724   .0261526   -34.34   0.000    -.9506015   -.8455432
          45  |   .0436683   .0261746     1.67   0.101     -.008905    .0962416
          46  |  -.6550467   .0378657   -17.30   0.000    -.7311022   -.5789912
          47  |    .044446   .0250015     1.78   0.082     -.005771    .0946629
          48  |   .2978822   .0223397    13.33   0.000     .2530116    .3427528
          49  |   .1753092   .0350741     5.00   0.000     .1048609    .2457576
          50  |   3.721147   .0366133   101.63   0.000     3.647607    3.794687
          51  |    1.34792   .0200829    67.12   0.000     1.307583    1.388258
          53  |     3.7706   .0317825   118.64   0.000     3.706763    3.834437
          54  |   1.404366    .029943    46.90   0.000     1.344224    1.464509
          55  |   1.824002   .0232106    78.58   0.000     1.777383    1.870622
          56  |   .1987486   .0524914     3.79   0.000     .0933166    .3041806
              |
        _cons |   6.731884   .4402119    15.29   0.000     5.847693    7.616076
-------------------------------------------------------------------------------

. outreg2 using "Results/Table2_Main_DiD.xls", ///
>     ctitle("(1) Simple DiD") ///
>     keep(did_ind treatment_ind post_tcja) ///
>     addtext("Controls","No","State FE","Yes","Year FE","Yes") ///
>     bdec(3) se replace
Results/Table2_Main_DiD.xls
dir : seeout

. 
. *--- Column 2: With demographics ---
. reg financial did_ind treatment_ind post_tcja $controls ///
>     i.year i.statefip [aw = wt06], robust cluster(statefip)
(sum of wgt is 844,469,890,826.2)
note: 14.famincome omitted because of collinearity.
note: 2023.year omitted because of collinearity.

Linear regression                               Number of obs     =     87,779
                                                F(44, 50)         =          .
                                                Prob > F          =          .
                                                R-squared         =     0.0191
                                                Root MSE          =     34.398

                                (Std. err. adjusted for 51 clusters in statefip)
--------------------------------------------------------------------------------
               |               Robust
     financial | Coefficient  std. err.      t    P>|t|     [95% conf. interval]
---------------+----------------------------------------------------------------
       did_ind |  -.4944446   .4954178    -1.00   0.323     -1.48952    .5006312
 treatment_ind |   3.199475   .9406616     3.40   0.001       1.3101    5.088849
     post_tcja |  -.4255822   .7729144    -0.55   0.584    -1.978027    1.126862
          male |  -2.127103   .4229312    -5.03   0.000    -2.976585    -1.27762
           age |   .1508836   .0538582     2.80   0.007     .0427063    .2590609
         age_2 |  -.0753644   .0616802    -1.22   0.227    -.1992526    .0485239
     full_time |  -4.304613   .4415237    -9.75   0.000     -5.19144   -3.417787
male_full_time |   .8217996   .4843811     1.70   0.096    -.1511084    1.794708
        educ_2 |   1.569097   .4067565     3.86   0.000     .7521024    2.386091
        educ_3 |   4.707907   .4467622    10.54   0.000     3.810559    5.605255
      hispanic |  -1.499391   .3425973    -4.38   0.000    -2.187518   -.8112643
       married |   .3314934   .3865343     0.86   0.395    -.4448835     1.10787
         white |   5.352484   1.691348     3.16   0.003     1.955311    8.749657
         black |   2.975872   1.833025     1.62   0.111    -.7058667    6.657611
        indian |   2.859234   1.797652     1.59   0.118    -.7514554    6.469924
         asian |   .8899626   1.650465     0.54   0.592    -2.425094     4.20502
       pacific |   1.422737   2.211514     0.64   0.523    -3.019218    5.864693
   other_races |   6.765406   2.045652     3.31   0.002     2.656592    10.87422
       retired |   3.056786   .8198979     3.73   0.000     1.409972    4.703599
       hh_size |  -.4958742   .1753191    -2.83   0.007    -.8480129   -.1437355
    hh_numkids |   .5192461   .2271064     2.29   0.027     .0630894    .9754028
     ageychild |  -.0361168   .0311814    -1.16   0.252    -.0987465    .0265128
               |
     famincome |
            2  |  -.3114718   1.220224    -0.26   0.800    -2.762363     2.13942
            3  |  -.8098809    .995544    -0.81   0.420     -2.80949    1.189728
            4  |  -.8710567   1.099938    -0.79   0.432    -3.080347    1.338234
            5  |  -1.054048   1.133711    -0.93   0.357    -3.331174    1.223078
            6  |  -.6255675   1.111837    -0.56   0.576    -2.858757    1.607622
            7  |   .0084347   .9874696     0.01   0.993    -1.974956    1.991826
            8  |   1.160098   1.144627     1.01   0.316    -1.138953    3.459149
            9  |    .963198   .9354559     1.03   0.308    -.9157205    2.842117
           10  |   .7421211   1.038904     0.71   0.478     -1.34458    2.828822
           11  |   1.356109   .8528204     1.59   0.118    -.3568314    3.069049
           12  |  -1.326073   .5837957    -2.27   0.027    -2.498661   -.1534844
           13  |  -1.079923   .3519762    -3.07   0.003    -1.786888   -.3729577
           14  |          0  (omitted)
           15  |   3.032621   .9204445     3.29   0.002     1.183853    4.881388
           16  |   3.676038   .9690526     3.79   0.000     1.729638    5.622437
               |
          year |
         2014  |  -.7344157   .5351337    -1.37   0.176    -1.809263    .3404319
         2015  |   .3731568   .5594251     0.67   0.508    -.7504816    1.496795
         2016  |   .3650231   .6613812     0.55   0.583    -.9634001    1.693446
         2017  |  -.6941987   .5635411    -1.23   0.224    -1.826104    .4377069
         2018  |   .4010846    .597201     0.67   0.505    -.7984288    1.600598
         2019  |   1.485739   .5940734     2.50   0.016     .2925077    2.678971
         2020  |   .2615635   .6552639     0.40   0.691    -1.054573      1.5777
         2021  |   .8017609   .8570691     0.94   0.354    -.9197131    2.523235
         2022  |   .6594317   .8212445     0.80   0.426    -.9900863     2.30895
         2023  |          0  (omitted)
               |
      statefip |
            2  |   8.068942   .2537783    31.80   0.000     7.559213    8.578671
            4  |   1.843945   .1376269    13.40   0.000     1.567514    2.120377
            5  |   .8033794   .0695276    11.55   0.000      .663729    .9430298
            6  |   2.787231   .1743261    15.99   0.000     2.437087    3.137375
            8  |   1.552154   .1023121    15.17   0.000     1.346654    1.757654
            9  |   2.102901   .0935403    22.48   0.000      1.91502    2.290782
           10  |   .6308287   .0717242     8.80   0.000     .4867664    .7748911
           11  |  -.6699829   .2005036    -3.34   0.002    -1.072706   -.2672596
           12  |   .4276661    .089588     4.77   0.000     .2477232     .607609
           13  |   1.655036   .0532852    31.06   0.000      1.54801    1.762063
           15  |   4.679392   .4188371    11.17   0.000     3.838133    5.520651
           16  |   2.343999   .1195148    19.61   0.000     2.103946    2.584052
           17  |   -.327243   .0782213    -4.18   0.000    -.4843552   -.1701309
           18  |   1.128484    .084444    13.36   0.000     .9588732    1.298095
           19  |   1.240111   .1046179    11.85   0.000     1.029979    1.450242
           20  |  -.1722489   .0732822    -2.35   0.023    -.3194405   -.0250574
           21  |   .5476762   .0739643     7.40   0.000     .3991146    .6962379
           22  |   .9310973   .0491359    18.95   0.000      .832405     1.02979
           23  |    2.40707   .1062075    22.66   0.000     2.193746    2.620394
           24  |   .6132896   .0917098     6.69   0.000      .429085    .7974941
           25  |   1.167403    .105697    11.04   0.000     .9551043    1.379702
           26  |   1.682937   .0721429    23.33   0.000     1.538033     1.82784
           27  |   1.500857   .0918673    16.34   0.000     1.316336    1.685378
           28  |  -1.536028   .0812354   -18.91   0.000    -1.699194   -1.372862
           29  |  -1.208035   .0836614   -14.44   0.000    -1.376074   -1.039996
           30  |   2.167954   .1053011    20.59   0.000     1.956451    2.379458
           31  |  -.1696531   .0895328    -1.89   0.064     -.349485    .0101788
           32  |   2.461014   .1226871    20.06   0.000      2.21459    2.707438
           33  |  -.4809801   .1225747    -3.92   0.000    -.7271785   -.2347817
           34  |  -.6016004   .1087432    -5.53   0.000    -.8200175   -.3831834
           35  |   2.075347   .1654615    12.54   0.000     1.743008    2.407686
           36  |   1.511208   .0838411    18.02   0.000     1.342808    1.679608
           37  |   .0268689    .047615     0.56   0.575    -.0687687    .1225064
           38  |   8.462299   .1278312    66.20   0.000     8.205543    8.719056
           39  |   .5408078   .0718812     7.52   0.000     .3964301    .6851855
           40  |   1.520968   .1203138    12.64   0.000     1.279311    1.762625
           41  |   1.600048   .1119961    14.29   0.000     1.375097    1.824998
           42  |   .5893119   .0776882     7.59   0.000     .4332706    .7453532
           44  |  -1.539289    .092547   -16.63   0.000    -1.725175   -1.353403
           45  |    -.10253   .0410117    -2.50   0.016    -.1849045   -.0201555
           46  |  -.4653976   .1135431    -4.10   0.000    -.6934555   -.2373397
           47  |   .2343426   .0641553     3.65   0.001     .1054828    .3632023
           48  |   1.289471   .1409444     9.15   0.000     1.006376    1.572567
           49  |   .3919197   .1366765     2.87   0.006     .1173969    .6664424
           50  |    2.24045   .1351005    16.58   0.000     1.969093    2.511807
           51  |   1.211328   .0684173    17.70   0.000     1.073908    1.348748
           53  |   3.464842   .1104391    31.37   0.000     3.243018    3.686665
           54  |   .8137237   .1224358     6.65   0.000     .5678042    1.059643
           55  |   1.010927   .0902907    11.20   0.000     .8295726    1.192281
           56  |  -.0589913   .1090957    -0.54   0.591    -.2781165    .1601339
               |
         _cons |  -3.882348   2.066841    -1.88   0.066     -8.03372    .2690244
--------------------------------------------------------------------------------

. outreg2 using "Results/Table2_Main_DiD.xls", ///
>     ctitle("(2) With Controls") ///
>     keep(did_ind treatment_ind post_tcja $controls) ///
>     addtext("Controls","Yes","State FE","Yes","Year FE","Yes") ///
>     bdec(3) se append
Results/Table2_Main_DiD.xls
dir : seeout

. 
. *--- Column 3: Treatment = $50k-$100k vs. control = <$35k ---
. *   (restrict to these two groups for clean comparison)
. preserve

. keep if treatment_ind == 1 | control_group == 1
(33,825 observations deleted)

. reg financial did_ind treatment_ind post_tcja $controls ///
>     i.year i.statefip [aw = wt06], robust cluster(statefip)
(sum of wgt is 495,599,925,490.9)
note: 14.famincome omitted because of collinearity.
note: 2023.year omitted because of collinearity.

Linear regression                               Number of obs     =     53,954
                                                F(40, 50)         =          .
                                                Prob > F          =          .
                                                R-squared         =     0.0189
                                                Root MSE          =     32.982

                                (Std. err. adjusted for 51 clusters in statefip)
--------------------------------------------------------------------------------
               |               Robust
     financial | Coefficient  std. err.      t    P>|t|     [95% conf. interval]
---------------+----------------------------------------------------------------
       did_ind |   .5301834   .5569569     0.95   0.346    -.5884974    1.648864
 treatment_ind |   2.390413   .9176761     2.60   0.012     .5472063     4.23362
     post_tcja |  -1.641546    .849945    -1.93   0.059    -3.348711    .0656188
          male |  -2.510377    .479969    -5.23   0.000    -3.474423   -1.546331
           age |   .0803201   .0774445     1.04   0.305    -.0752317     .235872
         age_2 |  -.0017485   .0855493    -0.02   0.984    -.1735793    .1700824
     full_time |   -3.43023   .6358288    -5.39   0.000     -4.70733    -2.15313
male_full_time |   1.343986   .6785815     1.98   0.053    -.0189848    2.706957
        educ_2 |   1.764374   .6485498     2.72   0.009     .4617238    3.067025
        educ_3 |   4.398156   .7091276     6.20   0.000     2.973831    5.822481
      hispanic |  -2.237054   .4560898    -4.90   0.000    -3.153138   -1.320971
       married |   .4914159   .3431441     1.43   0.158    -.1978093    1.180641
         white |    4.69735   2.059156     2.28   0.027     .5614128    8.833288
         black |   2.282532   2.136018     1.07   0.290    -2.007786    6.572851
        indian |   2.125308   2.207207     0.96   0.340    -2.307997    6.558613
         asian |   .5943848   1.985433     0.30   0.766    -3.393474    4.582244
       pacific |   .0631907   3.030695     0.02   0.983    -6.024139     6.15052
   other_races |   7.259016   3.139923     2.31   0.025     .9522959    13.56574
       retired |   2.160172   .7988086     2.70   0.009     .5557175    3.764626
       hh_size |  -.7098296   .1949659    -3.64   0.001     -1.10143   -.3182292
    hh_numkids |   .8310048   .2380645     3.49   0.001     .3528383    1.309171
     ageychild |  -.0089496   .0392588    -0.23   0.821    -.0878032     .069904
               |
     famincome |
            2  |  -.3555348   1.226994    -0.29   0.773    -2.820025    2.108955
            3  |  -.6862106   .9929603    -0.69   0.493     -2.68063    1.308209
            4  |  -.8184938    1.10166    -0.74   0.461    -3.031243    1.394255
            5  |   -.991487   1.125195    -0.88   0.382    -3.251508    1.268534
            6  |  -.5756008   1.137895    -0.51   0.615    -2.861131    1.709929
            7  |    .026962   1.016217     0.03   0.979     -2.01417    2.068094
            8  |   1.094385    1.16765     0.94   0.353    -1.250909    3.439679
            9  |   .8997351   .9102183     0.99   0.328    -.9284922    2.727962
           12  |  -1.215269    .579615    -2.10   0.041     -2.37946    -.051078
           13  |  -1.012136    .353371    -2.86   0.006    -1.721903   -.3023698
           14  |          0  (omitted)
               |
          year |
         2014  |  -1.119295   .6893876    -1.62   0.111    -2.503971    .2653803
         2015  |  -.1697478   .7297101    -0.23   0.817    -1.635414    1.295918
         2016  |   .0478952   .7449799     0.06   0.949    -1.448441    1.544231
         2017  |  -1.020237   .6150445    -1.66   0.103     -2.25559    .2151162
         2018  |   .3964692   .7708682     0.51   0.609    -1.151865    1.944803
         2019  |   1.301124   .6888959     1.89   0.065    -.0825639    2.684812
         2020  |  -.1409287   .8049269    -0.18   0.862    -1.757672    1.475815
         2021  |   1.024548   1.157773     0.88   0.380    -1.300907    3.350004
         2022  |   .6303843   .9989412     0.63   0.531    -1.376048    2.636817
         2023  |          0  (omitted)
               |
      statefip |
            2  |   1.243359   .3589895     3.46   0.001     .5223074    1.964411
            4  |   2.270938   .1980414    11.47   0.000      1.87316    2.668716
            5  |  -.1519073   .0756876    -2.01   0.050    -.3039302    .0001157
            6  |   2.315347   .2801999     8.26   0.000     1.752549    2.878145
            8  |    1.76775   .1287078    13.73   0.000     1.509233    2.026267
            9  |   2.316827   .1544778    15.00   0.000      2.00655    2.627105
           10  |  -2.632264   .1049363   -25.08   0.000    -2.843035   -2.421493
           11  |  -.9546526   .2726304    -3.50   0.001    -1.502247   -.4070583
           12  |  -.7845183   .1283201    -6.11   0.000    -1.042257   -.5267797
           13  |   1.306519   .0737633    17.71   0.000     1.158362    1.454677
           15  |   6.086206   .5246335    11.60   0.000     5.032449    7.139963
           16  |    2.02082   .1312021    15.40   0.000     1.757293    2.284347
           17  |  -1.013549   .1044709    -9.70   0.000    -1.223385   -.8037132
           18  |  -.5811163   .1136604    -5.11   0.000      -.80941   -.3528226
           19  |   1.720373   .1424521    12.08   0.000      1.43425    2.006496
           20  |  -1.613064   .1178668   -13.69   0.000    -1.849807   -1.376322
           21  |  -.9654354   .1106069    -8.73   0.000    -1.187596    -.743275
           22  |  -.2085307    .069588    -3.00   0.004    -.3483023   -.0687591
           23  |   -1.16185   .1536632    -7.56   0.000    -1.470492   -.8532087
           24  |  -.3795045   .1227735    -3.09   0.003    -.6261023   -.1329068
           25  |  -.7308071   .1264648    -5.78   0.000    -.9848191   -.4767951
           26  |  -.2265838   .0782555    -2.90   0.006    -.3837645    -.069403
           27  |   .6324453   .1411332     4.48   0.000      .348971    .9159196
           28  |  -2.043255   .1127651   -18.12   0.000     -2.26975   -1.816759
           29  |  -1.714853    .125613   -13.65   0.000    -1.967155   -1.462552
           30  |   .4449222    .145877     3.05   0.004     .1519196    .7379249
           31  |  -2.052225   .1177974   -17.42   0.000    -2.288828   -1.815622
           32  |   4.149559    .167941    24.71   0.000      3.81224    4.486879
           33  |  -2.351365   .1519273   -15.48   0.000     -2.65652    -2.04621
           34  |  -.6311815   .1438897    -4.39   0.000    -.9201924   -.3421706
           35  |   2.621362   .2483721    10.55   0.000     2.122492    3.120232
           36  |   .6055975   .1410916     4.29   0.000     .3222065    .8889884
           37  |  -1.024684   .0665418   -15.40   0.000    -1.158337   -.8910309
           38  |   13.02978   .1760392    74.02   0.000     12.67619    13.38336
           39  |  -1.399124     .09154   -15.28   0.000    -1.582988   -1.215261
           40  |   .8248692   .1467752     5.62   0.000     .5300626    1.119676
           41  |   .3119133   .1602213     1.95   0.057    -.0099006    .6337272
           42  |   .0147545   .1191637     0.12   0.902    -.2245928    .2541018
           44  |  -.4296177   .1557973    -2.76   0.008    -.7425458   -.1166896
           45  |  -.7423651   .0617823   -12.02   0.000    -.8664585   -.6182716
           46  |  -.3398381   .1331788    -2.55   0.014    -.6073355   -.0723407
           47  |  -1.358412   .1045256   -13.00   0.000    -1.568358   -1.148467
           48  |   .4413575   .2368048     1.86   0.068    -.0342789    .9169939
           49  |  -.9084687    .186014    -4.88   0.000    -1.282089   -.5348486
           50  |  -3.979053   .2157416   -18.44   0.000    -4.412383   -3.545723
           51  |   .8380675   .0916267     9.15   0.000     .6540299    1.022105
           53  |   1.797477   .1667889    10.78   0.000     1.462471    2.132482
           54  |  -1.654757   .1643534   -10.07   0.000     -1.98487   -1.324643
           55  |    .538805   .1080336     4.99   0.000     .3218132    .7557967
           56  |  -3.718393   .1642526   -22.64   0.000    -4.048304   -3.388482
               |
         _cons |   .2630009   2.523075     0.10   0.917    -4.804745    5.330746
--------------------------------------------------------------------------------

. outreg2 using "Results/Table2_Main_DiD.xls", ///
>     ctitle("(3) Clean Comparison") ///
>     keep(did_ind treatment_ind post_tcja $controls) ///
>     addtext("Controls","Yes","State FE","Yes","Year FE","Yes","Sample","50-100k vs <35k") ///
>     bdec(3) se append
Results/Table2_Main_DiD.xls
dir : seeout

. restore

. 
. *--- Column 4: High-income group ($100k+) ---
. reg financial did_high treatment_high post_tcja $controls ///
>     i.year i.statefip [aw = wt06], robust cluster(statefip)
(sum of wgt is 844,469,890,826.2)
note: 16.famincome omitted because of collinearity.
note: 2023.year omitted because of collinearity.

Linear regression                               Number of obs     =     87,779
                                                F(44, 50)         =          .
                                                Prob > F          =          .
                                                R-squared         =     0.0191
                                                Root MSE          =     34.397

                                (Std. err. adjusted for 51 clusters in statefip)
--------------------------------------------------------------------------------
               |               Robust
     financial | Coefficient  std. err.      t    P>|t|     [95% conf. interval]
---------------+----------------------------------------------------------------
      did_high |   1.319895   .6407232     2.06   0.045     .0329644    2.606825
treatment_high |   2.910401   .8827851     3.30   0.002     1.137275    4.683527
     post_tcja |  -.9548965   .7265794    -1.31   0.195    -2.414274    .5044812
          male |  -2.124912   .4225219    -5.03   0.000    -2.973572   -1.276252
           age |   .1509465   .0536015     2.82   0.007     .0432847    .2586084
         age_2 |  -.0750707   .0613989    -1.22   0.227    -.1983941    .0482527
     full_time |  -4.313279   .4409247    -9.78   0.000    -5.198902   -3.427655
male_full_time |   .8239828   .4833678     1.70   0.094    -.1468899    1.794856
        educ_2 |   1.577558   .4071058     3.88   0.000     .7598618    2.395254
        educ_3 |   4.715645   .4477014    10.53   0.000      3.81641     5.61488
      hispanic |  -1.497374   .3451367    -4.34   0.000    -2.190601   -.8041461
       married |   .3228661   .3857629     0.84   0.407    -.4519615    1.097694
         white |    5.35713   1.715841     3.12   0.003     1.910763    8.803498
         black |   2.972453   1.856965     1.60   0.116    -.7573708    6.702277
        indian |   2.851334    1.81888     1.57   0.123     -.801993    6.504662
         asian |   .8976811   1.678404     0.53   0.595    -2.473492    4.268854
       pacific |   1.399807   2.219527     0.63   0.531    -3.058244    5.857858
   other_races |   6.764057   2.061953     3.28   0.002     2.622504    10.90561
       retired |   3.049472    .817234     3.73   0.000     1.408009    4.690935
       hh_size |  -.4976317   .1755541    -2.83   0.007    -.8502426   -.1450208
    hh_numkids |   .5217442   .2263921     2.30   0.025     .0670223    .9764661
     ageychild |  -.0358838   .0314643    -1.14   0.260    -.0990817    .0273141
               |
     famincome |
            2  |  -.3372765    1.21569    -0.28   0.783    -2.779062    2.104509
            3  |  -.8234735   .9929431    -0.83   0.411    -2.817859    1.170911
            4  |  -.8791821   1.101219    -0.80   0.428    -3.091046    1.332681
            5  |  -1.062786    1.12839    -0.94   0.351    -3.329224    1.203652
            6  |  -.6416649   1.114044    -0.58   0.567    -2.879289    1.595959
            7  |     .01633   .9888785     0.02   0.987    -1.969891    2.002551
            8  |    1.16224    1.14667     1.01   0.316    -1.140914    3.465393
            9  |   .9776232   .9413929     1.04   0.304    -.9132201    2.868466
           10  |   .7801245   1.039488     0.75   0.456    -1.307749    2.867998
           11  |   1.379753   .8536683     1.62   0.112    -.3348907    3.094396
           12  |   1.644637   .8395186     1.96   0.056    -.0415859     3.33086
           13  |    1.89166   .8600133     2.20   0.032     .1642729    3.619048
           14  |   2.972782    .824844     3.60   0.001     1.316034     4.62953
           15  |  -.5917596   .6715533    -0.88   0.382    -1.940614    .7570948
           16  |          0  (omitted)
               |
          year |
         2014  |  -.7297958   .5362878    -1.36   0.180    -1.806961    .3473699
         2015  |   .3899756   .5609264     0.70   0.490    -.7366782    1.516629
         2016  |   .3960051   .6654452     0.60   0.554    -.9405808    1.732591
         2017  |  -.6570927   .5675723    -1.16   0.252    -1.797095    .4829099
         2018  |   .4581621   .5998286     0.76   0.449    -.7466291    1.662953
         2019  |   1.531718   .5952083     2.57   0.013     .3362071    2.727229
         2020  |   .2884327   .6523351     0.44   0.660    -1.021821    1.598686
         2021  |   .8324451   .8529708     0.98   0.334    -.8807972    2.545687
         2022  |   .6769803   .8204059     0.83   0.413    -.9708533    2.324814
         2023  |          0  (omitted)
               |
      statefip |
            2  |   8.079972    .253675    31.85   0.000     7.570451    8.589493
            4  |   1.835212    .137346    13.36   0.000     1.559345     2.11108
            5  |   .7989035   .0703798    11.35   0.000     .6575416    .9402654
            6  |    2.79378   .1756911    15.90   0.000     2.440894    3.146666
            8  |   1.535718   .1001902    15.33   0.000      1.33448    1.736956
            9  |   2.137132   .0968821    22.06   0.000     1.942539    2.331726
           10  |   .6157543   .0706073     8.72   0.000     .4739354    .7575733
           11  |  -.6828125   .2026646    -3.37   0.001    -1.089876   -.2757487
           12  |   .4317669   .0907901     4.76   0.000     .2494097    .6141241
           13  |   1.655435   .0532594    31.08   0.000     1.548461     1.76241
           15  |   4.680806   .4178789    11.20   0.000     3.841471     5.52014
           16  |    2.33738   .1203448    19.42   0.000      2.09566    2.579099
           17  |  -.3340792   .0778066    -4.29   0.000    -.4903584   -.1778001
           18  |   1.126631   .0847708    13.29   0.000     .9563633    1.296898
           19  |   1.242756   .1053362    11.80   0.000     1.031182     1.45433
           20  |  -.1605372   .0773768    -2.07   0.043     -.315953   -.0051214
           21  |   .5441404   .0741527     7.34   0.000     .3952003    .6930805
           22  |   .9511776   .0514714    18.48   0.000     .8477944    1.054561
           23  |   2.416439   .1040189    23.23   0.000     2.207511    2.625367
           24  |   .6250171   .0897919     6.96   0.000     .4446648    .8053695
           25  |   1.196256   .1049942    11.39   0.000     .9853691    1.407143
           26  |   1.677823   .0712986    23.53   0.000     1.534615     1.82103
           27  |   1.499898   .0918277    16.33   0.000     1.315456    1.684339
           28  |   -1.52651   .0805745   -18.95   0.000    -1.688348   -1.364671
           29  |  -1.212015   .0827163   -14.65   0.000    -1.378155   -1.045874
           30  |   2.149492   .1077191    19.95   0.000     1.933132    2.365852
           31  |  -.1882807   .0879162    -2.14   0.037    -.3648657   -.0116957
           32  |   2.466841   .1241365    19.87   0.000     2.217505    2.716177
           33  |  -.4795901   .1212834    -3.95   0.000     -.723195   -.2359852
           34  |  -.6014911   .1081174    -5.56   0.000    -.8186512   -.3843309
           35  |   2.085413   .1690123    12.34   0.000     1.745942    2.424884
           36  |   1.522396   .0844156    18.03   0.000     1.352843     1.69195
           37  |   .0359042   .0488997     0.73   0.466    -.0623138    .1341222
           38  |   8.486794     .13024    65.16   0.000     8.225199    8.748389
           39  |   .5487925   .0728525     7.53   0.000     .4024641     .695121
           40  |   1.531935    .123209    12.43   0.000     1.284463    1.779407
           41  |   1.575141   .1078589    14.60   0.000       1.3585    1.791782
           42  |   .5926061   .0781423     7.58   0.000     .4356527    .7495595
           44  |  -1.520513   .0949839   -16.01   0.000    -1.711294   -1.329733
           45  |  -.1045933   .0413689    -2.53   0.015    -.1876852   -.0215014
           46  |  -.4515917   .1139626    -3.96   0.000    -.6804923   -.2226911
           47  |   .2354624   .0642218     3.67   0.001      .106469    .3644558
           48  |   1.290113   .1431676     9.01   0.000     1.002552    1.577674
           49  |   .3995715    .138765     2.88   0.006     .1208539    .6782892
           50  |   2.239595   .1354447    16.54   0.000     1.967546    2.511644
           51  |   1.227225   .0676006    18.15   0.000     1.091445    1.363004
           53  |   3.462572   .1090925    31.74   0.000     3.243454    3.681691
           54  |   .7932154   .1220464     6.50   0.000      .548078    1.038353
           55  |     1.0136   .0906762    11.18   0.000     .8314718    1.195729
           56  |  -.0405299   .1121419    -0.36   0.719    -.2657735    .1847136
               |
         _cons |  -3.672095   2.071627    -1.77   0.082     -7.83308    .4888899
--------------------------------------------------------------------------------

. outreg2 using "Results/Table2_Main_DiD.xls", ///
>     ctitle("(4) High Income") ///
>     keep(did_high treatment_high post_tcja $controls) ///
>     addtext("Controls","Yes","State FE","Yes","Year FE","Yes","Treatment","Income $100k+") ///
>     bdec(3) se append
Results/Table2_Main_DiD.xls
dir : seeout

. 
. *--- Column 5: Homeownership proxy ---
. reg financial did_proxy treatment_proxy post_tcja $controls ///
>     i.year i.statefip [aw = wt06], robust cluster(statefip)
(sum of wgt is 844,469,890,826.2)
note: 2023.year omitted because of collinearity.

Linear regression                               Number of obs     =     87,779
                                                F(45, 50)         =          .
                                                Prob > F          =          .
                                                R-squared         =     0.0191
                                                Root MSE          =     34.398

                                 (Std. err. adjusted for 51 clusters in statefip)
---------------------------------------------------------------------------------
                |               Robust
      financial | Coefficient  std. err.      t    P>|t|     [95% conf. interval]
----------------+----------------------------------------------------------------
      did_proxy |  -1.047305   1.146832    -0.91   0.366    -3.350785    1.256175
treatment_proxy |   1.078008   .6916864     1.56   0.125    -.3112854    2.467301
      post_tcja |  -.5072967    .745213    -0.68   0.499    -2.004101    .9895076
           male |  -2.122072   .4223957    -5.02   0.000    -2.970478   -1.273665
            age |   .1495658    .053797     2.78   0.008     .0415113    .2576203
          age_2 |  -.0735829   .0617393    -1.19   0.239    -.1975899    .0504241
      full_time |  -4.308626   .4411834    -9.77   0.000    -5.194769   -3.422483
 male_full_time |   .8064559   .4848128     1.66   0.102    -.1673193    1.780231
         educ_2 |   1.540121   .4130206     3.73   0.000     .7105451    2.369698
         educ_3 |   4.673905   .4542406    10.29   0.000     3.761535    5.586274
       hispanic |  -1.491978   .3443172    -4.33   0.000    -2.183559   -.8003964
        married |   .2715659   .4083296     0.67   0.509    -.5485882     1.09172
          white |   5.347951   1.707615     3.13   0.003     1.918105    8.777797
          black |   2.974919   1.847274     1.61   0.114    -.7354397    6.685278
         indian |   2.849686   1.812788     1.57   0.122    -.7914056    6.490778
          asian |   .8805948   1.667588     0.53   0.600    -2.468854    4.230043
        pacific |    1.43251   2.214393     0.65   0.521     -3.01523     5.88025
    other_races |   6.762004   2.056501     3.29   0.002     2.631401    10.89261
        retired |   3.046221    .818663     3.72   0.001     1.401888    4.690554
        hh_size |  -.4934122   .1757154    -2.81   0.007     -.846347   -.1404774
     hh_numkids |   .4871278   .2294092     2.12   0.039     .0263458    .9479098
      ageychild |  -.0391783   .0302824    -1.29   0.202    -.1000023    .0216456
                |
      famincome |
             2  |  -.3131455   1.217666    -0.26   0.798      -2.7589    2.132609
             3  |  -.8200025   .9899006    -0.83   0.411    -2.808276    1.168271
             4  |  -.8767587   1.096652    -0.80   0.428     -3.07945    1.325932
             5  |  -1.057661   1.133759    -0.93   0.355    -3.334883    1.219561
             6  |  -.6245828   1.112046    -0.56   0.577    -2.858192    1.609026
             7  |   .0178024   .9909426     0.02   0.986    -1.972564    2.008169
             8  |   1.172416   1.150755     1.02   0.313    -1.138945    3.483776
             9  |   .9818655   .9449865     1.04   0.304    -.9161958    2.879927
            10  |   .7690559   1.047738     0.73   0.466    -1.335388    2.873499
            11  |   1.383109   .8637769     1.60   0.116    -.3518377    3.118056
            12  |   1.537938   .8211016     1.87   0.067    -.1112932    3.187169
            13  |     1.7667    .820736     2.15   0.036     .1182032    3.415197
            14  |   2.835736   .7826136     3.62   0.001      1.26381    4.407662
            15  |   3.086724    .946524     3.26   0.002     1.185575    4.987874
            16  |   3.741862   1.002031     3.73   0.000     1.729224      5.7545
                |
           year |
          2014  |  -.7369999   .5365003    -1.37   0.176    -1.814592    .3405926
          2015  |    .382224   .5592041     0.68   0.497    -.7409706    1.505418
          2016  |   .3692097   .6603675     0.56   0.579    -.9571775    1.695597
          2017  |   -.689787   .5626856    -1.23   0.226    -1.819974    .4404002
          2018  |   .4050568   .5975048     0.68   0.501    -.7950669    1.605181
          2019  |   1.488227   .5949018     2.50   0.016     .2933319    2.683123
          2020  |    .261892   .6553942     0.40   0.691    -1.054506     1.57829
          2021  |   .8036022   .8571177     0.94   0.353    -.9179695    2.525174
          2022  |    .660227    .820977     0.80   0.425    -.9887539    2.309208
          2023  |          0  (omitted)
                |
       statefip |
             2  |   8.062057   .2512192    32.09   0.000     7.557469    8.566646
             4  |   1.846999   .1361715    13.56   0.000      1.57349    2.120507
             5  |   .8109683   .0724899    11.19   0.000     .6653681    .9565684
             6  |   2.791794   .1739582    16.05   0.000     2.442389      3.1412
             8  |    1.55981   .1031449    15.12   0.000     1.352638    1.766983
             9  |   2.099524   .0938951    22.36   0.000      1.91093    2.288117
            10  |   .6360221   .0722145     8.81   0.000     .4909749    .7810692
            11  |  -.6602562   .1991448    -3.32   0.002     -1.06025   -.2602621
            12  |   .4280718   .0891127     4.80   0.000     .2490838    .6070599
            13  |   1.654332   .0529821    31.22   0.000     1.547914    1.760749
            15  |   4.655746   .4249457    10.96   0.000     3.802217    5.509274
            16  |   2.342966   .1226042    19.11   0.000     2.096708    2.589224
            17  |   -.322136   .0784122    -4.11   0.000    -.4796316   -.1646404
            18  |   1.137114    .086233    13.19   0.000     .9639102    1.310318
            19  |   1.251301   .1062257    11.78   0.000      1.03794    1.464662
            20  |  -.1598489   .0778632    -2.05   0.045    -.3162417   -.0034562
            21  |     .54234   .0746092     7.27   0.000     .3924831    .6921969
            22  |   .9340846   .0497835    18.76   0.000     .8340914    1.034078
            23  |   2.420935   .1040051    23.28   0.000     2.212035    2.629835
            24  |   .6158182   .0917313     6.71   0.000     .4315704     .800066
            25  |   1.175165   .1055813    11.13   0.000     .9630988    1.387231
            26  |   1.687277   .0723496    23.32   0.000     1.541958    1.832595
            27  |   1.510879    .093431    16.17   0.000     1.323217    1.698541
            28  |  -1.531575   .0812932   -18.84   0.000    -1.694858   -1.368293
            29  |  -1.204593   .0842312   -14.30   0.000    -1.373776   -1.035409
            30  |   2.190104   .1075103    20.37   0.000     1.974163    2.406045
            31  |  -.1636799   .0922243    -1.77   0.082    -.3489177     .021558
            32  |   2.454432    .124207    19.76   0.000     2.204955    2.703909
            33  |  -.4852119   .1213662    -4.00   0.000    -.7289832   -.2414407
            34  |   -.594805   .1079523    -5.51   0.000    -.8116336   -.3779765
            35  |   2.080666   .1674027    12.43   0.000     1.744428    2.416904
            36  |   1.517473   .0835453    18.16   0.000     1.349667    1.685278
            37  |   .0317213   .0480136     0.66   0.512     -.064717    .1281595
            38  |   8.452078   .1304632    64.79   0.000     8.190035    8.714121
            39  |   .5371869   .0710341     7.56   0.000     .3945108    .6798631
            40  |   1.525626   .1218632    12.52   0.000     1.280857    1.770396
            41  |    1.60319   .1125952    14.24   0.000     1.377035    1.829344
            42  |   .5929835   .0791194     7.49   0.000     .4340675    .7518996
            44  |  -1.549491   .0940735   -16.47   0.000    -1.738443   -1.360539
            45  |  -.1006559   .0420529    -2.39   0.020    -.1851216   -.0161903
            46  |  -.4578186   .1142281    -4.01   0.000    -.6872525   -.2283846
            47  |   .2388449   .0635113     3.76   0.000     .1112787    .3664112
            48  |   1.298614   .1420431     9.14   0.000     1.013312    1.583916
            49  |   .3896041   .1370167     2.84   0.006     .1143979    .6648102
            50  |   2.229399    .137531    16.21   0.000     1.953159    2.505638
            51  |   1.209035   .0684149    17.67   0.000      1.07162    1.346451
            53  |    3.46859   .1100371    31.52   0.000     3.247574    3.689606
            54  |   .8143849   .1263175     6.45   0.000     .5606688    1.068101
            55  |   1.005944   .0913012    11.02   0.000     .8225599    1.189328
            56  |  -.0604398   .1079661    -0.56   0.578     -.277296    .1564165
                |
          _cons |  -3.770998   2.049224    -1.84   0.072    -7.886986    .3449893
---------------------------------------------------------------------------------

. outreg2 using "Results/Table2_Main_DiD.xls", ///
>     ctitle("(5) With Homeown. Proxy") ///
>     keep(did_proxy treatment_proxy post_tcja $controls) ///
>     addtext("Controls","Yes","State FE","Yes","Year FE","Yes") ///
>     bdec(3) se append
Results/Table2_Main_DiD.xls
dir : seeout

. 
. *--- Column 6: Excluding 2020 (COVID year) ---
. preserve

. drop if year == 2020
(6,896 observations deleted)

. reg financial did_ind treatment_ind post_tcja $controls ///
>     i.year i.statefip [aw = wt06], robust cluster(statefip)
(sum of wgt is 778,852,949,948.6)
note: 14.famincome omitted because of collinearity.
note: 2023.year omitted because of collinearity.

Linear regression                               Number of obs     =     80,883
                                                F(43, 50)         =          .
                                                Prob > F          =          .
                                                R-squared         =     0.0186
                                                Root MSE          =     34.315

                                (Std. err. adjusted for 51 clusters in statefip)
--------------------------------------------------------------------------------
               |               Robust
     financial | Coefficient  std. err.      t    P>|t|     [95% conf. interval]
---------------+----------------------------------------------------------------
       did_ind |  -.3586418    .537407    -0.67   0.508    -1.438056    .7207718
 treatment_ind |   3.150128   .9502024     3.32   0.002      1.24159    5.058665
     post_tcja |  -.4231218   .7602026    -0.56   0.580    -1.950034     1.10379
          male |  -2.235215   .4891679    -4.57   0.000    -3.217738   -1.252693
           age |   .1193914   .0489855     2.44   0.018     .0210011    .2177817
         age_2 |  -.0495068   .0570104    -0.87   0.389    -.1640155     .065002
     full_time |  -4.246336   .4764934    -8.91   0.000    -5.203401   -3.289271
male_full_time |   1.008983    .562577     1.79   0.079    -.1209863    2.138952
        educ_2 |   1.713622   .4101861     4.18   0.000     .8897392    2.537505
        educ_3 |    4.77275   .4499319    10.61   0.000     3.869035    5.676465
      hispanic |   -1.55662   .3767275    -4.13   0.000    -2.313299   -.7999402
       married |    .519009   .3893983     1.33   0.189    -.2631205    1.301138
         white |   4.990595   1.842157     2.71   0.009     1.290514    8.690675
         black |    2.64002   1.958931     1.35   0.184    -1.294609     6.57465
        indian |   2.765696   1.992452     1.39   0.171    -1.236261    6.767653
         asian |   .4515322   1.808399     0.25   0.804    -3.180745    4.083809
       pacific |   1.165516   2.249496     0.52   0.607     -3.35273    5.683761
   other_races |   6.248728   2.264546     2.76   0.008     1.700253     10.7972
       retired |   3.019576   .8312051     3.63   0.001     1.350052    4.689101
       hh_size |  -.5143152   .1984828    -2.59   0.013    -.9129797   -.1156508
    hh_numkids |   .5342422   .2468692     2.16   0.035     .0383907    1.030094
     ageychild |  -.0362766   .0319461    -1.14   0.262    -.1004422    .0278891
               |
     famincome |
            2  |   .1019968   1.268238     0.08   0.936    -2.445334    2.649328
            3  |  -.7148148   .9738557    -0.73   0.466    -2.670862    1.241232
            4  |  -.5828667   1.114347    -0.52   0.603    -2.821099    1.655365
            5  |    -.93144   1.147419    -0.81   0.421    -3.236099    1.373219
            6  |  -.4722321   1.073976    -0.44   0.662    -2.629377    1.684913
            7  |   .1497192   .9896115     0.15   0.880    -1.837974    2.137412
            8  |   1.007347   1.183972     0.85   0.399     -1.37073    3.385424
            9  |   1.221137   .9681877     1.26   0.213    -.7235256    3.165799
           10  |   .8607923   1.090126     0.79   0.433     -1.32879    3.050375
           11  |   1.326143   .8811316     1.51   0.139    -.4436618    3.095948
           12  |  -1.365205   .6217761    -2.20   0.033    -2.614079   -.1163312
           13  |  -.9503769   .3970487    -2.39   0.020    -1.747873    -.152881
           14  |          0  (omitted)
           15  |   2.910212   .9307573     3.13   0.003     1.040731    4.779693
           16  |   3.531039   .9697607     3.64   0.001     1.583218    5.478861
               |
          year |
         2014  |  -.7373985   .5348669    -1.38   0.174     -1.81171    .3369134
         2015  |   .3768282   .5595565     0.67   0.504     -.747074     1.50073
         2016  |   .3726685   .6606704     0.56   0.575    -.9543271    1.699664
         2017  |  -.6871191   .5614715    -1.22   0.227    -1.814868    .4406295
         2018  |   .3704468   .5925713     0.63   0.535    -.8197677    1.560661
         2019  |   1.460716   .5937744     2.46   0.017     .2680852    2.653347
         2021  |   .7919248   .8534294     0.93   0.358    -.9222386    2.506088
         2022  |   .6535933   .8228628     0.79   0.431    -.9991753    2.306362
         2023  |          0  (omitted)
               |
      statefip |
            2  |   7.048699   .2568735    27.44   0.000     6.532753    7.564645
            4  |   2.253108   .1339356    16.82   0.000     1.984091    2.522126
            5  |   1.113992   .0822169    13.55   0.000     .9488542    1.279129
            6  |   3.110354   .1760281    17.67   0.000     2.756792    3.463917
            8  |   1.766712   .1027654    17.19   0.000     1.560301    1.973122
            9  |   2.014766   .0975778    20.65   0.000     1.818775    2.210756
           10  |     1.0501   .0707701    14.84   0.000     .9079544    1.192246
           11  |   -.346082   .2142689    -1.62   0.113    -.7764538    .0842898
           12  |   .6266212   .0969822     6.46   0.000     .4318267    .8214157
           13  |   2.028023   .0580603    34.93   0.000     1.911405    2.144641
           15  |   5.721993   .3968939    14.42   0.000     4.924809    6.519178
           16  |   3.133773   .1242536    25.22   0.000     2.884203    3.383344
           17  |  -.2340533   .0751439    -3.11   0.003    -.3849843   -.0831223
           18  |   1.629558   .0884822    18.42   0.000     1.451836    1.807279
           19  |   1.524118   .1014812    15.02   0.000     1.320287    1.727949
           20  |   .0492668   .0773946     0.64   0.527    -.1061849    .2047185
           21  |  -.0392356   .0791229    -0.50   0.622    -.1981586    .1196875
           22  |   1.501608   .0530349    28.31   0.000     1.395084    1.608132
           23  |   2.534759   .1031867    24.56   0.000     2.327502    2.742015
           24  |   .9491501   .0951538     9.97   0.000     .7580282    1.140272
           25  |   1.701464   .0991707    17.16   0.000     1.502274    1.900654
           26  |   1.701395   .0635686    26.76   0.000     1.573713    1.829076
           27  |    1.63626   .0883285    18.52   0.000     1.458847    1.813673
           28  |  -1.213755    .079633   -15.24   0.000    -1.373703   -1.053807
           29  |  -1.771428   .0850718   -20.82   0.000    -1.942299   -1.600556
           30  |   1.887996   .1075853    17.55   0.000     1.671904    2.104087
           31  |   -.059338    .086659    -0.68   0.497    -.2333978    .1147218
           32  |   2.911578   .1247822    23.33   0.000     2.660945     3.16221
           33  |   .3143562   .1219549     2.58   0.013     .0694025    .5593098
           34  |  -.3018851    .106908    -2.82   0.007    -.5166162    -.087154
           35  |   2.592102    .164972    15.71   0.000     2.260746    2.923458
           36  |   1.680621   .0893267    18.81   0.000     1.501203    1.860039
           37  |   .0826546   .0525988     1.57   0.122    -.0229933    .1883024
           38  |   9.316469   .1335588    69.76   0.000     9.048208     9.58473
           39  |   .6578868   .0712546     9.23   0.000     .5147677     .801006
           40  |    1.30313   .1257303    10.36   0.000     1.050593    1.555667
           41  |   1.911012   .1110453    17.21   0.000     1.687971    2.134053
           42  |   1.111963   .0753512    14.76   0.000     .9606154     1.26331
           44  |   -1.04653   .0952456   -10.99   0.000    -1.237836   -.8552235
           45  |  -.3446547   .0422074    -8.17   0.000    -.4294306   -.2598787
           46  |   .3040382    .119402     2.55   0.014     .0642122    .5438641
           47  |   .5389146   .0727513     7.41   0.000     .3927893    .6850398
           48  |    1.30602   .1517082     8.61   0.000     1.001305    1.610735
           49  |   .1170336   .1441701     0.81   0.421    -.1725406    .4066079
           50  |   2.675682   .1321164    20.25   0.000     2.410318    2.941046
           51  |   1.496695   .0626097    23.91   0.000      1.37094     1.62245
           53  |   3.612533   .1024065    35.28   0.000     3.406844    3.818223
           54  |    1.47558   .1310753    11.26   0.000     1.212307    1.738852
           55  |     .88503   .0846153    10.46   0.000     .7150752    1.054985
           56  |   .5161008   .1037245     4.98   0.000     .3077639    .7244377
               |
         _cons |  -3.060302   2.106736    -1.45   0.153    -7.291806    1.171203
--------------------------------------------------------------------------------

. outreg2 using "Results/Table2_Main_DiD.xls", ///
>     ctitle("(6) Excl. 2020") ///
>     keep(did_ind treatment_ind post_tcja $controls) ///
>     addtext("Controls","Yes","State FE","Yes","Year FE","Yes","Note","2020 excluded") ///
>     bdec(3) se append
Results/Table2_Main_DiD.xls
dir : seeout

. restore

. 
. log close
      name:  <unnamed>
       log:  C:\data\GMX_Tax_Changes\Results/Table2_DiD_Financial_Time.log
  log type:  text
 closed on:  29 Apr 2026, 10:43:42
--------------------------------------------------------------------------------------------------------------------
